<html>
<body>
<pre>
<h1>µVision Build Log</h1>
<h2>Tool Versions:</h2>
IDE-Version: ¦ÌVision V5.38.0.0
Copyright (C) 2022 ARM Ltd and ARM Germany GmbH. All rights reserved.
License Information: 86130 8613015757858, 86130, LIC=YA39H-W5S2Q-2ZCW4-F1T78-73GTJ-4DM6B
 
Tool Versions:
Toolchain:       MDK-ARM Plus  Version: 5.38.0.0
Toolchain Path:  F:\Keil_v5\ARM\ARMCC\Bin
C Compiler:      Armcc.exe V5.06 update 7 (build 960)
Assembler:       Armasm.exe V5.06 update 7 (build 960)
Linker/Locator:  ArmLink.exe V5.06 update 7 (build 960)
Library Manager: ArmAr.exe V5.06 update 7 (build 960)
Hex Converter:   FromElf.exe V5.06 update 7 (build 960)
CPU DLL:         SARMCM3.DLL V5.38.0.0
Dialog DLL:      DCM.DLL V1.17.5.0
Target DLL:      UL2CM3.DLL V1.164.8.0
Dialog DLL:      TCM.DLL V1.56.4.0
 
<h2>Project:</h2>
G:\FreeRTOS\LwIP-RAW-TCPServer\Project\YH-F429.uvprojx
Project File Date:  08/12/2024

<h2>Output:</h2>
*** Using Compiler 'V5.06 update 7 (build 960)', folder: 'F:\Keil_v5\ARM\ARMCC\Bin'
Build target 'USART'
compiling board.c...
compiling bsp_led.c...
compiling api_lib.c...
compiling if_api.c...
compiling err.c...
compiling bsp_eth.c...
compiling bsp_debug_usart.c...
compiling api_msg.c...
compiling stm32f4xx_it.c...
compiling tcpserver.c...
compiling main.c...
compiling netbuf.c...
compiling netdb.c...
compiling netifapi.c...
compiling sockets.c...
compiling tcpip.c...
compiling autoip.c...
compiling igmp.c...
compiling icmp.c...
compiling etharp.c...
compiling ip4.c...
compiling dhcp.c...
compiling ip4_addr.c...
compiling altcp.c...
compiling ip4_frag.c...
compiling altcp_alloc.c...
compiling altcp_tcp.c...
compiling def.c...
compiling dns.c...
compiling inet_chksum.c...
compiling ip.c...
compiling init.c...
compiling mem.c...
compiling memp.c...
compiling netif.c...
compiling raw.c...
compiling sys.c...
compiling stats.c...
compiling pbuf.c...
compiling timeouts.c...
compiling tcp.c...
compiling tcp_in.c...
compiling udp.c...
compiling ethernet.c...
compiling tcp_out.c...
compiling bridgeif.c...
compiling lowpan6.c...
compiling lowpan6_ble.c...
compiling lowpan6_common.c...
compiling zepif.c...
assembling cmb_fault.S...
compiling cm_backtrace.c...
compiling ethernetif.c...
linking...
Program Size: Code=57376 RO-data=3476 RW-data=260 ZI-data=115700  
FromELF: creating hex file...
"..\Output\YH-F429.axf" - 0 Error(s), 0 Warning(s).

<h2>Software Packages used:</h2>

Package Vendor: Keil
                https://www.keil.com/pack/Keil.STM32F4xx_DFP.2.17.1.pack
                Keil.STM32F4xx_DFP.2.17.1
                STMicroelectronics STM32F4 Series Device Support, Drivers and Examples

<h2>Collection of Component include folders:</h2>
  F:/Keil_v5/Packs/Keil/STM32F4xx_DFP/2.17.1/Drivers/CMSIS/Device/ST/STM32F4xx/Include

<h2>Collection of Component Files used:</h2>
Build Time Elapsed:  00:00:08
</pre>
</body>
</html>
