Component: ARM Compiler 5.06 update 7 (build 960) Tool: armlink [4d3601]

==============================================================================

Section Cross References

    main.o(i.Task1_Entry) refers to tack.o(i.vTaskDelay) for vTaskDelay
    main.o(i.Task1_Entry) refers to main.o(.data) for flag1
    main.o(i.Task2_Entry) refers to tack.o(i.vTaskDelay) for vTaskDelay
    main.o(i.Task2_Entry) refers to main.o(.data) for flag2
    main.o(i.main) refers to tack.o(i.xTaskCreateStatic) for xTaskCreateStatic
    main.o(i.main) refers to tack.o(i.vTaskStartScheduler) for vTaskStartScheduler
    main.o(i.main) refers to main.o(.bss) for Task1TCB
    main.o(i.main) refers to main.o(i.Task1_Entry) for Task1_Entry
    main.o(i.main) refers to main.o(.data) for Task1_Handle
    main.o(i.main) refers to main.o(i.Task2_Entry) for Task2_Entry
    main.o(i.vApplicationGetIdleTaskMemory) refers to main.o(.bss) for IdleTaskTCB
    port.o(.emb_text) refers to tack.o(.data) for pxCurrentTCB
    port.o(.emb_text) refers to tack.o(i.vTaskSwitchContext) for vTaskSwitchContext
    port.o(i.SysTick_Handler) refers to tack.o(i.xTaskIncrementTick) for xTaskIncrementTick
    port.o(i.pxPortInitialiseStack) refers to port.o(i.prvTaskExitError) for prvTaskExitError
    port.o(i.vPortEnterCritical) refers to port.o(.data) for uxCriticalNesting
    port.o(i.vPortExitCritical) refers to port.o(.data) for uxCriticalNesting
    port.o(i.xPortStartScheduler) refers to port.o(i.vPortSetupTimerInterrupt) for vPortSetupTimerInterrupt
    port.o(i.xPortStartScheduler) refers to port.o(.emb_text) for prvStartFirstTask
    tack.o(i.prvAddNewTaskToReadyList) refers to port.o(i.vPortEnterCritical) for vPortEnterCritical
    tack.o(i.prvAddNewTaskToReadyList) refers to tack.o(i.prvInitialiseTaskLists) for prvInitialiseTaskLists
    tack.o(i.prvAddNewTaskToReadyList) refers to list.o(i.vListInsertEnd) for vListInsertEnd
    tack.o(i.prvAddNewTaskToReadyList) refers to port.o(i.vPortExitCritical) for vPortExitCritical
    tack.o(i.prvAddNewTaskToReadyList) refers to tack.o(.data) for uxCurrentNumberOfTasks
    tack.o(i.prvAddNewTaskToReadyList) refers to tack.o(.bss) for pxReadyTasksLists
    tack.o(i.prvInitialiseNewTask) refers to list.o(i.vListInitialiseItem) for vListInitialiseItem
    tack.o(i.prvInitialiseNewTask) refers to port.o(i.pxPortInitialiseStack) for pxPortInitialiseStack
    tack.o(i.prvInitialiseTaskLists) refers to list.o(i.vListInitialist) for vListInitialist
    tack.o(i.prvInitialiseTaskLists) refers to tack.o(.bss) for pxReadyTasksLists
    tack.o(i.vTaskDelay) refers to tack.o(.data) for pxCurrentTCB
    tack.o(i.vTaskStartScheduler) refers to main.o(i.vApplicationGetIdleTaskMemory) for vApplicationGetIdleTaskMemory
    tack.o(i.vTaskStartScheduler) refers to tack.o(i.xTaskCreateStatic) for xTaskCreateStatic
    tack.o(i.vTaskStartScheduler) refers to port.o(i.xPortStartScheduler) for xPortStartScheduler
    tack.o(i.vTaskStartScheduler) refers to tack.o(i.prvIdleTask) for prvIdleTask
    tack.o(i.vTaskStartScheduler) refers to tack.o(.data) for xIdleTaskHandle
    tack.o(i.vTaskSwitchContext) refers to tack.o(.data) for uxTopReadyPriority
    tack.o(i.vTaskSwitchContext) refers to tack.o(.bss) for pxReadyTasksLists
    tack.o(i.xTaskCreateStatic) refers to tack.o(i.prvInitialiseNewTask) for prvInitialiseNewTask
    tack.o(i.xTaskCreateStatic) refers to tack.o(i.prvAddNewTaskToReadyList) for prvAddNewTaskToReadyList
    tack.o(i.xTaskIncrementTick) refers to tack.o(.data) for xTickCount
    tack.o(i.xTaskIncrementTick) refers to tack.o(.bss) for pxReadyTasksLists
    startup_armcm3.o(RESET) refers to startup_armcm3.o(STACK) for __initial_sp
    startup_armcm3.o(RESET) refers to startup_armcm3.o(.text) for Reset_Handler
    startup_armcm3.o(RESET) refers to port.o(.emb_text) for SVC_Handler
    startup_armcm3.o(RESET) refers to port.o(i.SysTick_Handler) for SysTick_Handler
    startup_armcm3.o(.text) refers to system_armcm3.o(i.SystemInit) for SystemInit
    startup_armcm3.o(.text) refers to entry.o(.ARM.Collect$$$$00000000) for __main
    system_armcm3.o(i.SystemCoreClockUpdate) refers to system_armcm3.o(.data) for SystemCoreClock
    system_armcm3.o(i.SystemInit) refers to system_armcm3.o(.data) for SystemCoreClock
    entry.o(.ARM.Collect$$$$00000000) refers (Special) to entry10a.o(.ARM.Collect$$$$0000000F) for __rt_final_cpp
    entry.o(.ARM.Collect$$$$00000000) refers (Special) to entry11a.o(.ARM.Collect$$$$00000011) for __rt_final_exit
    entry.o(.ARM.Collect$$$$00000000) refers (Special) to entry12b.o(.ARM.Collect$$$$0000000E) for __rt_lib_shutdown_fini
    entry.o(.ARM.Collect$$$$00000000) refers (Special) to entry7b.o(.ARM.Collect$$$$00000008) for _main_clock
    entry.o(.ARM.Collect$$$$00000000) refers (Special) to entry8b.o(.ARM.Collect$$$$0000000A) for _main_cpp_init
    entry.o(.ARM.Collect$$$$00000000) refers (Special) to entry9a.o(.ARM.Collect$$$$0000000B) for _main_init
    entry.o(.ARM.Collect$$$$00000000) refers (Special) to entry5.o(.ARM.Collect$$$$00000004) for _main_scatterload
    entry.o(.ARM.Collect$$$$00000000) refers (Special) to entry2.o(.ARM.Collect$$$$00000001) for _main_stk
    entry2.o(.ARM.Collect$$$$00000001) refers to entry2.o(.ARM.Collect$$$$00002712) for __lit__00000000
    entry2.o(.ARM.Collect$$$$00002712) refers to startup_armcm3.o(STACK) for __initial_sp
    entry2.o(__vectab_stack_and_reset_area) refers to startup_armcm3.o(STACK) for __initial_sp
    entry2.o(__vectab_stack_and_reset_area) refers to entry.o(.ARM.Collect$$$$00000000) for __main
    entry5.o(.ARM.Collect$$$$00000004) refers to init.o(.text) for __scatterload
    entry9a.o(.ARM.Collect$$$$0000000B) refers to main.o(i.main) for main
    entry9b.o(.ARM.Collect$$$$0000000C) refers to main.o(i.main) for main
    init.o(.text) refers to entry5.o(.ARM.Collect$$$$00000004) for __main_after_scatterload


==============================================================================

Removing Unused input sections from the image.

    Removing main.o(i.Delay), (10 bytes).
    Removing port.o(.rev16_text), (4 bytes).
    Removing port.o(.revsh_text), (4 bytes).
    Removing port.o(.rrx_text), (6 bytes).
    Removing list.o(i.uxListRemove), (40 bytes).
    Removing list.o(i.vListInsert), (52 bytes).
    Removing startup_armcm3.o(HEAP), (3072 bytes).
    Removing system_armcm3.o(.rev16_text), (4 bytes).
    Removing system_armcm3.o(.revsh_text), (4 bytes).
    Removing system_armcm3.o(.rrx_text), (6 bytes).
    Removing system_armcm3.o(i.SystemCoreClockUpdate), (16 bytes).

11 unused section(s) (total 3218 bytes) removed from the image.

==============================================================================

Image Symbol Table

    Local Symbols

    Symbol Name                              Value     Ov Type        Size  Object(Section)

    RESET                                    0x00000000   Section      192  startup_armcm3.o(RESET)
    ../clib/microlib/init/entry.s            0x00000000   Number         0  entry11a.o ABSOLUTE
    ../clib/microlib/init/entry.s            0x00000000   Number         0  entry2.o ABSOLUTE
    ../clib/microlib/init/entry.s            0x00000000   Number         0  entry11b.o ABSOLUTE
    ../clib/microlib/init/entry.s            0x00000000   Number         0  entry5.o ABSOLUTE
    ../clib/microlib/init/entry.s            0x00000000   Number         0  entry.o ABSOLUTE
    ../clib/microlib/init/entry.s            0x00000000   Number         0  entry7a.o ABSOLUTE
    ../clib/microlib/init/entry.s            0x00000000   Number         0  entry7b.o ABSOLUTE
    ../clib/microlib/init/entry.s            0x00000000   Number         0  entry8a.o ABSOLUTE
    ../clib/microlib/init/entry.s            0x00000000   Number         0  entry8b.o ABSOLUTE
    ../clib/microlib/init/entry.s            0x00000000   Number         0  entry9a.o ABSOLUTE
    ../clib/microlib/init/entry.s            0x00000000   Number         0  entry9b.o ABSOLUTE
    ../clib/microlib/init/entry.s            0x00000000   Number         0  entry10a.o ABSOLUTE
    ../clib/microlib/init/entry.s            0x00000000   Number         0  entry10b.o ABSOLUTE
    ../clib/microlib/init/entry.s            0x00000000   Number         0  entry12b.o ABSOLUTE
    ../clib/microlib/init/entry.s            0x00000000   Number         0  entry12a.o ABSOLUTE
    ..\User\main.c                           0x00000000   Number         0  main.o ABSOLUTE
    ..\\freertos\\portable\\RVDS\\ARM_CM3\\port.c 0x00000000   Number         0  port.o ABSOLUTE
    ..\freertos\list.c                       0x00000000   Number         0  list.o ABSOLUTE
    ..\freertos\portable\RVDS\ARM_CM3\port.c 0x00000000   Number         0  port.o ABSOLUTE
    ..\freertos\tack.c                       0x00000000   Number         0  tack.o ABSOLUTE
    RTE/Device/ARMCM3/startup_ARMCM3.s       0x00000000   Number         0  startup_armcm3.o ABSOLUTE
    RTE/Device/ARMCM3/system_ARMCM3.c        0x00000000   Number         0  system_armcm3.o ABSOLUTE
    RTE\Device\ARMCM3\system_ARMCM3.c        0x00000000   Number         0  system_armcm3.o ABSOLUTE
    dc.s                                     0x00000000   Number         0  dc.o ABSOLUTE
    handlers.s                               0x00000000   Number         0  handlers.o ABSOLUTE
    init.s                                   0x00000000   Number         0  init.o ABSOLUTE
    .ARM.Collect$$$$00000000                 0x000000c0   Section        0  entry.o(.ARM.Collect$$$$00000000)
    .ARM.Collect$$$$00000001                 0x000000c0   Section        4  entry2.o(.ARM.Collect$$$$00000001)
    .ARM.Collect$$$$00000004                 0x000000c4   Section        4  entry5.o(.ARM.Collect$$$$00000004)
    .ARM.Collect$$$$00000008                 0x000000c8   Section        0  entry7b.o(.ARM.Collect$$$$00000008)
    .ARM.Collect$$$$0000000A                 0x000000c8   Section        0  entry8b.o(.ARM.Collect$$$$0000000A)
    .ARM.Collect$$$$0000000B                 0x000000c8   Section        8  entry9a.o(.ARM.Collect$$$$0000000B)
    .ARM.Collect$$$$0000000E                 0x000000d0   Section        4  entry12b.o(.ARM.Collect$$$$0000000E)
    .ARM.Collect$$$$0000000F                 0x000000d4   Section        0  entry10a.o(.ARM.Collect$$$$0000000F)
    .ARM.Collect$$$$00000011                 0x000000d4   Section        0  entry11a.o(.ARM.Collect$$$$00000011)
    .ARM.Collect$$$$00002712                 0x000000d4   Section        4  entry2.o(.ARM.Collect$$$$00002712)
    __lit__00000000                          0x000000d4   Data           4  entry2.o(.ARM.Collect$$$$00002712)
    .emb_text                                0x000000d8   Section      144  port.o(.emb_text)
    .text                                    0x00000168   Section       36  startup_armcm3.o(.text)
    .text                                    0x0000018c   Section       36  init.o(.text)
    i.SysTick_Handler                        0x000001b0   Section        0  port.o(i.SysTick_Handler)
    i.SystemInit                             0x000001d4   Section        0  system_armcm3.o(i.SystemInit)
    i.Task1_Entry                            0x000001e4   Section        0  main.o(i.Task1_Entry)
    i.Task2_Entry                            0x00000204   Section        0  main.o(i.Task2_Entry)
    i.__scatterload_copy                     0x00000224   Section       14  handlers.o(i.__scatterload_copy)
    i.__scatterload_null                     0x00000232   Section        2  handlers.o(i.__scatterload_null)
    i.__scatterload_zeroinit                 0x00000234   Section       14  handlers.o(i.__scatterload_zeroinit)
    i.main                                   0x00000244   Section        0  main.o(i.main)
    i.prvAddNewTaskToReadyList               0x000002b8   Section        0  tack.o(i.prvAddNewTaskToReadyList)
    prvAddNewTaskToReadyList                 0x000002b9   Thumb Code   110  tack.o(i.prvAddNewTaskToReadyList)
    i.prvIdleTask                            0x0000033c   Section        0  tack.o(i.prvIdleTask)
    prvIdleTask                              0x0000033d   Thumb Code     4  tack.o(i.prvIdleTask)
    i.prvInitialiseNewTask                   0x00000340   Section        0  tack.o(i.prvInitialiseNewTask)
    prvInitialiseNewTask                     0x00000341   Thumb Code   110  tack.o(i.prvInitialiseNewTask)
    i.prvInitialiseTaskLists                 0x000003b0   Section        0  tack.o(i.prvInitialiseTaskLists)
    i.prvTaskExitError                       0x000003d0   Section        0  port.o(i.prvTaskExitError)
    prvTaskExitError                         0x000003d1   Thumb Code     4  port.o(i.prvTaskExitError)
    i.pxPortInitialiseStack                  0x000003d4   Section        0  port.o(i.pxPortInitialiseStack)
    i.vApplicationGetIdleTaskMemory          0x000003f8   Section        0  main.o(i.vApplicationGetIdleTaskMemory)
    i.vListInitialiseItem                    0x00000410   Section        0  list.o(i.vListInitialiseItem)
    i.vListInitialist                        0x00000416   Section        0  list.o(i.vListInitialist)
    i.vListInsertEnd                         0x00000430   Section        0  list.o(i.vListInsertEnd)
    i.vPortEnterCritical                     0x00000448   Section        0  port.o(i.vPortEnterCritical)
    i.vPortExitCritical                      0x0000046c   Section        0  port.o(i.vPortExitCritical)
    i.vPortSetupTimerInterrupt               0x0000048c   Section        0  port.o(i.vPortSetupTimerInterrupt)
    i.vTaskDelay                             0x000004a0   Section        0  tack.o(i.vTaskDelay)
    i.vTaskStartScheduler                    0x000004d8   Section        0  tack.o(i.vTaskStartScheduler)
    i.vTaskSwitchContext                     0x00000520   Section        0  tack.o(i.vTaskSwitchContext)
    i.xPortStartScheduler                    0x00000564   Section        0  port.o(i.xPortStartScheduler)
    i.xTaskCreateStatic                      0x0000058c   Section        0  tack.o(i.xTaskCreateStatic)
    i.xTaskIncrementTick                     0x000005d0   Section        0  tack.o(i.xTaskIncrementTick)
    .data                                    0x20000000   Section       12  main.o(.data)
    .data                                    0x2000000c   Section        4  port.o(.data)
    uxCriticalNesting                        0x2000000c   Data           4  port.o(.data)
    .data                                    0x20000010   Section       24  tack.o(.data)
    uxCurrentNumberOfTasks                   0x20000014   Data           4  tack.o(.data)
    uxTaskNumber                             0x20000018   Data           4  tack.o(.data)
    xIdleTaskHandle                          0x2000001c   Data           4  tack.o(.data)
    xTickCount                               0x20000020   Data           4  tack.o(.data)
    uxTopReadyPriority                       0x20000024   Data           4  tack.o(.data)
    .data                                    0x20000028   Section        4  system_armcm3.o(.data)
    .bss                                     0x2000002c   Section     1692  main.o(.bss)
    .bss                                     0x200006c8   Section      100  tack.o(.bss)
    STACK                                    0x20000730   Section     1024  startup_armcm3.o(STACK)

    Global Symbols

    Symbol Name                              Value     Ov Type        Size  Object(Section)

    BuildAttributes$$THM_ISAv4$P$D$K$B$S$PE$A:L22UL41UL21$X:L11$S22US41US21$IEEE1$IW$USESV6$~STKCKD$USESV7$~SHL$OSPACE$EBA8$MICROLIB$REQ8$PRES8$EABIv2 0x00000000   Number         0  anon$$obj.o ABSOLUTE
    __ARM_use_no_argv                        0x00000000   Number         0  main.o ABSOLUTE
    __Vectors                                0x00000000   Data           4  startup_armcm3.o(RESET)
    __arm_fini_                               - Undefined Weak Reference
    __cpp_initialize__aeabi_                  - Undefined Weak Reference
    __cxa_finalize                            - Undefined Weak Reference
    __decompress                              - Undefined Weak Reference
    _clock_init                               - Undefined Weak Reference
    _microlib_exit                            - Undefined Weak Reference
    __Vectors_End                            0x000000c0   Data           0  startup_armcm3.o(RESET)
    __Vectors_Size                           0x000000c0   Number         0  startup_armcm3.o ABSOLUTE
    __main                                   0x000000c1   Thumb Code     0  entry.o(.ARM.Collect$$$$00000000)
    _main_stk                                0x000000c1   Thumb Code     0  entry2.o(.ARM.Collect$$$$00000001)
    _main_scatterload                        0x000000c5   Thumb Code     0  entry5.o(.ARM.Collect$$$$00000004)
    __main_after_scatterload                 0x000000c9   Thumb Code     0  entry5.o(.ARM.Collect$$$$00000004)
    _main_clock                              0x000000c9   Thumb Code     0  entry7b.o(.ARM.Collect$$$$00000008)
    _main_cpp_init                           0x000000c9   Thumb Code     0  entry8b.o(.ARM.Collect$$$$0000000A)
    _main_init                               0x000000c9   Thumb Code     0  entry9a.o(.ARM.Collect$$$$0000000B)
    __rt_lib_shutdown_fini                   0x000000d1   Thumb Code     0  entry12b.o(.ARM.Collect$$$$0000000E)
    __rt_final_cpp                           0x000000d5   Thumb Code     0  entry10a.o(.ARM.Collect$$$$0000000F)
    __rt_final_exit                          0x000000d5   Thumb Code     0  entry11a.o(.ARM.Collect$$$$00000011)
    prvStartFirstTask                        0x000000d9   Thumb Code    28  port.o(.emb_text)
    SVC_Handler                              0x000000f9   Thumb Code    32  port.o(.emb_text)
    PendSV_Handler                           0x0000011d   Thumb Code    72  port.o(.emb_text)
    Reset_Handler                            0x00000169   Thumb Code     8  startup_armcm3.o(.text)
    NMI_Handler                              0x00000171   Thumb Code     2  startup_armcm3.o(.text)
    HardFault_Handler                        0x00000173   Thumb Code     2  startup_armcm3.o(.text)
    MemManage_Handler                        0x00000175   Thumb Code     2  startup_armcm3.o(.text)
    BusFault_Handler                         0x00000177   Thumb Code     2  startup_armcm3.o(.text)
    UsageFault_Handler                       0x00000179   Thumb Code     2  startup_armcm3.o(.text)
    DebugMon_Handler                         0x0000017d   Thumb Code     2  startup_armcm3.o(.text)
    AACI_IRQHandler                          0x00000183   Thumb Code     0  startup_armcm3.o(.text)
    CAN_IRQHandler                           0x00000183   Thumb Code     0  startup_armcm3.o(.text)
    CHLCD_IRQHandler                         0x00000183   Thumb Code     0  startup_armcm3.o(.text)
    CLCD_IRQHandler                          0x00000183   Thumb Code     0  startup_armcm3.o(.text)
    CPU_CLCD_IRQHandler                      0x00000183   Thumb Code     0  startup_armcm3.o(.text)
    ENET_IRQHandler                          0x00000183   Thumb Code     0  startup_armcm3.o(.text)
    FLEXRAY_IRQHandler                       0x00000183   Thumb Code     0  startup_armcm3.o(.text)
    I2C_IRQHandler                           0x00000183   Thumb Code     0  startup_armcm3.o(.text)
    LIN_IRQHandler                           0x00000183   Thumb Code     0  startup_armcm3.o(.text)
    MCIA_IRQHandler                          0x00000183   Thumb Code     0  startup_armcm3.o(.text)
    MCIB_IRQHandler                          0x00000183   Thumb Code     0  startup_armcm3.o(.text)
    RTC_IRQHandler                           0x00000183   Thumb Code     0  startup_armcm3.o(.text)
    SPI_IRQHandler                           0x00000183   Thumb Code     0  startup_armcm3.o(.text)
    TIM0_IRQHandler                          0x00000183   Thumb Code     0  startup_armcm3.o(.text)
    TIM2_IRQHandler                          0x00000183   Thumb Code     0  startup_armcm3.o(.text)
    UART0_IRQHandler                         0x00000183   Thumb Code     0  startup_armcm3.o(.text)
    UART1_IRQHandler                         0x00000183   Thumb Code     0  startup_armcm3.o(.text)
    UART2_IRQHandler                         0x00000183   Thumb Code     0  startup_armcm3.o(.text)
    UART3_IRQHandler                         0x00000183   Thumb Code     0  startup_armcm3.o(.text)
    UART4_IRQHandler                         0x00000183   Thumb Code     0  startup_armcm3.o(.text)
    USBDC_IRQHandler                         0x00000183   Thumb Code     0  startup_armcm3.o(.text)
    USBHC_IRQHandler                         0x00000183   Thumb Code     0  startup_armcm3.o(.text)
    WDT_IRQHandler                           0x00000183   Thumb Code     0  startup_armcm3.o(.text)
    __scatterload                            0x0000018d   Thumb Code    28  init.o(.text)
    __scatterload_rt2                        0x0000018d   Thumb Code     0  init.o(.text)
    SysTick_Handler                          0x000001b1   Thumb Code    36  port.o(i.SysTick_Handler)
    SystemInit                               0x000001d5   Thumb Code     8  system_armcm3.o(i.SystemInit)
    Task1_Entry                              0x000001e5   Thumb Code    28  main.o(i.Task1_Entry)
    Task2_Entry                              0x00000205   Thumb Code    28  main.o(i.Task2_Entry)
    __scatterload_copy                       0x00000225   Thumb Code    14  handlers.o(i.__scatterload_copy)
    __scatterload_null                       0x00000233   Thumb Code     2  handlers.o(i.__scatterload_null)
    __scatterload_zeroinit                   0x00000235   Thumb Code    14  handlers.o(i.__scatterload_zeroinit)
    main                                     0x00000245   Thumb Code    66  main.o(i.main)
    prvInitialiseTaskLists                   0x000003b1   Thumb Code    28  tack.o(i.prvInitialiseTaskLists)
    pxPortInitialiseStack                    0x000003d5   Thumb Code    30  port.o(i.pxPortInitialiseStack)
    vApplicationGetIdleTaskMemory            0x000003f9   Thumb Code    14  main.o(i.vApplicationGetIdleTaskMemory)
    vListInitialiseItem                      0x00000411   Thumb Code     6  list.o(i.vListInitialiseItem)
    vListInitialist                          0x00000417   Thumb Code    26  list.o(i.vListInitialist)
    vListInsertEnd                           0x00000431   Thumb Code    24  list.o(i.vListInsertEnd)
    vPortEnterCritical                       0x00000449   Thumb Code    30  port.o(i.vPortEnterCritical)
    vPortExitCritical                        0x0000046d   Thumb Code    28  port.o(i.vPortExitCritical)
    vPortSetupTimerInterrupt                 0x0000048d   Thumb Code    14  port.o(i.vPortSetupTimerInterrupt)
    vTaskDelay                               0x000004a1   Thumb Code    44  tack.o(i.vTaskDelay)
    vTaskStartScheduler                      0x000004d9   Thumb Code    56  tack.o(i.vTaskStartScheduler)
    vTaskSwitchContext                       0x00000521   Thumb Code    54  tack.o(i.vTaskSwitchContext)
    xPortStartScheduler                      0x00000565   Thumb Code    36  port.o(i.xPortStartScheduler)
    xTaskCreateStatic                        0x0000058d   Thumb Code    66  tack.o(i.xTaskCreateStatic)
    xTaskIncrementTick                       0x000005d1   Thumb Code    90  tack.o(i.xTaskIncrementTick)
    Region$$Table$$Base                      0x0000063c   Number         0  anon$$obj.o(Region$$Table)
    Region$$Table$$Limit                     0x0000065c   Number         0  anon$$obj.o(Region$$Table)
    flag1                                    0x20000000   Data           1  main.o(.data)
    flag2                                    0x20000001   Data           1  main.o(.data)
    Task1_Handle                             0x20000004   Data           4  main.o(.data)
    Task2_Handle                             0x20000008   Data           4  main.o(.data)
    pxCurrentTCB                             0x20000010   Data           4  tack.o(.data)
    SystemCoreClock                          0x20000028   Data           4  system_armcm3.o(.data)
    Task1Stack                               0x2000002c   Data         512  main.o(.bss)
    Task2Stack                               0x2000022c   Data         512  main.o(.bss)
    Task1TCB                                 0x2000042c   Data          52  main.o(.bss)
    Task2TCB                                 0x20000460   Data          52  main.o(.bss)
    IdleTaskStack                            0x20000494   Data         512  main.o(.bss)
    IdleTaskTCB                              0x20000694   Data          52  main.o(.bss)
    pxReadyTasksLists                        0x200006c8   Data         100  tack.o(.bss)
    __initial_sp                             0x20000b30   Data           0  startup_armcm3.o(STACK)



==============================================================================

Memory Map of the image

  Image Entry point : 0x000000c1

  Load Region LR_IROM1 (Base: 0x00000000, Size: 0x00000688, Max: 0x00040000, ABSOLUTE)

    Execution Region ER_IROM1 (Exec base: 0x00000000, Load base: 0x00000000, Size: 0x0000065c, Max: 0x00040000, ABSOLUTE)

    Exec Addr    Load Addr    Size         Type   Attr      Idx    E Section Name        Object

    0x00000000   0x00000000   0x000000c0   Data   RO          272    RESET               startup_armcm3.o
    0x000000c0   0x000000c0   0x00000000   Code   RO          313  * .ARM.Collect$$$$00000000  mc_w.l(entry.o)
    0x000000c0   0x000000c0   0x00000004   Code   RO          316    .ARM.Collect$$$$00000001  mc_w.l(entry2.o)
    0x000000c4   0x000000c4   0x00000004   Code   RO          319    .ARM.Collect$$$$00000004  mc_w.l(entry5.o)
    0x000000c8   0x000000c8   0x00000000   Code   RO          321    .ARM.Collect$$$$00000008  mc_w.l(entry7b.o)
    0x000000c8   0x000000c8   0x00000000   Code   RO          323    .ARM.Collect$$$$0000000A  mc_w.l(entry8b.o)
    0x000000c8   0x000000c8   0x00000008   Code   RO          324    .ARM.Collect$$$$0000000B  mc_w.l(entry9a.o)
    0x000000d0   0x000000d0   0x00000004   Code   RO          331    .ARM.Collect$$$$0000000E  mc_w.l(entry12b.o)
    0x000000d4   0x000000d4   0x00000000   Code   RO          326    .ARM.Collect$$$$0000000F  mc_w.l(entry10a.o)
    0x000000d4   0x000000d4   0x00000000   Code   RO          328    .ARM.Collect$$$$00000011  mc_w.l(entry11a.o)
    0x000000d4   0x000000d4   0x00000004   Code   RO          317    .ARM.Collect$$$$00002712  mc_w.l(entry2.o)
    0x000000d8   0x000000d8   0x00000090   Code   RO           74    .emb_text           port.o
    0x00000168   0x00000168   0x00000024   Code   RO          273    .text               startup_armcm3.o
    0x0000018c   0x0000018c   0x00000024   Code   RO          332    .text               mc_w.l(init.o)
    0x000001b0   0x000001b0   0x00000024   Code   RO           75    i.SysTick_Handler   port.o
    0x000001d4   0x000001d4   0x00000010   Code   RO          281    i.SystemInit        system_armcm3.o
    0x000001e4   0x000001e4   0x00000020   Code   RO            2    i.Task1_Entry       main.o
    0x00000204   0x00000204   0x00000020   Code   RO            3    i.Task2_Entry       main.o
    0x00000224   0x00000224   0x0000000e   Code   RO          336    i.__scatterload_copy  mc_w.l(handlers.o)
    0x00000232   0x00000232   0x00000002   Code   RO          337    i.__scatterload_null  mc_w.l(handlers.o)
    0x00000234   0x00000234   0x0000000e   Code   RO          338    i.__scatterload_zeroinit  mc_w.l(handlers.o)
    0x00000242   0x00000242   0x00000002   PAD
    0x00000244   0x00000244   0x00000074   Code   RO            4    i.main              main.o
    0x000002b8   0x000002b8   0x00000084   Code   RO          208    i.prvAddNewTaskToReadyList  tack.o
    0x0000033c   0x0000033c   0x00000004   Code   RO          209    i.prvIdleTask       tack.o
    0x00000340   0x00000340   0x0000006e   Code   RO          210    i.prvInitialiseNewTask  tack.o
    0x000003ae   0x000003ae   0x00000002   PAD
    0x000003b0   0x000003b0   0x00000020   Code   RO          211    i.prvInitialiseTaskLists  tack.o
    0x000003d0   0x000003d0   0x00000004   Code   RO           76    i.prvTaskExitError  port.o
    0x000003d4   0x000003d4   0x00000024   Code   RO           77    i.pxPortInitialiseStack  port.o
    0x000003f8   0x000003f8   0x00000018   Code   RO            5    i.vApplicationGetIdleTaskMemory  main.o
    0x00000410   0x00000410   0x00000006   Code   RO          170    i.vListInitialiseItem  list.o
    0x00000416   0x00000416   0x0000001a   Code   RO          171    i.vListInitialist   list.o
    0x00000430   0x00000430   0x00000018   Code   RO          173    i.vListInsertEnd    list.o
    0x00000448   0x00000448   0x00000024   Code   RO           78    i.vPortEnterCritical  port.o
    0x0000046c   0x0000046c   0x00000020   Code   RO           79    i.vPortExitCritical  port.o
    0x0000048c   0x0000048c   0x00000014   Code   RO           80    i.vPortSetupTimerInterrupt  port.o
    0x000004a0   0x000004a0   0x00000038   Code   RO          212    i.vTaskDelay        tack.o
    0x000004d8   0x000004d8   0x00000048   Code   RO          213    i.vTaskStartScheduler  tack.o
    0x00000520   0x00000520   0x00000044   Code   RO          214    i.vTaskSwitchContext  tack.o
    0x00000564   0x00000564   0x00000028   Code   RO           81    i.xPortStartScheduler  port.o
    0x0000058c   0x0000058c   0x00000042   Code   RO          215    i.xTaskCreateStatic  tack.o
    0x000005ce   0x000005ce   0x00000002   PAD
    0x000005d0   0x000005d0   0x0000006c   Code   RO          216    i.xTaskIncrementTick  tack.o
    0x0000063c   0x0000063c   0x00000020   Data   RO          334    Region$$Table       anon$$obj.o


    Execution Region RW_IRAM1 (Exec base: 0x20000000, Load base: 0x0000065c, Size: 0x00000b30, Max: 0x00020000, ABSOLUTE)

    Exec Addr    Load Addr    Size         Type   Attr      Idx    E Section Name        Object

    0x20000000   0x0000065c   0x0000000c   Data   RW            7    .data               main.o
    0x2000000c   0x00000668   0x00000004   Data   RW           82    .data               port.o
    0x20000010   0x0000066c   0x00000018   Data   RW          218    .data               tack.o
    0x20000028   0x00000684   0x00000004   Data   RW          282    .data               system_armcm3.o
    0x2000002c        -       0x0000069c   Zero   RW            6    .bss                main.o
    0x200006c8        -       0x00000064   Zero   RW          217    .bss                tack.o
    0x2000072c   0x00000688   0x00000004   PAD
    0x20000730        -       0x00000400   Zero   RW          270    STACK               startup_armcm3.o


==============================================================================

Image component sizes


      Code (inc. data)   RO Data    RW Data    ZI Data      Debug   Object Name

        56          0          0          0          0       1749   list.o
       204         68          0         12       1692      12661   main.o
       348         38          0          4          0       7504   port.o
        36          8        192          0       1024        776   startup_armcm3.o
        16          8          0          4          0        651   system_armcm3.o
       648         86          0         24        100       6831   tack.o

    ----------------------------------------------------------------------
      1312        208        224         44       2820      30172   Object Totals
         0          0         32          0          0          0   (incl. Generated)
         4          0          0          0          4          0   (incl. Padding)

    ----------------------------------------------------------------------

      Code (inc. data)   RO Data    RW Data    ZI Data      Debug   Library Member Name

         0          0          0          0          0          0   entry.o
         0          0          0          0          0          0   entry10a.o
         0          0          0          0          0          0   entry11a.o
         4          0          0          0          0          0   entry12b.o
         8          4          0          0          0          0   entry2.o
         4          0          0          0          0          0   entry5.o
         0          0          0          0          0          0   entry7b.o
         0          0          0          0          0          0   entry8b.o
         8          4          0          0          0          0   entry9a.o
        30          0          0          0          0          0   handlers.o
        36          8          0          0          0         68   init.o

    ----------------------------------------------------------------------
        92         16          0          0          0         68   Library Totals
         2          0          0          0          0          0   (incl. Padding)

    ----------------------------------------------------------------------

      Code (inc. data)   RO Data    RW Data    ZI Data      Debug   Library Name

        90         16          0          0          0         68   mc_w.l

    ----------------------------------------------------------------------
        92         16          0          0          0         68   Library Totals

    ----------------------------------------------------------------------

==============================================================================


      Code (inc. data)   RO Data    RW Data    ZI Data      Debug   

      1404        224        224         44       2820      29248   Grand Totals
      1404        224        224         44       2820      29248   ELF Image Totals
      1404        224        224         44          0          0   ROM Totals

==============================================================================

    Total RO  Size (Code + RO Data)                 1628 (   1.59kB)
    Total RW  Size (RW Data + ZI Data)              2864 (   2.80kB)
    Total ROM Size (Code + RO Data + RW Data)       1672 (   1.63kB)

==============================================================================

