Component: ARM Compiler 5.06 update 7 (build 960) Tool: armlink [4d3601]

==============================================================================

Section Cross References

    startup_stm32f429xx.o(RESET) refers to startup_stm32f429xx.o(STACK) for __initial_sp
    startup_stm32f429xx.o(RESET) refers to startup_stm32f429xx.o(.text) for Reset_Handler
    startup_stm32f429xx.o(RESET) refers to stm32f4xx_it.o(i.NMI_Handler) for NMI_Handler
    startup_stm32f429xx.o(RESET) refers to cmb_fault.o(.text) for HardFault_Handler
    startup_stm32f429xx.o(RESET) refers to stm32f4xx_it.o(i.MemManage_Handler) for MemManage_Handler
    startup_stm32f429xx.o(RESET) refers to stm32f4xx_it.o(i.BusFault_Handler) for BusFault_Handler
    startup_stm32f429xx.o(RESET) refers to stm32f4xx_it.o(i.UsageFault_Handler) for UsageFault_Handler
    startup_stm32f429xx.o(RESET) refers to port.o(.emb_text) for SVC_Handler
    startup_stm32f429xx.o(RESET) refers to stm32f4xx_it.o(i.DebugMon_Handler) for DebugMon_Handler
    startup_stm32f429xx.o(RESET) refers to stm32f4xx_it.o(i.SysTick_Handler) for SysTick_Handler
    startup_stm32f429xx.o(RESET) refers to bsp_eth.o(i.ETH_IRQHandler) for ETH_IRQHandler
    startup_stm32f429xx.o(.text) refers to system_stm32f4xx.o(i.SystemInit) for SystemInit
    startup_stm32f429xx.o(.text) refers to entry.o(.ARM.Collect$$$$00000000) for __main
    system_stm32f4xx.o(i.SystemCoreClockUpdate) refers to system_stm32f4xx.o(.data) for SystemCoreClock
    system_stm32f4xx.o(i.SystemCoreClockUpdate) refers to system_stm32f4xx.o(.constdata) for AHBPrescTable
    stm32f4xx_hal.o(i.HAL_DeInit) refers to stm32f4xx_hal.o(i.HAL_MspDeInit) for HAL_MspDeInit
    stm32f4xx_hal.o(i.HAL_Delay) refers to stm32f4xx_hal.o(i.HAL_GetTick) for HAL_GetTick
    stm32f4xx_hal.o(i.HAL_Delay) refers to stm32f4xx_hal.o(.data) for uwTickFreq
    stm32f4xx_hal.o(i.HAL_GetTick) refers to stm32f4xx_hal.o(.data) for uwTick
    stm32f4xx_hal.o(i.HAL_GetTickFreq) refers to stm32f4xx_hal.o(.data) for uwTickFreq
    stm32f4xx_hal.o(i.HAL_GetTickPrio) refers to stm32f4xx_hal.o(.data) for uwTickPrio
    stm32f4xx_hal.o(i.HAL_IncTick) refers to stm32f4xx_hal.o(.data) for uwTick
    stm32f4xx_hal.o(i.HAL_Init) refers to stm32f4xx_hal_cortex.o(i.HAL_NVIC_SetPriorityGrouping) for HAL_NVIC_SetPriorityGrouping
    stm32f4xx_hal.o(i.HAL_Init) refers to stm32f4xx_hal.o(i.HAL_InitTick) for HAL_InitTick
    stm32f4xx_hal.o(i.HAL_Init) refers to stm32f4xx_hal.o(i.HAL_MspInit) for HAL_MspInit
    stm32f4xx_hal.o(i.HAL_InitTick) refers to stm32f4xx_hal_cortex.o(i.HAL_SYSTICK_Config) for HAL_SYSTICK_Config
    stm32f4xx_hal.o(i.HAL_InitTick) refers to stm32f4xx_hal_cortex.o(i.HAL_NVIC_SetPriority) for HAL_NVIC_SetPriority
    stm32f4xx_hal.o(i.HAL_InitTick) refers to stm32f4xx_hal.o(.data) for uwTickFreq
    stm32f4xx_hal.o(i.HAL_InitTick) refers to system_stm32f4xx.o(.data) for SystemCoreClock
    stm32f4xx_hal.o(i.HAL_SetTickFreq) refers to stm32f4xx_hal.o(i.HAL_InitTick) for HAL_InitTick
    stm32f4xx_hal.o(i.HAL_SetTickFreq) refers to stm32f4xx_hal.o(.data) for uwTickFreq
    stm32f4xx_hal_adc.o(i.ADC_DMAConvCplt) refers to stm32f4xx_hal_adc.o(i.HAL_ADC_ConvCpltCallback) for HAL_ADC_ConvCpltCallback
    stm32f4xx_hal_adc.o(i.ADC_DMAError) refers to stm32f4xx_hal_adc.o(i.HAL_ADC_ErrorCallback) for HAL_ADC_ErrorCallback
    stm32f4xx_hal_adc.o(i.ADC_DMAHalfConvCplt) refers to stm32f4xx_hal_adc.o(i.HAL_ADC_ConvHalfCpltCallback) for HAL_ADC_ConvHalfCpltCallback
    stm32f4xx_hal_adc.o(i.HAL_ADC_ConfigChannel) refers to system_stm32f4xx.o(.data) for SystemCoreClock
    stm32f4xx_hal_adc.o(i.HAL_ADC_DeInit) refers to stm32f4xx_hal_adc.o(i.HAL_ADC_MspDeInit) for HAL_ADC_MspDeInit
    stm32f4xx_hal_adc.o(i.HAL_ADC_IRQHandler) refers to stm32f4xx_hal_adc.o(i.HAL_ADC_ConvCpltCallback) for HAL_ADC_ConvCpltCallback
    stm32f4xx_hal_adc.o(i.HAL_ADC_IRQHandler) refers to stm32f4xx_hal_adc_ex.o(i.HAL_ADCEx_InjectedConvCpltCallback) for HAL_ADCEx_InjectedConvCpltCallback
    stm32f4xx_hal_adc.o(i.HAL_ADC_IRQHandler) refers to stm32f4xx_hal_adc.o(i.HAL_ADC_LevelOutOfWindowCallback) for HAL_ADC_LevelOutOfWindowCallback
    stm32f4xx_hal_adc.o(i.HAL_ADC_IRQHandler) refers to stm32f4xx_hal_adc.o(i.HAL_ADC_ErrorCallback) for HAL_ADC_ErrorCallback
    stm32f4xx_hal_adc.o(i.HAL_ADC_Init) refers to stm32f4xx_hal_adc.o(i.HAL_ADC_MspInit) for HAL_ADC_MspInit
    stm32f4xx_hal_adc.o(i.HAL_ADC_Init) refers to stm32f4xx_hal_adc.o(i.ADC_Init) for ADC_Init
    stm32f4xx_hal_adc.o(i.HAL_ADC_PollForConversion) refers to stm32f4xx_hal.o(i.HAL_GetTick) for HAL_GetTick
    stm32f4xx_hal_adc.o(i.HAL_ADC_PollForEvent) refers to stm32f4xx_hal.o(i.HAL_GetTick) for HAL_GetTick
    stm32f4xx_hal_adc.o(i.HAL_ADC_Start) refers to system_stm32f4xx.o(.data) for SystemCoreClock
    stm32f4xx_hal_adc.o(i.HAL_ADC_Start_DMA) refers to stm32f4xx_hal_dma.o(i.HAL_DMA_Start_IT) for HAL_DMA_Start_IT
    stm32f4xx_hal_adc.o(i.HAL_ADC_Start_DMA) refers to system_stm32f4xx.o(.data) for SystemCoreClock
[...]
    HAL_RCC_OscConfig                        0x08001e7d   Thumb Code  1086  stm32f4xx_hal_rcc.o(i.HAL_RCC_OscConfig)
    HAL_SYSTICK_Config                       0x080022c5   Thumb Code    52  stm32f4xx_hal_cortex.o(i.HAL_SYSTICK_Config)
    HAL_UART_Init                            0x080022f9   Thumb Code   114  stm32f4xx_hal_uart.o(i.HAL_UART_Init)
    HAL_UART_MspInit                         0x0800236d   Thumb Code   170  bsp_debug_usart.o(i.HAL_UART_MspInit)
    HAL_UART_Transmit                        0x08002421   Thumb Code   214  stm32f4xx_hal_uart.o(i.HAL_UART_Transmit)
    LED_GPIO_Config                          0x080024f9   Thumb Code   168  bsp_led.o(i.LED_GPIO_Config)
    MemManage_Handler                        0x080025a9   Thumb Code     4  stm32f4xx_it.o(i.MemManage_Handler)
    NMI_Handler                              0x080025ad   Thumb Code     2  stm32f4xx_it.o(i.NMI_Handler)
    SysTick_Handler                          0x080025e9   Thumb Code    52  stm32f4xx_it.o(i.SysTick_Handler)
    SystemInit                               0x080026c5   Thumb Code    82  system_stm32f4xx.o(i.SystemInit)
    TCPIP_Init                               0x08002729   Thumb Code   120  sys_arch.o(i.TCPIP_Init)
    UsageFault_Handler                       0x08002bed   Thumb Code     4  stm32f4xx_it.o(i.UsageFault_Handler)
    __0printf$8                              0x08002bf1   Thumb Code    22  printf8.o(i.__0printf$8)
    __1printf$8                              0x08002bf1   Thumb Code     0  printf8.o(i.__0printf$8)
    __2printf                                0x08002bf1   Thumb Code     0  printf8.o(i.__0printf$8)
    __0sprintf$8                             0x08002c11   Thumb Code    34  printf8.o(i.__0sprintf$8)
    __1sprintf$8                             0x08002c11   Thumb Code     0  printf8.o(i.__0sprintf$8)
    __2sprintf                               0x08002c11   Thumb Code     0  printf8.o(i.__0sprintf$8)
    __scatterload_copy                       0x08002c39   Thumb Code    14  handlers.o(i.__scatterload_copy)
    __scatterload_null                       0x08002c47   Thumb Code     2  handlers.o(i.__scatterload_null)
    __scatterload_zeroinit                   0x08002c49   Thumb Code    14  handlers.o(i.__scatterload_zeroinit)
    cm_backtrace_call_stack                  0x080031f1   Thumb Code   272  cm_backtrace.o(i.cm_backtrace_call_stack)
    cm_backtrace_fault                       0x0800331d   Thumb Code   414  cm_backtrace.o(i.cm_backtrace_fault)
    cm_backtrace_firmware_info               0x0800358d   Thumb Code    24  cm_backtrace.o(i.cm_backtrace_firmware_info)
    etharp_cleanup_netif                     0x080038d5   Thumb Code    50  etharp.o(i.etharp_cleanup_netif)
    etharp_input                             0x08003bc5   Thumb Code   192  etharp.o(i.etharp_input)
    etharp_output                            0x08003c95   Thumb Code   368  etharp.o(i.etharp_output)
    etharp_query                             0x08003f3d   Thumb Code   442  etharp.o(i.etharp_query)
    etharp_request                           0x08004271   Thumb Code    18  etharp.o(i.etharp_request)
    etharp_tmr                               0x080042b5   Thumb Code   214  etharp.o(i.etharp_tmr)
    ethernet_input                           0x08004485   Thumb Code   190  ethernet.o(i.ethernet_input)
    ethernet_output                          0x08004549   Thumb Code   104  ethernet.o(i.ethernet_output)
    ethernetif_init                          0x080045e5   Thumb Code    90  ethernetif.o(i.ethernetif_init)
    ethernetif_input                         0x08004685   Thumb Code    72  ethernetif.o(i.ethernetif_input)
    fputc                                    0x080049d9   Thumb Code    22  bsp_debug_usart.o(i.fputc)
    http_server_netconn_init                 0x080049f5   Thumb Code    20  httpserver_netconn.o(i.http_server_netconn_init)
    httpserver_send_html                     0x08004be1   Thumb Code    84  httpserver_netconn.o(i.httpserver_send_html)
    icmp_dest_unreach                        0x08004c45   Thumb Code    18  icmp.o(i.icmp_dest_unreach)
    icmp_input                               0x08004c59   Thumb Code   464  icmp.o(i.icmp_input)
    icmp_time_exceeded                       0x08004f55   Thumb Code    18  icmp.o(i.icmp_time_exceeded)
    igmp_init                                0x08004f91   Thumb Code    14  igmp.o(i.igmp_init)
    igmp_input                               0x08004fb1   Thumb Code   214  igmp.o(i.igmp_input)
    igmp_lookfor_group                       0x080050c9   Thumb Code    32  igmp.o(i.igmp_lookfor_group)
    igmp_report_groups                       0x080051b5   Thumb Code    28  igmp.o(i.igmp_report_groups)
    igmp_start                               0x080052a9   Thumb Code    50  igmp.o(i.igmp_start)
    igmp_tmr                                 0x08005335   Thumb Code    50  igmp.o(i.igmp_tmr)
    inet_chksum                              0x0800536d   Thumb Code    20  inet_chksum.o(i.inet_chksum)
    inet_chksum_pbuf                         0x08005381   Thumb Code    86  inet_chksum.o(i.inet_chksum_pbuf)
    inet_chksum_pseudo                       0x080053d7   Thumb Code    76  inet_chksum.o(i.inet_chksum_pseudo)
    ip4_addr_isbroadcast_u32                 0x080054a7   Thumb Code    78  ip4_addr.o(i.ip4_addr_isbroadcast_u32)
    ip4_frag                                 0x080054f5   Thumb Code   514  ip4_frag.o(i.ip4_frag)
    ip4_input                                0x08005749   Thumb Code   486  ip4.o(i.ip4_input)
    ip4_output_if                            0x08005971   Thumb Code    52  ip4.o(i.ip4_output_if)
    ip4_output_if_opt                        0x080059a5   Thumb Code    68  ip4.o(i.ip4_output_if_opt)
    ip4_output_if_opt_src                    0x080059e9   Thumb Code   454  ip4.o(i.ip4_output_if_opt_src)
    ip4_reass                                0x08005bf5   Thumb Code   570  ip4_frag.o(i.ip4_reass)
    ip4_route                                0x08005e81   Thumb Code   162  ip4.o(i.ip4_route)
    ip_chksum_pseudo                         0x08005f31   Thumb Code    36  inet_chksum.o(i.ip_chksum_pseudo)
    ip_reass_tmr                             0x0800648d   Thumb Code    48  ip4_frag.o(i.ip_reass_tmr)
    lwip_htonl                               0x08006965   Thumb Code    26  def.o(i.lwip_htonl)
    lwip_htons                               0x0800697f   Thumb Code    12  def.o(i.lwip_htons)
    lwip_init                                0x0800698d   Thumb Code    64  init.o(i.lwip_init)
    lwip_netconn_do_bind                     0x080069d1   Thumb Code    76  api_msg.o(i.lwip_netconn_do_bind)
    lwip_netconn_do_close                    0x08006a1d   Thumb Code   190  api_msg.o(i.lwip_netconn_do_close)
    lwip_netconn_do_delconn                  0x08006e69   Thumb Code   320  api_msg.o(i.lwip_netconn_do_delconn)
    lwip_netconn_do_listen                   0x08007005   Thumb Code   220  api_msg.o(i.lwip_netconn_do_listen)
    lwip_netconn_do_newconn                  0x080070e5   Thumb Code    24  api_msg.o(i.lwip_netconn_do_newconn)
    lwip_netconn_do_recv                     0x080070fd   Thumb Code    72  api_msg.o(i.lwip_netconn_do_recv)
    lwip_netconn_do_write                    0x08007145   Thumb Code   192  api_msg.o(i.lwip_netconn_do_write)
    lwip_netconn_is_err_msg                  0x08007649   Thumb Code    68  api_msg.o(i.lwip_netconn_is_err_msg)
    lwip_standard_chksum                     0x080076a5   Thumb Code    94  inet_chksum.o(i.lwip_standard_chksum)
    main                                     0x08007705   Thumb Code    50  main.o(i.main)
    mem_free                                 0x08007751   Thumb Code   228  mem.o(i.mem_free)
    mem_init                                 0x080078e1   Thumb Code    98  mem.o(i.mem_init)
    mem_malloc                               0x080079cd   Thumb Code   380  mem.o(i.mem_malloc)
    mem_trim                                 0x08007c19   Thumb Code   380  mem.o(i.mem_trim)
    memp_free                                0x08007df1   Thumb Code    46  memp.o(i.memp_free)
    memp_init                                0x08007e41   Thumb Code    26  memp.o(i.memp_init)
    memp_init_pool                           0x08007e61   Thumb Code    44  memp.o(i.memp_init_pool)
    memp_malloc                              0x08007e8d   Thumb Code    42  memp.o(i.memp_malloc)
    netbuf_data                              0x08007edd   Thumb Code   100  netbuf.o(i.netbuf_data)
    netbuf_delete                            0x08007f99   Thumb Code    32  netbuf.o(i.netbuf_delete)
    netconn_accept                           0x08007fb9   Thumb Code   200  api_lib.o(i.netconn_accept)
    netconn_alloc                            0x080080c1   Thumb Code   170  api_msg.o(i.netconn_alloc)
    netconn_bind                             0x080081b9   Thumb Code    60  api_lib.o(i.netconn_bind)
    netconn_close                            0x08008219   Thumb Code    14  api_lib.o(i.netconn_close)
    netconn_delete                           0x08008285   Thumb Code    30  api_lib.o(i.netconn_delete)
    netconn_err                              0x0800834d   Thumb Code    34  api_lib.o(i.netconn_err)
    netconn_free                             0x08008371   Thumb Code    96  api_msg.o(i.netconn_free)
    netconn_listen_with_backlog              0x08008479   Thumb Code    48  api_lib.o(i.netconn_listen_with_backlog)
    netconn_new_with_proto_and_callback      0x080084cd   Thumb Code   176  api_lib.o(i.netconn_new_with_proto_and_callback)
    netconn_prepare_delete                   0x080085fd   Thumb Code    42  api_lib.o(i.netconn_prepare_delete)
    netconn_recv                             0x0800862d   Thumb Code   160  api_lib.o(i.netconn_recv)
    netconn_write_partly                     0x080089c5   Thumb Code    40  api_lib.o(i.netconn_write_partly)
    netconn_write_vectors_partly             0x080089ed   Thumb Code   282  api_lib.o(i.netconn_write_vectors_partly)
    netif_add                                0x08008b71   Thumb Code   302  netif.o(i.netif_add)
    netif_get_by_index                       0x08008e11   Thumb Code    36  netif.o(i.netif_get_by_index)
    netif_init                               0x08008e39   Thumb Code     2  netif.o(i.netif_init)
    netif_set_addr                           0x08008ec5   Thumb Code    92  netif.o(i.netif_set_addr)
    netif_set_default                        0x08008f25   Thumb Code     6  netif.o(i.netif_set_default)
    netif_set_down                           0x08008f31   Thumb Code    68  netif.o(i.netif_set_down)
    netif_set_up                             0x08008f95   Thumb Code    60  netif.o(i.netif_set_up)
    pbuf_add_header                          0x08008fed   Thumb Code    18  pbuf.o(i.pbuf_add_header)
    pbuf_alloc                               0x08009089   Thumb Code   374  pbuf.o(i.pbuf_alloc)
    pbuf_alloc_reference                     0x080092ad   Thumb Code    70  pbuf.o(i.pbuf_alloc_reference)
    pbuf_alloced_custom                      0x08009309   Thumb Code    82  pbuf.o(i.pbuf_alloced_custom)
    pbuf_cat                                 0x0800935d   Thumb Code   100  pbuf.o(i.pbuf_cat)
    pbuf_clen                                0x08009439   Thumb Code    18  pbuf.o(i.pbuf_clen)
    pbuf_clone                               0x0800944d   Thumb Code    60  pbuf.o(i.pbuf_clone)
    pbuf_copy                                0x0800949d   Thumb Code   252  pbuf.o(i.pbuf_copy)
    pbuf_copy_partial                        0x08009639   Thumb Code   148  pbuf.o(i.pbuf_copy_partial)
    pbuf_free                                0x08009711   Thumb Code   204  pbuf.o(i.pbuf_free)
    pbuf_header_force                        0x08009839   Thumb Code    18  pbuf.o(i.pbuf_header_force)
    pbuf_realloc                             0x0800988d   Thumb Code   164  pbuf.o(i.pbuf_realloc)
    pbuf_ref                                 0x0800997d   Thumb Code    50  pbuf.o(i.pbuf_ref)
    pbuf_remove_header                       0x080099c5   Thumb Code    94  pbuf.o(i.pbuf_remove_header)
    pvPortMalloc                             0x0800a3d5   Thumb Code   262  heap_4.o(i.pvPortMalloc)
    pvTaskIncrementMutexHeldCount            0x0800a525   Thumb Code    26  tasks.o(i.pvTaskIncrementMutexHeldCount)
    pxPortInitialiseStack                    0x0800a545   Thumb Code    38  port.o(i.pxPortInitialiseStack)
    sys_arch_mbox_fetch                      0x0800a901   Thumb Code    74  sys_arch.o(i.sys_arch_mbox_fetch)
    sys_arch_mbox_tryfetch                   0x0800a94b   Thumb Code    36  sys_arch.o(i.sys_arch_mbox_tryfetch)
    sys_arch_protect                         0x0800a96f   Thumb Code    10  sys_arch.o(i.sys_arch_protect)
    sys_arch_sem_wait                        0x0800a979   Thumb Code    72  sys_arch.o(i.sys_arch_sem_wait)
    sys_arch_unprotect                       0x0800a9c1   Thumb Code    10  sys_arch.o(i.sys_arch_unprotect)
    sys_check_timeouts                       0x0800a9cd   Thumb Code    74  timeouts.o(i.sys_check_timeouts)
    sys_init                                 0x0800aa21   Thumb Code    34  sys_arch.o(i.sys_init)
    sys_mbox_free                            0x0800aa4d   Thumb Code    18  sys_arch.o(i.sys_mbox_free)
    sys_mbox_new                             0x0800aa5f   Thumb Code    32  sys_arch.o(i.sys_mbox_new)
    sys_mbox_set_invalid                     0x0800aa7f   Thumb Code     6  sys_arch.o(i.sys_mbox_set_invalid)
    sys_mbox_trypost                         0x0800aa85   Thumb Code    30  sys_arch.o(i.sys_mbox_trypost)
    sys_mbox_valid                           0x0800aaa3   Thumb Code    14  sys_arch.o(i.sys_mbox_valid)
    sys_mutex_lock                           0x0800aab1   Thumb Code    18  sys_arch.o(i.sys_mutex_lock)
    sys_mutex_new                            0x0800aac5   Thumb Code    32  sys_arch.o(i.sys_mutex_new)
    sys_mutex_unlock                         0x0800ab01   Thumb Code    18  sys_arch.o(i.sys_mutex_unlock)
    sys_now                                  0x0800ab15   Thumb Code    16  sys_arch.o(i.sys_now)
    sys_sem_free                             0x0800ab29   Thumb Code    16  sys_arch.o(i.sys_sem_free)
    sys_sem_new                              0x0800ab39   Thumb Code    64  sys_arch.o(i.sys_sem_new)
    sys_sem_set_invalid                      0x0800ab95   Thumb Code     6  sys_arch.o(i.sys_sem_set_invalid)
    sys_sem_signal                           0x0800ab9d   Thumb Code    28  sys_arch.o(i.sys_sem_signal)
    sys_sem_valid                            0x0800abd9   Thumb Code    14  sys_arch.o(i.sys_sem_valid)
    sys_thread_new                           0x0800abe9   Thumb Code    68  sys_arch.o(i.sys_thread_new)
    sys_timeout                              0x0800ac55   Thumb Code    50  timeouts.o(i.sys_timeout)
    sys_timeouts_init                        0x0800ad9d   Thumb Code    30  timeouts.o(i.sys_timeouts_init)
    sys_timeouts_sleeptime                   0x0800adc5   Thumb Code    78  timeouts.o(i.sys_timeouts_sleeptime)
    tcp_abandon                              0x0800ae2d   Thumb Code   256  tcp.o(i.tcp_abandon)
    tcp_abort                                0x0800af8d   Thumb Code    14  tcp.o(i.tcp_abort)
    tcp_accept                               0x0800af9b   Thumb Code    16  tcp.o(i.tcp_accept)
    tcp_alloc                                0x0800aff1   Thumb Code   182  tcp.o(i.tcp_alloc)
    tcp_arg                                  0x0800b0bd   Thumb Code     6  tcp.o(i.tcp_arg)
    tcp_bind                                 0x0800b0c5   Thumb Code   212  tcp.o(i.tcp_bind)
    tcp_close                                0x0800b1e5   Thumb Code    54  tcp.o(i.tcp_close)
    tcp_eff_send_mss_netif                   0x0800b5c5   Thumb Code    72  tcp.o(i.tcp_eff_send_mss_netif)
    tcp_enqueue_flags                        0x0800b635   Thumb Code   358  tcp_out.o(i.tcp_enqueue_flags)
    tcp_err                                  0x0800b869   Thumb Code    34  tcp.o(i.tcp_err)
    tcp_fasttmr                              0x0800b8b5   Thumb Code   142  tcp.o(i.tcp_fasttmr)
    tcp_free                                 0x0800b951   Thumb Code    34  tcp.o(i.tcp_free)
    tcp_init                                 0x0800bb31   Thumb Code    20  tcp.o(i.tcp_init)
    tcp_input                                0x0800bb49   Thumb Code  1880  tcp_in.o(i.tcp_input)
    tcp_keepalive                            0x0800c36d   Thumb Code    88  tcp_out.o(i.tcp_keepalive)
    tcp_listen_with_backlog_and_err          0x0800c6ed   Thumb Code   270  tcp.o(i.tcp_listen_with_backlog_and_err)
    tcp_netif_ip_addr_changed                0x0800c871   Thumb Code    64  tcp.o(i.tcp_netif_ip_addr_changed)
    tcp_new_ip_type                          0x0800c92d   Thumb Code    16  tcp.o(i.tcp_new_ip_type)
    tcp_next_iss                             0x0800c9a5   Thumb Code    40  tcp.o(i.tcp_next_iss)
    tcp_output                               0x0800c9f1   Thumb Code   658  tcp_out.o(i.tcp_output)
    tcp_pcb_purge                            0x0800d375   Thumb Code    84  tcp.o(i.tcp_pcb_purge)
    tcp_pcb_remove                           0x0800d3e5   Thumb Code   184  tcp.o(i.tcp_pcb_remove)
    tcp_poll                                 0x0800d50d   Thumb Code    56  tcp.o(i.tcp_poll)
    tcp_process_refused_data                 0x0800dc21   Thumb Code   172  tcp.o(i.tcp_process_refused_data)
    tcp_recv                                 0x0800e41d   Thumb Code    34  tcp.o(i.tcp_recv)
    tcp_recv_null                            0x0800e469   Thumb Code    68  tcp.o(i.tcp_recv_null)
    tcp_recved                               0x0800e4c9   Thumb Code   116  tcp.o(i.tcp_recved)
    tcp_rexmit                               0x0800e5d1   Thumb Code   132  tcp_out.o(i.tcp_rexmit)
    tcp_rexmit_fast                          0x0800e66d   Thumb Code   132  tcp_out.o(i.tcp_rexmit_fast)
    tcp_rexmit_rto                           0x0800e711   Thumb Code    36  tcp_out.o(i.tcp_rexmit_rto)
    tcp_rexmit_rto_commit                    0x0800e751   Thumb Code    46  tcp_out.o(i.tcp_rexmit_rto_commit)
    tcp_rexmit_rto_prepare                   0x0800e7a5   Thumb Code   140  tcp_out.o(i.tcp_rexmit_rto_prepare)
    tcp_rst                                  0x0800e875   Thumb Code   128  tcp_out.o(i.tcp_rst)
    tcp_seg_free                             0x0800e92d   Thumb Code    26  tcp.o(i.tcp_seg_free)
    tcp_segs_free                            0x0800e947   Thumb Code    24  tcp.o(i.tcp_segs_free)
    tcp_send_empty_ack                       0x0800e961   Thumb Code   184  tcp_out.o(i.tcp_send_empty_ack)
    tcp_send_fin                             0x0800ea39   Thumb Code    94  tcp_out.o(i.tcp_send_fin)
    tcp_sent                                 0x0800eab5   Thumb Code    32  tcp.o(i.tcp_sent)
    tcp_shutdown                             0x0800eafd   Thumb Code   124  tcp.o(i.tcp_shutdown)
    tcp_slowtmr                              0x0800eb95   Thumb Code  1478  tcp.o(i.tcp_slowtmr)
    tcp_split_unsent_seg                     0x0800f1e5   Thumb Code   468  tcp_out.o(i.tcp_split_unsent_seg)
    tcp_timer_needed                         0x0800f42d   Thumb Code    38  timeouts.o(i.tcp_timer_needed)
    tcp_tmr                                  0x0800f541   Thumb Code    30  tcp.o(i.tcp_tmr)
    tcp_trigger_input_pcb_close              0x0800f565   Thumb Code    14  tcp_in.o(i.tcp_trigger_input_pcb_close)
    tcp_update_rcv_ann_wnd                   0x0800f579   Thumb Code   110  tcp.o(i.tcp_update_rcv_ann_wnd)
    tcp_write                                0x0800f629   Thumb Code  1712  tcp_out.o(i.tcp_write)
    tcp_zero_window_probe                    0x0800fe9d   Thumb Code   228  tcp_out.o(i.tcp_zero_window_probe)
    tcpip_init                               0x0800ffa5   Thumb Code    84  tcpip.o(i.tcpip_init)
    tcpip_inpkt                              0x0801005d   Thumb Code    88  tcpip.o(i.tcpip_inpkt)
    tcpip_input                              0x080100c9   Thumb Code    40  tcpip.o(i.tcpip_input)
    tcpip_send_msg_wait_sem                  0x080100f9   Thumb Code    28  tcpip.o(i.tcpip_send_msg_wait_sem)
    udp_bind                                 0x08010299   Thumb Code   178  udp.o(i.udp_bind)
    udp_init                                 0x0801036d   Thumb Code    20  udp.o(i.udp_init)
    udp_input                                0x08010385   Thumb Code   562  udp.o(i.udp_input)
    udp_netif_ip_addr_changed                0x080106e1   Thumb Code    42  udp.o(i.udp_netif_ip_addr_changed)
    udp_new                                  0x08010711   Thumb Code    30  udp.o(i.udp_new)
    udp_new_ip_type                          0x0801072f   Thumb Code    14  udp.o(i.udp_new_ip_type)
    udp_recv                                 0x08010795   Thumb Code    34  udp.o(i.udp_recv)
    udp_remove                               0x080107d1   Thumb Code    84  udp.o(i.udp_remove)
    uxListRemove                             0x08010841   Thumb Code    40  list.o(i.uxListRemove)
    uxQueueMessagesWaiting                   0x08010869   Thumb Code    32  queue.o(i.uxQueueMessagesWaiting)
    vListInitialise                          0x080108b1   Thumb Code    26  list.o(i.vListInitialise)
    vListInitialiseItem                      0x080108cb   Thumb Code     6  list.o(i.vListInitialiseItem)
    vListInsert                              0x080108d1   Thumb Code    52  list.o(i.vListInsert)
    vListInsertEnd                           0x08010905   Thumb Code    24  list.o(i.vListInsertEnd)
    vPortEnterCritical                       0x0801091d   Thumb Code    68  port.o(i.vPortEnterCritical)
    vPortExitCritical                        0x080109a1   Thumb Code    48  port.o(i.vPortExitCritical)
    vPortFree                                0x08010a0d   Thumb Code   120  heap_4.o(i.vPortFree)
    vPortSetupTimerInterrupt                 0x08010ac1   Thumb Code    26  port.o(i.vPortSetupTimerInterrupt)
    vPortValidateInterruptPriority           0x08010ae1   Thumb Code    86  port.o(i.vPortValidateInterruptPriority)
    vQueueDelete                             0x08010b7d   Thumb Code    34  queue.o(i.vQueueDelete)
    vQueueUnregisterQueue                    0x08010bc9   Thumb Code    44  queue.o(i.vQueueUnregisterQueue)
    vTaskDelay                               0x08010bf9   Thumb Code    72  tasks.o(i.vTaskDelay)
    vTaskDelete                              0x08010c71   Thumb Code   192  tasks.o(i.vTaskDelete)
    vTaskMissedYield                         0x08010d81   Thumb Code     8  tasks.o(i.vTaskMissedYield)
    vTaskPlaceOnEventList                    0x08010d8d   Thumb Code    42  tasks.o(i.vTaskPlaceOnEventList)
    vTaskPriorityInherit                     0x08010de5   Thumb Code   164  tasks.o(i.vTaskPriorityInherit)
    vTaskSetTimeOutState                     0x08010e95   Thumb Code    32  tasks.o(i.vTaskSetTimeOutState)
    vTaskStartScheduler                      0x08010ee5   Thumb Code    98  tasks.o(i.vTaskStartScheduler)
    vTaskSuspendAll                          0x08010f8d   Thumb Code    12  tasks.o(i.vTaskSuspendAll)
    vTaskSwitchContext                       0x08010f9d   Thumb Code   110  tasks.o(i.vTaskSwitchContext)
    xPortStartScheduler                      0x08011049   Thumb Code   258  port.o(i.xPortStartScheduler)
    xPortSysTickHandler                      0x080111a1   Thumb Code    46  port.o(i.xPortSysTickHandler)
    xQueueCreateCountingSemaphore            0x080111d5   Thumb Code    72  queue.o(i.xQueueCreateCountingSemaphore)
    xQueueCreateMutex                        0x08011245   Thumb Code    34  queue.o(i.xQueueCreateMutex)
    xQueueGenericCreate                      0x08011269   Thumb Code    78  queue.o(i.xQueueGenericCreate)
    xQueueGenericReceive                     0x080112e1   Thumb Code   416  queue.o(i.xQueueGenericReceive)
    xQueueGenericReset                       0x080114ad   Thumb Code   136  queue.o(i.xQueueGenericReset)
    xQueueGenericSend                        0x08011561   Thumb Code   380  queue.o(i.xQueueGenericSend)
    xQueueGiveFromISR                        0x08011709   Thumb Code   194  queue.o(i.xQueueGiveFromISR)
    xTaskCheckForTimeOut                     0x080117f5   Thumb Code   116  tasks.o(i.xTaskCheckForTimeOut)
    xTaskCreate                              0x08011899   Thumb Code    96  tasks.o(i.xTaskCreate)
    xTaskGetSchedulerState                   0x080118f9   Thumb Code    24  tasks.o(i.xTaskGetSchedulerState)
    xTaskGetTickCount                        0x08011919   Thumb Code     6  tasks.o(i.xTaskGetTickCount)
    xTaskIncrementTick                       0x08011925   Thumb Code   272  tasks.o(i.xTaskIncrementTick)
    xTaskPriorityDisinherit                  0x08011a89   Thumb Code   168  tasks.o(i.xTaskPriorityDisinherit)
    xTaskRemoveFromEventList                 0x08011b65   Thumb Code   118  tasks.o(i.xTaskRemoveFromEventList)
    xTaskResumeAll                           0x08011c1d   Thumb Code   214  tasks.o(i.xTaskResumeAll)
    AHBPrescTable                            0x08011d40   Data          16  system_stm32f4xx.o(.constdata)
    APBPrescTable                            0x08011d50   Data           8  system_stm32f4xx.o(.constdata)
    Led1On_Data                              0x08011d85   Data         553  httpserver_netconn.o(.constdata)
    Led1Off_Data                             0x08011fae   Data         417  httpserver_netconn.o(.constdata)
    netconn_aborted                          0x0801237b   Data           1  api_msg.o(.constdata)
    netconn_reset                            0x0801237c   Data           1  api_msg.o(.constdata)
    netconn_closed                           0x0801237d   Data           1  api_msg.o(.constdata)
    ip_addr_any                              0x08012380   Data           4  ip4_addr.o(.constdata)
    ip_addr_broadcast                        0x08012384   Data           4  ip4_addr.o(.constdata)
    memp_UDP_PCB                             0x08012388   Data          12  memp.o(.constdata)
    memp_TCP_PCB                             0x08012394   Data          12  memp.o(.constdata)
    memp_TCP_PCB_LISTEN                      0x080123a0   Data          12  memp.o(.constdata)
    memp_TCP_SEG                             0x080123ac   Data          12  memp.o(.constdata)
    memp_REASSDATA                           0x080123b8   Data          12  memp.o(.constdata)
    memp_FRAG_PBUF                           0x080123c4   Data          12  memp.o(.constdata)
    memp_NETBUF                              0x080123d0   Data          12  memp.o(.constdata)
    memp_NETCONN                             0x080123dc   Data          12  memp.o(.constdata)
    memp_TCPIP_MSG_API                       0x080123e8   Data          12  memp.o(.constdata)
    memp_TCPIP_MSG_INPKT                     0x080123f4   Data          12  memp.o(.constdata)
    memp_IGMP_GROUP                          0x08012400   Data          12  memp.o(.constdata)
    memp_SYS_TIMEOUT                         0x0801240c   Data          12  memp.o(.constdata)
    memp_PBUF                                0x08012418   Data          12  memp.o(.constdata)
    memp_PBUF_POOL                           0x08012424   Data          12  memp.o(.constdata)
    memp_pools                               0x08012430   Data          56  memp.o(.constdata)
    tcp_pcb_lists                            0x080124a8   Data          16  tcp.o(.constdata)
    lwip_cyclic_timers                       0x080124b8   Data          32  timeouts.o(.constdata)
    lwip_num_cyclic_timers                   0x080124d8   Data           4  timeouts.o(.constdata)
    ethbroadcast                             0x080124dc   Data           6  ethernet.o(.constdata)
    ethzero                                  0x080124e2   Data           6  ethernet.o(.constdata)
    Region$$Table$$Base                      0x08012f78   Number         0  anon$$obj.o(Region$$Table)
    Image$$ER_IROM1$$Limit                   0x08012f98   Number         0  anon$$obj.o ABSOLUTE
    Region$$Table$$Limit                     0x08012f98   Number         0  anon$$obj.o(Region$$Table)
    SystemCoreClock                          0x20000000   Data           4  system_stm32f4xx.o(.data)
    uwTick                                   0x20000004   Data           4  stm32f4xx_hal.o(.data)
    uwTickPrio                               0x20000008   Data           4  stm32f4xx_hal.o(.data)
    uwTickFreq                               0x2000000c   Data           1  stm32f4xx_hal.o(.data)
    lock_tcpip_core                          0x2000002c   Data           4  tcpip.o(.data)
    netif_list                               0x20000094   Data           4  netif.o(.data)
    netif_default                            0x20000098   Data           4  netif.o(.data)
    tcp_ticks                                0x200000a4   Data           4  tcp.o(.data)
    tcp_bound_pcbs                           0x200000a8   Data           4  tcp.o(.data)
    tcp_listen_pcbs                          0x200000ac   Data           4  tcp.o(.data)
    tcp_active_pcbs                          0x200000b0   Data           4  tcp.o(.data)
    tcp_tw_pcbs                              0x200000b4   Data           4  tcp.o(.data)
    tcp_active_pcbs_changed                  0x200000b8   Data           1  tcp.o(.data)
    tcp_input_pcb                            0x200000e4   Data           4  tcp_in.o(.data)
    udp_pcbs                                 0x200000f8   Data           4  udp.o(.data)
    s_xSemaphore                             0x200000fc   Data           4  ethernetif.o(.data)
    tx_sem                                   0x20000100   Data           4  ethernetif.o(.data)
    eth_tx_mb                                0x20000104   Data           4  ethernetif.o(.data)
    errno                                    0x2000010c   Data           4  sys_arch.o(.data)
    lwip_sys_now                             0x20000110   Data           4  sys_arch.o(.data)
    ipaddr                                   0x20000118   Data           4  sys_arch.o(.data)
    netmask                                  0x2000011c   Data           4  sys_arch.o(.data)
    gw                                       0x20000120   Data           4  sys_arch.o(.data)
    IP_ADDRESS                               0x20000124   Data           4  sys_arch.o(.data)
    NETMASK_ADDRESS                          0x20000128   Data           4  sys_arch.o(.data)
    GATEWAY_ADDRESS                          0x2000012c   Data           4  sys_arch.o(.data)
    pxCurrentTCB                             0x20000130   Data           4  tasks.o(.data)
    __stdout                                 0x200001ac   Data           4  stdout.o(.data)
    UartHandle                               0x200001b0   Data          64  bsp_debug_usart.o(.bss)
    heth                                     0x200001f0   Data          72  bsp_eth.o(.bss)
    DMARxDscrTab                             0x20000238   Data         256  bsp_eth.o(.bss)
    DMATxDscrTab                             0x20000338   Data         256  bsp_eth.o(.bss)
    Rx_Buff                                  0x20000438   Data       12192  bsp_eth.o(.bss)
    Tx_Buff                                  0x200033d8   Data       12192  bsp_eth.o(.bss)
    ip_data                                  0x20006468   Data          24  ip.o(.bss)
    ram_heap                                 0x20006480   Data       25619  mem.o(.bss)
    memp_memory_UDP_PCB_base                 0x2000c893   Data         163  memp.o(.bss)
    memp_memory_TCP_PCB_base                 0x2000c936   Data         963  memp.o(.bss)
    memp_memory_TCP_PCB_LISTEN_base          0x2000ccf9   Data         171  memp.o(.bss)
    memp_memory_TCP_SEG_base                 0x2000cda4   Data        1923  memp.o(.bss)
    memp_memory_REASSDATA_base               0x2000d527   Data         163  memp.o(.bss)
    memp_memory_FRAG_PBUF_base               0x2000d5ca   Data         363  memp.o(.bss)
    memp_memory_NETBUF_base                  0x2000d735   Data         387  memp.o(.bss)
    memp_memory_NETCONN_base                 0x2000d8b8   Data         451  memp.o(.bss)
    memp_memory_TCPIP_MSG_API_base           0x2000da7b   Data         259  memp.o(.bss)
    memp_memory_TCPIP_MSG_INPKT_base         0x2000db7e   Data         259  memp.o(.bss)
    memp_memory_IGMP_GROUP_base              0x2000dc81   Data         131  memp.o(.bss)
    memp_memory_SYS_TIMEOUT_base             0x2000dd04   Data         323  memp.o(.bss)
    memp_memory_PBUF_base                    0x2000de47   Data         403  memp.o(.bss)
    memp_memory_PBUF_POOL_base               0x2000dfda   Data       49027  memp.o(.bss)
    gnetif                                   0x20019f90   Data          56  sys_arch.o(.bss)
    xQueueRegistry                           0x20019fc8   Data          80  queue.o(.bss)
    STACK$$Base                              0x20023430   Number         0  startup_stm32f429xx.o(STACK)
    STACK$$Limit                             0x20023830   Number         0  startup_stm32f429xx.o(STACK)
    __initial_sp                             0x20023830   Data           0  startup_stm32f429xx.o(STACK)



==============================================================================

Memory Map of the image

  Image Entry point : 0x080001ad

  Load Region LR_IROM1 (Base: 0x08000000, Size: 0x00013148, Max: 0x00100000, ABSOLUTE, COMPRESSED[0x00012fb0])

    Execution Region ER_IROM1 (Exec base: 0x08000000, Load base: 0x08000000, Size: 0x00012f98, Max: 0x00100000, ABSOLUTE)

    Exec Addr    Load Addr    Size         Type   Attr      Idx    E Section Name        Object

    0x08000000   0x08000000   0x000001ac   Data   RO            3    RESET               startup_stm32f429xx.o
    0x080001ac   0x080001ac   0x00000000   Code   RO        14988  * .ARM.Collect$$$$00000000  mc_w.l(entry.o)
    0x080001ac   0x080001ac   0x00000004   Code   RO        15305    .ARM.Collect$$$$00000001  mc_w.l(entry2.o)
    0x080001b0   0x080001b0   0x00000004   Code   RO        15308    .ARM.Collect$$$$00000004  mc_w.l(entry5.o)
    0x080001b4   0x080001b4   0x00000000   Code   RO        15310    .ARM.Collect$$$$00000008  mc_w.l(entry7b.o)
    0x080001b4   0x080001b4   0x00000000   Code   RO        15312    .ARM.Collect$$$$0000000A  mc_w.l(entry8b.o)
    0x080001b4   0x080001b4   0x00000008   Code   RO        15313    .ARM.Collect$$$$0000000B  mc_w.l(entry9a.o)
    0x080001bc   0x080001bc   0x00000004   Code   RO        15320    .ARM.Collect$$$$0000000E  mc_w.l(entry12b.o)
    0x080001c0   0x080001c0   0x00000000   Code   RO        15315    .ARM.Collect$$$$0000000F  mc_w.l(entry10a.o)
    0x080001c0   0x080001c0   0x00000000   Code   RO        15317    .ARM.Collect$$$$00000011  mc_w.l(entry11a.o)
    0x080001c0   0x080001c0   0x00000004   Code   RO        15306    .ARM.Collect$$$$00002712  mc_w.l(entry2.o)
    0x080001c4   0x080001c4   0x000000b6   Code   RO        14820    .emb_text           port.o
    0x0800027a   0x0800027a   0x00000002   PAD
    0x0800027c   0x0800027c   0x00000024   Code   RO            4    .text               startup_stm32f429xx.o
    0x080002a0   0x080002a0   0x0000000c   Code   RO        14984    .text               cmb_fault.o
    0x080002ac   0x080002ac   0x00000062   Code   RO        14991    .text               mc_w.l(uldiv.o)
    0x0800030e   0x0800030e   0x00000002   PAD
    0x08000310   0x08000310   0x00000024   Code   RO        15021    .text               mc_w.l(rand.o)
    0x08000334   0x08000334   0x00000040   Code   RO        15026    .text               mc_w.l(memmovea.o)
    0x08000374   0x08000374   0x00000024   Code   RO        15028    .text               mc_w.l(memseta.o)
    0x08000398   0x08000398   0x0000001a   Code   RO        15034    .text               mc_w.l(memcmp.o)
    0x080003b2   0x080003b2   0x0000001e   Code   RO        15324    .text               mc_w.l(llshl.o)
    0x080003d0   0x080003d0   0x00000020   Code   RO        15326    .text               mc_w.l(llushr.o)
    0x080003f0   0x080003f0   0x00000024   Code   RO        15348    .text               mc_w.l(init.o)
    0x08000414   0x08000414   0x00000056   Code   RO        15366    .text               mc_w.l(__dczerorl2.o)
    0x0800046a   0x0800046a   0x00000002   PAD
    0x0800046c   0x0800046c   0x000001e4   Code   RO         9075    i.AppTaskCreate     main.o
    0x08000650   0x08000650   0x00000044   Code   RO         9525    i.BSP_Init          board.o
    0x08000694   0x08000694   0x0000010c   Code   RO         9559    i.Bsp_Eth_Init      bsp_eth.o
    0x080007a0   0x080007a0   0x00000004   Code   RO         9377    i.BusFault_Handler  stm32f4xx_it.o
    0x080007a4   0x080007a4   0x0000002c   Code   RO         9446    i.DEBUG_USART_Config  bsp_debug_usart.o
    0x080007d0   0x080007d0   0x00000002   Code   RO         9378    i.DebugMon_Handler  stm32f4xx_it.o
    0x080007d2   0x080007d2   0x00000016   Code   RO         1760    i.ETH_DMAReceptionEnable  stm32f4xx_hal_eth.o
    0x080007e8   0x080007e8   0x00000016   Code   RO         1762    i.ETH_DMATransmissionEnable  stm32f4xx_hal_eth.o
    0x080007fe   0x080007fe   0x00000002   PAD
    0x08000800   0x08000800   0x00000028   Code   RO         1763    i.ETH_Delay         stm32f4xx_hal_eth.o
    0x08000828   0x08000828   0x00000038   Code   RO         1764    i.ETH_FlushTransmitFIFO  stm32f4xx_hal_eth.o
    0x08000860   0x08000860   0x00000030   Code   RO         9560    i.ETH_IRQHandler    bsp_eth.o
    0x08000890   0x08000890   0x00000034   Code   RO         1765    i.ETH_MACAddressConfig  stm32f4xx_hal_eth.o
    0x080008c4   0x080008c4   0x00000244   Code   RO         1766    i.ETH_MACDMAConfig  stm32f4xx_hal_eth.o
    0x08000b08   0x08000b08   0x00000028   Code   RO         1768    i.ETH_MACReceptionEnable  stm32f4xx_hal_eth.o
    0x08000b30   0x08000b30   0x00000028   Code   RO         1770    i.ETH_MACTransmissionEnable  stm32f4xx_hal_eth.o
    0x08000b58   0x08000b58   0x00000064   Code   RO         9561    i.Eth_Reset         bsp_eth.o
    0x08000bbc   0x08000bbc   0x000000c0   Code   RO         9526    i.GPIO_CLK_Init     board.o
    0x08000c7c   0x08000c7c   0x00000028   Code   RO          289    i.HAL_Delay         stm32f4xx_hal.o
    0x08000ca4   0x08000ca4   0x0000008c   Code   RO         1773    i.HAL_ETH_DMARxDescListInit  stm32f4xx_hal_eth.o
    0x08000d30   0x08000d30   0x00000084   Code   RO         1774    i.HAL_ETH_DMATxDescListInit  stm32f4xx_hal_eth.o
    0x08000db4   0x08000db4   0x00000020   Code   RO         1775    i.HAL_ETH_DeInit    stm32f4xx_hal_eth.o
    0x08000dd4   0x08000dd4   0x00000030   Code   RO         9562    i.HAL_ETH_ErrorCallback  bsp_eth.o
    0x08000e04   0x08000e04   0x000000b2   Code   RO         1777    i.HAL_ETH_GetReceivedFrame  stm32f4xx_hal_eth.o
    0x08000eb6   0x08000eb6   0x000000a4   Code   RO         1780    i.HAL_ETH_IRQHandler  stm32f4xx_hal_eth.o
    0x08000f5a   0x08000f5a   0x00000002   PAD
    0x08000f5c   0x08000f5c   0x0000029c   Code   RO         1781    i.HAL_ETH_Init      stm32f4xx_hal_eth.o
    0x080011f8   0x080011f8   0x00000070   Code   RO         9563    i.HAL_ETH_MspDeInit  bsp_eth.o
    0x08001268   0x08001268   0x00000110   Code   RO         9564    i.HAL_ETH_MspInit   bsp_eth.o
    0x08001378   0x08001378   0x00000092   Code   RO         1784    i.HAL_ETH_ReadPHYRegister  stm32f4xx_hal_eth.o
    0x0800140a   0x0800140a   0x00000002   PAD
    0x0800140c   0x0800140c   0x00000030   Code   RO         9565    i.HAL_ETH_RxCpltCallback  bsp_eth.o
    0x0800143c   0x0800143c   0x00000052   Code   RO         1786    i.HAL_ETH_Start     stm32f4xx_hal_eth.o
    0x0800148e   0x0800148e   0x0000013e   Code   RO         1788    i.HAL_ETH_TransmitFrame  stm32f4xx_hal_eth.o
    0x080015cc   0x080015cc   0x00000002   Code   RO         9566    i.HAL_ETH_TxCpltCallback  bsp_eth.o
    0x080015ce   0x080015ce   0x00000090   Code   RO         1790    i.HAL_ETH_WritePHYRegister  stm32f4xx_hal_eth.o
    0x0800165e   0x0800165e   0x00000002   PAD
    0x08001660   0x08001660   0x00000180   Code   RO         2279    i.HAL_GPIO_DeInit   stm32f4xx_hal_gpio.o
    0x080017e0   0x080017e0   0x0000021c   Code   RO         2282    i.HAL_GPIO_Init     stm32f4xx_hal_gpio.o
    0x080019fc   0x080019fc   0x0000000c   Code   RO         2286    i.HAL_GPIO_WritePin  stm32f4xx_hal_gpio.o
    0x08001a08   0x08001a08   0x0000000c   Code   RO          297    i.HAL_GetTick       stm32f4xx_hal.o
    0x08001a14   0x08001a14   0x00000018   Code   RO          301    i.HAL_IncTick       stm32f4xx_hal.o
    0x08001a2c   0x08001a2c   0x0000003c   Code   RO          302    i.HAL_Init          stm32f4xx_hal.o
    0x08001a68   0x08001a68   0x0000004c   Code   RO          303    i.HAL_InitTick      stm32f4xx_hal.o
    0x08001ab4   0x08001ab4   0x00000002   Code   RO          305    i.HAL_MspInit       stm32f4xx_hal.o
    0x08001ab6   0x08001ab6   0x0000001a   Code   RO          763    i.HAL_NVIC_EnableIRQ  stm32f4xx_hal_cortex.o
    0x08001ad0   0x08001ad0   0x0000007c   Code   RO          769    i.HAL_NVIC_SetPriority  stm32f4xx_hal_cortex.o
    0x08001b4c   0x08001b4c   0x00000028   Code   RO          770    i.HAL_NVIC_SetPriorityGrouping  stm32f4xx_hal_cortex.o
    0x08001b74   0x08001b74   0x0000008c   Code   RO         4668    i.HAL_PWREx_EnableOverDrive  stm32f4xx_hal_pwr_ex.o
    0x08001c00   0x08001c00   0x00000180   Code   RO         4753    i.HAL_RCC_ClockConfig  stm32f4xx_hal_rcc.o
    0x08001d80   0x08001d80   0x0000000c   Code   RO         4758    i.HAL_RCC_GetHCLKFreq  stm32f4xx_hal_rcc.o
    0x08001d8c   0x08001d8c   0x00000020   Code   RO         4760    i.HAL_RCC_GetPCLK1Freq  stm32f4xx_hal_rcc.o
    0x08001dac   0x08001dac   0x00000020   Code   RO         4761    i.HAL_RCC_GetPCLK2Freq  stm32f4xx_hal_rcc.o
    0x08001dcc   0x08001dcc   0x000000b0   Code   RO         4762    i.HAL_RCC_GetSysClockFreq  stm32f4xx_hal_rcc.o
    0x08001e7c   0x08001e7c   0x00000448   Code   RO         4765    i.HAL_RCC_OscConfig  stm32f4xx_hal_rcc.o
    0x080022c4   0x080022c4   0x00000034   Code   RO          774    i.HAL_SYSTICK_Config  stm32f4xx_hal_cortex.o
    0x080022f8   0x080022f8   0x00000072   Code   RO         7711    i.HAL_UART_Init     stm32f4xx_hal_uart.o
    0x0800236a   0x0800236a   0x00000002   PAD
    0x0800236c   0x0800236c   0x000000b4   Code   RO         9447    i.HAL_UART_MspInit  bsp_debug_usart.o
    0x08002420   0x08002420   0x000000d6   Code   RO         7719    i.HAL_UART_Transmit  stm32f4xx_hal_uart.o
    0x080024f6   0x080024f6   0x00000002   PAD
    0x080024f8   0x080024f8   0x000000b0   Code   RO         9501    i.LED_GPIO_Config   bsp_led.o
    0x080025a8   0x080025a8   0x00000004   Code   RO         9379    i.MemManage_Handler  stm32f4xx_it.o
    0x080025ac   0x080025ac   0x00000002   Code   RO         9380    i.NMI_Handler       stm32f4xx_it.o
    0x080025ae   0x080025ae   0x00000002   PAD
    0x080025b0   0x080025b0   0x00000010   Code   RO          776    i.NVIC_GetPriorityGrouping  stm32f4xx_hal_cortex.o
    0x080025c0   0x080025c0   0x00000028   Code   RO          777    i.NVIC_SetPriority  stm32f4xx_hal_cortex.o
    0x080025e8   0x080025e8   0x00000034   Code   RO         9381    i.SysTick_Handler   stm32f4xx_it.o
    0x0800261c   0x0800261c   0x000000a8   Code   RO         9527    i.SystemClock_Config  board.o
    0x080026c4   0x080026c4   0x00000064   Code   RO           14    i.SystemInit        system_stm32f4xx.o
    0x08002728   0x08002728   0x000000b8   Code   RO        13859    i.TCPIP_Init        sys_arch.o
    0x080027e0   0x080027e0   0x0000001c   Code   RO         9076    i.Test1_Task        main.o
    0x080027fc   0x080027fc   0x0000001c   Code   RO         9077    i.Test2_Task        main.o
    0x08002818   0x08002818   0x00000368   Code   RO         7738    i.UART_SetConfig    stm32f4xx_hal_uart.o
    0x08002b80   0x08002b80   0x0000006c   Code   RO         7740    i.UART_WaitOnFlagUntilTimeout  stm32f4xx_hal_uart.o
    0x08002bec   0x08002bec   0x00000004   Code   RO         9382    i.UsageFault_Handler  stm32f4xx_it.o
    0x08002bf0   0x08002bf0   0x00000020   Code   RO        15249    i.__0printf$8       mc_w.l(printf8.o)
    0x08002c10   0x08002c10   0x00000028   Code   RO        15251    i.__0sprintf$8      mc_w.l(printf8.o)
    0x08002c38   0x08002c38   0x0000000e   Code   RO        15360    i.__scatterload_copy  mc_w.l(handlers.o)
    0x08002c46   0x08002c46   0x00000002   Code   RO        15361    i.__scatterload_null  mc_w.l(handlers.o)
    0x08002c48   0x08002c48   0x0000000e   Code   RO        15362    i.__scatterload_zeroinit  mc_w.l(handlers.o)
    0x08002c56   0x08002c56   0x00000002   PAD
    0x08002c58   0x08002c58   0x00000404   Code   RO        15256    i._printf_core      mc_w.l(printf8.o)
    0x0800305c   0x0800305c   0x00000024   Code   RO        15257    i._printf_post_padding  mc_w.l(printf8.o)
    0x08003080   0x08003080   0x0000002e   Code   RO        15258    i._printf_pre_padding  mc_w.l(printf8.o)
    0x080030ae   0x080030ae   0x0000000a   Code   RO        15260    i._sputc            mc_w.l(printf8.o)
    0x080030b8   0x080030b8   0x00000138   Code   RO        10419    i.accept_function   api_msg.o
    0x080031f0   0x080031f0   0x0000012c   Code   RO        14908    i.cm_backtrace_call_stack  cm_backtrace.o
    0x0800331c   0x0800331c   0x00000270   Code   RO        14909    i.cm_backtrace_fault  cm_backtrace.o
    0x0800358c   0x0800358c   0x0000002c   Code   RO        14910    i.cm_backtrace_firmware_info  cm_backtrace.o
    0x080035b8   0x080035b8   0x00000058   Code   RO        12293    i.do_memp_free_pool  memp.o
    0x08003610   0x08003610   0x00000064   Code   RO        12294    i.do_memp_malloc_pool  memp.o
    0x08003674   0x08003674   0x000000d0   Code   RO        14912    i.dump_stack        cm_backtrace.o
    0x08003744   0x08003744   0x00000190   Code   RO        10420    i.err_tcp           api_msg.o
    0x080038d4   0x080038d4   0x00000038   Code   RO        11387    i.etharp_cleanup_netif  etharp.o
    0x0800390c   0x0800390c   0x00000278   Code   RO        11389    i.etharp_find_entry  etharp.o
    0x08003b84   0x08003b84   0x00000040   Code   RO        11390    i.etharp_free_entry  etharp.o
    0x08003bc4   0x08003bc4   0x000000d0   Code   RO        11392    i.etharp_input      etharp.o
    0x08003c94   0x08003c94   0x000001a8   Code   RO        11393    i.etharp_output     etharp.o
    0x08003e3c   0x08003e3c   0x00000100   Code   RO        11394    i.etharp_output_to_arp_index  etharp.o
    0x08003f3c   0x08003f3c   0x00000224   Code   RO        11395    i.etharp_query      etharp.o
    0x08004160   0x08004160   0x00000110   Code   RO        11396    i.etharp_raw        etharp.o
    0x08004270   0x08004270   0x00000018   Code   RO        11397    i.etharp_request    etharp.o
    0x08004288   0x08004288   0x0000002c   Code   RO        11398    i.etharp_request_dst  etharp.o
    0x080042b4   0x080042b4   0x000000dc   Code   RO        11399    i.etharp_tmr        etharp.o
    0x08004390   0x08004390   0x000000f4   Code   RO        11400    i.etharp_update_arp_entry  etharp.o
    0x08004484   0x08004484   0x000000c4   Code   RO        13626    i.ethernet_input    ethernet.o
    0x08004548   0x08004548   0x0000009c   Code   RO        13627    i.ethernet_output   ethernet.o
    0x080045e4   0x080045e4   0x000000a0   Code   RO        13790    i.ethernetif_init   ethernetif.o
    0x08004684   0x08004684   0x0000004c   Code   RO        13791    i.ethernetif_input  ethernetif.o
    0x080046d0   0x080046d0   0x00000308   Code   RO        14913    i.fault_diagnosis   cm_backtrace.o
    0x080049d8   0x080049d8   0x0000001c   Code   RO         9450    i.fputc             bsp_debug_usart.o
    0x080049f4   0x080049f4   0x0000002c   Code   RO         9695    i.http_server_netconn_init  httpserver_netconn.o
    0x08004a20   0x08004a20   0x0000012c   Code   RO         9696    i.http_server_netconn_serve  httpserver_netconn.o
    0x08004b4c   0x08004b4c   0x00000094   Code   RO         9697    i.http_server_netconn_thread  httpserver_netconn.o
    0x08004be0   0x08004be0   0x00000064   Code   RO         9698    i.httpserver_send_html  httpserver_netconn.o
    0x08004c44   0x08004c44   0x00000012   Code   RO        11506    i.icmp_dest_unreach  icmp.o
    0x08004c56   0x08004c56   0x00000002   PAD
    0x08004c58   0x08004c58   0x00000240   Code   RO        11507    i.icmp_input        icmp.o
    0x08004e98   0x08004e98   0x000000bc   Code   RO        11508    i.icmp_send_response  icmp.o
    0x08004f54   0x08004f54   0x00000012   Code   RO        11509    i.icmp_time_exceeded  icmp.o
    0x08004f66   0x08004f66   0x0000002a   Code   RO        11553    i.igmp_delaying_member  igmp.o
    0x08004f90   0x08004f90   0x00000020   Code   RO        11554    i.igmp_init         igmp.o
    0x08004fb0   0x08004fb0   0x000000dc   Code   RO        11555    i.igmp_input        igmp.o
    0x0800508c   0x0800508c   0x0000003c   Code   RO        11556    i.igmp_ip_output_if  igmp.o
    0x080050c8   0x080050c8   0x00000020   Code   RO        11561    i.igmp_lookfor_group  igmp.o
    0x080050e8   0x080050e8   0x000000cc   Code   RO        11562    i.igmp_lookup_group  igmp.o
    0x080051b4   0x080051b4   0x0000001c   Code   RO        11564    i.igmp_report_groups  igmp.o
    0x080051d0   0x080051d0   0x000000d8   Code   RO        11565    i.igmp_send         igmp.o
    0x080052a8   0x080052a8   0x00000038   Code   RO        11566    i.igmp_start        igmp.o
    0x080052e0   0x080052e0   0x00000026   Code   RO        11567    i.igmp_start_timer  igmp.o
    0x08005306   0x08005306   0x00000002   PAD
    0x08005308   0x08005308   0x0000002c   Code   RO        11569    i.igmp_timeout      igmp.o
    0x08005334   0x08005334   0x00000038   Code   RO        11570    i.igmp_tmr          igmp.o
    0x0800536c   0x0800536c   0x00000014   Code   RO        12054    i.inet_chksum       inet_chksum.o
    0x08005380   0x08005380   0x00000056   Code   RO        12055    i.inet_chksum_pbuf  inet_chksum.o
    0x080053d6   0x080053d6   0x0000004c   Code   RO        12056    i.inet_chksum_pseudo  inet_chksum.o
    0x08005422   0x08005422   0x00000084   Code   RO        12058    i.inet_cksum_pseudo_base  inet_chksum.o
    0x080054a6   0x080054a6   0x0000004e   Code   RO        11775    i.ip4_addr_isbroadcast_u32  ip4_addr.o
    0x080054f4   0x080054f4   0x00000254   Code   RO        11843    i.ip4_frag          ip4_frag.o
    0x08005748   0x08005748   0x000001f4   Code   RO        11681    i.ip4_input         ip4.o
    0x0800593c   0x0800593c   0x00000034   Code   RO        11682    i.ip4_input_accept  ip4.o
    0x08005970   0x08005970   0x00000034   Code   RO        11684    i.ip4_output_if     ip4.o
    0x080059a4   0x080059a4   0x00000044   Code   RO        11685    i.ip4_output_if_opt  ip4.o
    0x080059e8   0x080059e8   0x0000020c   Code   RO        11686    i.ip4_output_if_opt_src  ip4.o
    0x08005bf4   0x08005bf4   0x0000028c   Code   RO        11844    i.ip4_reass         ip4_frag.o
    0x08005e80   0x08005e80   0x000000b0   Code   RO        11688    i.ip4_route         ip4.o
    0x08005f30   0x08005f30   0x00000024   Code   RO        12060    i.ip_chksum_pseudo  inet_chksum.o
    0x08005f54   0x08005f54   0x0000000a   Code   RO        11845    i.ip_frag_alloc_pbuf_custom_ref  ip4_frag.o
    0x08005f5e   0x08005f5e   0x00000002   PAD
    0x08005f60   0x08005f60   0x0000002c   Code   RO        11846    i.ip_frag_free_pbuf_custom_ref  ip4_frag.o
    0x08005f8c   0x08005f8c   0x00000274   Code   RO        11847    i.ip_reass_chain_frag_into_datagram_and_validate  ip4_frag.o
    0x08006200   0x08006200   0x00000054   Code   RO        11848    i.ip_reass_dequeue_datagram  ip4_frag.o
    0x08006254   0x08006254   0x00000054   Code   RO        11849    i.ip_reass_enqueue_new_datagram  ip4_frag.o
    0x080062a8   0x080062a8   0x0000015c   Code   RO        11850    i.ip_reass_free_complete_datagram  ip4_frag.o
    0x08006404   0x08006404   0x00000088   Code   RO        11851    i.ip_reass_remove_oldest_datagram  ip4_frag.o
    0x0800648c   0x0800648c   0x00000034   Code   RO        11852    i.ip_reass_tmr      ip4_frag.o
    0x080064c0   0x080064c0   0x00000054   Code   RO        11853    i.ipfrag_free_pbuf_custom  ip4_frag.o
    0x08006514   0x08006514   0x0000018c   Code   RO        13792    i.low_level_init    ethernetif.o
    0x080066a0   0x080066a0   0x00000174   Code   RO        13793    i.low_level_input   ethernetif.o
    0x08006814   0x08006814   0x00000100   Code   RO        13794    i.low_level_output  ethernetif.o
    0x08006914   0x08006914   0x00000050   Code   RO        13411    i.lwip_cyclic_timer  timeouts.o
    0x08006964   0x08006964   0x0000001a   Code   RO        11982    i.lwip_htonl        def.o
    0x0800697e   0x0800697e   0x0000000c   Code   RO        11983    i.lwip_htons        def.o
    0x0800698a   0x0800698a   0x00000002   PAD
    0x0800698c   0x0800698c   0x00000044   Code   RO        12127    i.lwip_init         init.o
    0x080069d0   0x080069d0   0x0000004c   Code   RO        10421    i.lwip_netconn_do_bind  api_msg.o
    0x08006a1c   0x08006a1c   0x000000e8   Code   RO        10423    i.lwip_netconn_do_close  api_msg.o
    0x08006b04   0x08006b04   0x00000364   Code   RO        10424    i.lwip_netconn_do_close_internal  api_msg.o
    0x08006e68   0x08006e68   0x0000019c   Code   RO        10427    i.lwip_netconn_do_delconn  api_msg.o
    0x08007004   0x08007004   0x000000e0   Code   RO        10432    i.lwip_netconn_do_listen  api_msg.o
    0x080070e4   0x080070e4   0x00000018   Code   RO        10433    i.lwip_netconn_do_newconn  api_msg.o
    0x080070fc   0x080070fc   0x00000048   Code   RO        10434    i.lwip_netconn_do_recv  api_msg.o
    0x08007144   0x08007144   0x000000fc   Code   RO        10436    i.lwip_netconn_do_write  api_msg.o
    0x08007240   0x08007240   0x000003b4   Code   RO        10437    i.lwip_netconn_do_writemore  api_msg.o
    0x080075f4   0x080075f4   0x00000054   Code   RO        10438    i.lwip_netconn_err_to_msg  api_msg.o
    0x08007648   0x08007648   0x0000005c   Code   RO        10439    i.lwip_netconn_is_err_msg  api_msg.o
    0x080076a4   0x080076a4   0x0000005e   Code   RO        12062    i.lwip_standard_chksum  inet_chksum.o
    0x08007702   0x08007702   0x00000002   PAD
    0x08007704   0x08007704   0x0000004c   Code   RO         9078    i.main              main.o
    0x08007750   0x08007750   0x00000190   Code   RO        12222    i.mem_free          mem.o
    0x080078e0   0x080078e0   0x00000094   Code   RO        12223    i.mem_init          mem.o
    0x08007974   0x08007974   0x00000058   Code   RO        12224    i.mem_link_valid    mem.o
    0x080079cc   0x080079cc   0x0000023c   Code   RO        12225    i.mem_malloc        mem.o
    0x08007c08   0x08007c08   0x00000010   Code   RO        12226    i.mem_to_ptr        mem.o
    0x08007c18   0x08007c18   0x000001d8   Code   RO        12227    i.mem_trim          mem.o
    0x08007df0   0x08007df0   0x00000050   Code   RO        12295    i.memp_free         memp.o
    0x08007e40   0x08007e40   0x00000020   Code   RO        12297    i.memp_init         memp.o
    0x08007e60   0x08007e60   0x0000002c   Code   RO        12298    i.memp_init_pool    memp.o
    0x08007e8c   0x08007e8c   0x00000050   Code   RO        12299    i.memp_malloc       memp.o
    0x08007edc   0x08007edc   0x000000bc   Code   RO        10739    i.netbuf_data       netbuf.o
    0x08007f98   0x08007f98   0x00000020   Code   RO        10740    i.netbuf_delete     netbuf.o
    0x08007fb8   0x08007fb8   0x00000108   Code   RO        10089    i.netconn_accept    api_lib.o
    0x080080c0   0x080080c0   0x000000d4   Code   RO        10440    i.netconn_alloc     api_msg.o
    0x08008194   0x08008194   0x00000022   Code   RO        10090    i.netconn_apimsg    api_lib.o
    0x080081b6   0x080081b6   0x00000002   PAD
    0x080081b8   0x080081b8   0x00000060   Code   RO        10091    i.netconn_bind      api_lib.o
    0x08008218   0x08008218   0x0000000e   Code   RO        10093    i.netconn_close     api_lib.o
    0x08008226   0x08008226   0x00000002   PAD
    0x08008228   0x08008228   0x0000005c   Code   RO        10094    i.netconn_close_shutdown  api_lib.o
    0x08008284   0x08008284   0x0000001e   Code   RO        10096    i.netconn_delete    api_lib.o
    0x080082a2   0x080082a2   0x000000aa   Code   RO        10441    i.netconn_drain     api_msg.o
    0x0800834c   0x0800834c   0x00000022   Code   RO        10098    i.netconn_err       api_lib.o
    0x0800836e   0x0800836e   0x00000002   PAD
    0x08008370   0x08008370   0x00000108   Code   RO        10442    i.netconn_free      api_msg.o
    0x08008478   0x08008478   0x00000054   Code   RO        10102    i.netconn_listen_with_backlog  api_lib.o
    0x080084cc   0x080084cc   0x00000130   Code   RO        10103    i.netconn_new_with_proto_and_callback  api_lib.o
    0x080085fc   0x080085fc   0x00000030   Code   RO        10104    i.netconn_prepare_delete  api_lib.o
    0x0800862c   0x0800862c   0x000000e8   Code   RO        10105    i.netconn_recv      api_lib.o
    0x08008714   0x08008714   0x00000188   Code   RO        10106    i.netconn_recv_data  api_lib.o
    0x0800889c   0x0800889c   0x000000c6   Code   RO        10107    i.netconn_recv_data_tcp  api_lib.o
    0x08008962   0x08008962   0x00000002   PAD
    0x08008964   0x08008964   0x00000060   Code   RO        10116    i.netconn_tcp_recvd_msg  api_lib.o
    0x080089c4   0x080089c4   0x00000028   Code   RO        10117    i.netconn_write_partly  api_lib.o
    0x080089ec   0x080089ec   0x00000184   Code   RO        10118    i.netconn_write_vectors_partly  api_lib.o
    0x08008b70   0x08008b70   0x000001c4   Code   RO        12395    i.netif_add         netif.o
    0x08008d34   0x08008d34   0x00000018   Code   RO        12397    i.netif_do_ip_addr_changed  netif.o
    0x08008d4c   0x08008d4c   0x00000026   Code   RO        12398    i.netif_do_set_gw   netif.o
    0x08008d72   0x08008d72   0x00000002   PAD
    0x08008d74   0x08008d74   0x00000074   Code   RO        12399    i.netif_do_set_ipaddr  netif.o
    0x08008de8   0x08008de8   0x00000026   Code   RO        12400    i.netif_do_set_netmask  netif.o
    0x08008e0e   0x08008e0e   0x00000002   PAD
    0x08008e10   0x08008e10   0x00000028   Code   RO        12402    i.netif_get_by_index  netif.o
    0x08008e38   0x08008e38   0x00000002   Code   RO        12404    i.netif_init        netif.o
    0x08008e3a   0x08008e3a   0x00000002   PAD
    0x08008e3c   0x08008e3c   0x00000080   Code   RO        12406    i.netif_issue_reports  netif.o
    0x08008ebc   0x08008ebc   0x00000008   Code   RO        12408    i.netif_null_output_ip4  netif.o
    0x08008ec4   0x08008ec4   0x00000060   Code   RO        12410    i.netif_set_addr    netif.o
    0x08008f24   0x08008f24   0x0000000c   Code   RO        12411    i.netif_set_default  netif.o
    0x08008f30   0x08008f30   0x00000064   Code   RO        12412    i.netif_set_down    netif.o
    0x08008f94   0x08008f94   0x00000058   Code   RO        12418    i.netif_set_up      netif.o
    0x08008fec   0x08008fec   0x00000012   Code   RO        12571    i.pbuf_add_header   pbuf.o
    0x08008ffe   0x08008ffe   0x00000002   PAD
    0x08009000   0x08009000   0x00000088   Code   RO        12573    i.pbuf_add_header_impl  pbuf.o
    0x08009088   0x08009088   0x00000224   Code   RO        12574    i.pbuf_alloc        pbuf.o
    0x080092ac   0x080092ac   0x0000005c   Code   RO        12575    i.pbuf_alloc_reference  pbuf.o
    0x08009308   0x08009308   0x00000052   Code   RO        12576    i.pbuf_alloced_custom  pbuf.o
    0x0800935a   0x0800935a   0x00000002   PAD
    0x0800935c   0x0800935c   0x000000dc   Code   RO        12577    i.pbuf_cat          pbuf.o
    0x08009438   0x08009438   0x00000012   Code   RO        12579    i.pbuf_clen         pbuf.o
    0x0800944a   0x0800944a   0x00000002   PAD
    0x0800944c   0x0800944c   0x00000050   Code   RO        12580    i.pbuf_clone        pbuf.o
    0x0800949c   0x0800949c   0x0000019c   Code   RO        12582    i.pbuf_copy         pbuf.o
    0x08009638   0x08009638   0x000000d8   Code   RO        12583    i.pbuf_copy_partial  pbuf.o
    0x08009710   0x08009710   0x00000128   Code   RO        12585    i.pbuf_free         pbuf.o
    0x08009838   0x08009838   0x00000012   Code   RO        12590    i.pbuf_header_force  pbuf.o
    0x0800984a   0x0800984a   0x00000022   Code   RO        12591    i.pbuf_header_impl  pbuf.o
    0x0800986c   0x0800986c   0x0000001e   Code   RO        12592    i.pbuf_init_alloced_pbuf  pbuf.o
    0x0800988a   0x0800988a   0x00000002   PAD
    0x0800988c   0x0800988c   0x000000f0   Code   RO        12596    i.pbuf_realloc      pbuf.o
    0x0800997c   0x0800997c   0x00000048   Code   RO        12597    i.pbuf_ref          pbuf.o
    0x080099c4   0x080099c4   0x0000008c   Code   RO        12598    i.pbuf_remove_header  pbuf.o
    0x08009a50   0x08009a50   0x000000a8   Code   RO        10443    i.pcb_new           api_msg.o
    0x08009af8   0x08009af8   0x00000160   Code   RO        12228    i.plug_holes        mem.o
    0x08009c58   0x08009c58   0x00000090   Code   RO        10444    i.poll_tcp          api_msg.o
    0x08009ce8   0x08009ce8   0x00000098   Code   RO        14914    i.print_call_stack  cm_backtrace.o
    0x08009d80   0x08009d80   0x00000098   Code   RO        14421    i.prvAddCurrentTaskToDelayedList  tasks.o
    0x08009e18   0x08009e18   0x000000b4   Code   RO        14422    i.prvAddNewTaskToReadyList  tasks.o
    0x08009ecc   0x08009ecc   0x00000064   Code   RO        14423    i.prvCheckTasksWaitingTermination  tasks.o
    0x08009f30   0x08009f30   0x0000002a   Code   RO        14235    i.prvCopyDataFromQueue  queue.o
    0x08009f5a   0x08009f5a   0x0000007c   Code   RO        14236    i.prvCopyDataToQueue  queue.o
    0x08009fd6   0x08009fd6   0x00000012   Code   RO        14424    i.prvDeleteTCB      tasks.o
    0x08009fe8   0x08009fe8   0x0000007c   Code   RO        14759    i.prvHeapInit       heap_4.o
    0x0800a064   0x0800a064   0x00000028   Code   RO        14425    i.prvIdleTask       tasks.o
    0x0800a08c   0x0800a08c   0x0000001c   Code   RO        14237    i.prvInitialiseMutex  queue.o
    0x0800a0a8   0x0800a0a8   0x00000026   Code   RO        14238    i.prvInitialiseNewQueue  queue.o
    0x0800a0ce   0x0800a0ce   0x00000002   PAD
    0x0800a0d0   0x0800a0d0   0x000000c8   Code   RO        14426    i.prvInitialiseNewTask  tasks.o
    0x0800a198   0x0800a198   0x00000068   Code   RO        14427    i.prvInitialiseTaskLists  tasks.o
    0x0800a200   0x0800a200   0x00000068   Code   RO        14760    i.prvInsertBlockIntoFreeList  heap_4.o
    0x0800a268   0x0800a268   0x0000001a   Code   RO        14239    i.prvIsQueueEmpty   queue.o
    0x0800a282   0x0800a282   0x0000001e   Code   RO        14240    i.prvIsQueueFull    queue.o
    0x0800a2a0   0x0800a2a0   0x00000034   Code   RO        14428    i.prvResetNextTaskUnblockTime  tasks.o
    0x0800a2d4   0x0800a2d4   0x00000070   Code   RO        14821    i.prvTaskExitError  port.o
    0x0800a344   0x0800a344   0x0000007e   Code   RO        14241    i.prvUnlockQueue    queue.o
    0x0800a3c2   0x0800a3c2   0x00000002   PAD
    0x0800a3c4   0x0800a3c4   0x00000010   Code   RO        12229    i.ptr_to_mem        mem.o
    0x0800a3d4   0x0800a3d4   0x00000150   Code   RO        14761    i.pvPortMalloc      heap_4.o
    0x0800a524   0x0800a524   0x00000020   Code   RO        14430    i.pvTaskIncrementMutexHeldCount  tasks.o
    0x0800a544   0x0800a544   0x0000002c   Code   RO        14822    i.pxPortInitialiseStack  port.o
    0x0800a570   0x0800a570   0x0000014c   Code   RO        10445    i.recv_tcp          api_msg.o
    0x0800a6bc   0x0800a6bc   0x00000150   Code   RO        10446    i.recv_udp          api_msg.o
    0x0800a80c   0x0800a80c   0x0000008c   Code   RO        10447    i.sent_tcp          api_msg.o
    0x0800a898   0x0800a898   0x00000044   Code   RO        10448    i.setup_tcp         api_msg.o
    0x0800a8dc   0x0800a8dc   0x00000024   Code   RO        14915    i.statck_del_fpu_regs  cm_backtrace.o
    0x0800a900   0x0800a900   0x0000004a   Code   RO        13860    i.sys_arch_mbox_fetch  sys_arch.o
    0x0800a94a   0x0800a94a   0x00000024   Code   RO        13861    i.sys_arch_mbox_tryfetch  sys_arch.o
    0x0800a96e   0x0800a96e   0x0000000a   Code   RO        13862    i.sys_arch_protect  sys_arch.o
    0x0800a978   0x0800a978   0x00000048   Code   RO        13863    i.sys_arch_sem_wait  sys_arch.o
    0x0800a9c0   0x0800a9c0   0x0000000a   Code   RO        13865    i.sys_arch_unprotect  sys_arch.o
    0x0800a9ca   0x0800a9ca   0x00000002   PAD
    0x0800a9cc   0x0800a9cc   0x00000054   Code   RO        13412    i.sys_check_timeouts  timeouts.o
    0x0800aa20   0x0800aa20   0x0000002c   Code   RO        13866    i.sys_init          sys_arch.o
    0x0800aa4c   0x0800aa4c   0x00000012   Code   RO        13868    i.sys_mbox_free     sys_arch.o
    0x0800aa5e   0x0800aa5e   0x00000020   Code   RO        13869    i.sys_mbox_new      sys_arch.o
    0x0800aa7e   0x0800aa7e   0x00000006   Code   RO        13871    i.sys_mbox_set_invalid  sys_arch.o
    0x0800aa84   0x0800aa84   0x0000001e   Code   RO        13872    i.sys_mbox_trypost  sys_arch.o
    0x0800aaa2   0x0800aaa2   0x0000000e   Code   RO        13874    i.sys_mbox_valid    sys_arch.o
    0x0800aab0   0x0800aab0   0x00000012   Code   RO        13876    i.sys_mutex_lock    sys_arch.o
    0x0800aac2   0x0800aac2   0x00000002   PAD
    0x0800aac4   0x0800aac4   0x0000003c   Code   RO        13877    i.sys_mutex_new     sys_arch.o
    0x0800ab00   0x0800ab00   0x00000012   Code   RO        13879    i.sys_mutex_unlock  sys_arch.o
    0x0800ab12   0x0800ab12   0x00000002   PAD
    0x0800ab14   0x0800ab14   0x00000014   Code   RO        13880    i.sys_now           sys_arch.o
    0x0800ab28   0x0800ab28   0x00000010   Code   RO        13881    i.sys_sem_free      sys_arch.o
    0x0800ab38   0x0800ab38   0x0000005c   Code   RO        13882    i.sys_sem_new       sys_arch.o
    0x0800ab94   0x0800ab94   0x00000006   Code   RO        13883    i.sys_sem_set_invalid  sys_arch.o
    0x0800ab9a   0x0800ab9a   0x00000002   PAD
    0x0800ab9c   0x0800ab9c   0x0000003c   Code   RO        13884    i.sys_sem_signal    sys_arch.o
    0x0800abd8   0x0800abd8   0x0000000e   Code   RO        13885    i.sys_sem_valid     sys_arch.o
    0x0800abe6   0x0800abe6   0x00000002   PAD
    0x0800abe8   0x0800abe8   0x0000006c   Code   RO        13886    i.sys_thread_new    sys_arch.o
    0x0800ac54   0x0800ac54   0x0000006c   Code   RO        13414    i.sys_timeout       timeouts.o
    0x0800acc0   0x0800acc0   0x000000dc   Code   RO        13415    i.sys_timeout_abs   timeouts.o
    0x0800ad9c   0x0800ad9c   0x00000028   Code   RO        13416    i.sys_timeouts_init  timeouts.o
    0x0800adc4   0x0800adc4   0x00000068   Code   RO        13417    i.sys_timeouts_sleeptime  timeouts.o
    0x0800ae2c   0x0800ae2c   0x00000160   Code   RO        12849    i.tcp_abandon       tcp.o
    0x0800af8c   0x0800af8c   0x0000000e   Code   RO        12850    i.tcp_abort         tcp.o
    0x0800af9a   0x0800af9a   0x00000010   Code   RO        12851    i.tcp_accept        tcp.o
    0x0800afaa   0x0800afaa   0x00000002   PAD
    0x0800afac   0x0800afac   0x00000044   Code   RO        12852    i.tcp_accept_null   tcp.o
    0x0800aff0   0x0800aff0   0x000000cc   Code   RO        12853    i.tcp_alloc         tcp.o
    0x0800b0bc   0x0800b0bc   0x00000006   Code   RO        12854    i.tcp_arg           tcp.o
    0x0800b0c2   0x0800b0c2   0x00000002   PAD
    0x0800b0c4   0x0800b0c4   0x00000120   Code   RO        12855    i.tcp_bind          tcp.o
    0x0800b1e4   0x0800b1e4   0x00000050   Code   RO        12857    i.tcp_close         tcp.o
    0x0800b234   0x0800b234   0x000001a4   Code   RO        12858    i.tcp_close_shutdown  tcp.o
    0x0800b3d8   0x0800b3d8   0x00000088   Code   RO        12859    i.tcp_close_shutdown_fin  tcp.o
    0x0800b460   0x0800b460   0x00000164   Code   RO        13251    i.tcp_create_segment  tcp_out.o
    0x0800b5c4   0x0800b5c4   0x00000070   Code   RO        12862    i.tcp_eff_send_mss_netif  tcp.o
    0x0800b634   0x0800b634   0x00000234   Code   RO        13252    i.tcp_enqueue_flags  tcp_out.o
    0x0800b868   0x0800b868   0x0000004c   Code   RO        12863    i.tcp_err           tcp.o
    0x0800b8b4   0x0800b8b4   0x0000009c   Code   RO        12864    i.tcp_fasttmr       tcp.o
    0x0800b950   0x0800b950   0x00000038   Code   RO        12865    i.tcp_free          tcp.o
    0x0800b988   0x0800b988   0x000000ec   Code   RO        13170    i.tcp_free_acked_segments  tcp_in.o
    0x0800ba74   0x0800ba74   0x00000040   Code   RO        12866    i.tcp_free_listen   tcp.o
    0x0800bab4   0x0800bab4   0x00000048   Code   RO        13171    i.tcp_get_next_optbyte  tcp_in.o
    0x0800bafc   0x0800bafc   0x00000034   Code   RO        12867    i.tcp_handle_closepend  tcp.o
    0x0800bb30   0x0800bb30   0x00000018   Code   RO        12868    i.tcp_init          tcp.o
    0x0800bb48   0x0800bb48   0x000007a0   Code   RO        13172    i.tcp_input         tcp_in.o
    0x0800c2e8   0x0800c2e8   0x00000084   Code   RO        13173    i.tcp_input_delayed_close  tcp_in.o
    0x0800c36c   0x0800c36c   0x00000074   Code   RO        13253    i.tcp_keepalive     tcp_out.o
    0x0800c3e0   0x0800c3e0   0x00000068   Code   RO        12869    i.tcp_kill_prio     tcp.o
    0x0800c448   0x0800c448   0x00000070   Code   RO        12870    i.tcp_kill_state    tcp.o
    0x0800c4b8   0x0800c4b8   0x0000003c   Code   RO        12871    i.tcp_kill_timewait  tcp.o
    0x0800c4f4   0x0800c4f4   0x0000006c   Code   RO        12872    i.tcp_listen_closed  tcp.o
    0x0800c560   0x0800c560   0x0000018c   Code   RO        13174    i.tcp_listen_input  tcp_in.o
    0x0800c6ec   0x0800c6ec   0x00000184   Code   RO        12874    i.tcp_listen_with_backlog_and_err  tcp.o
    0x0800c870   0x0800c870   0x0000004c   Code   RO        12875    i.tcp_netif_ip_addr_changed  tcp.o
    0x0800c8bc   0x0800c8bc   0x00000070   Code   RO        12876    i.tcp_netif_ip_addr_changed_pcblist  tcp.o
    0x0800c92c   0x0800c92c   0x00000010   Code   RO        12878    i.tcp_new_ip_type   tcp.o
    0x0800c93c   0x0800c93c   0x00000068   Code   RO        12879    i.tcp_new_port      tcp.o
    0x0800c9a4   0x0800c9a4   0x0000004c   Code   RO        12880    i.tcp_next_iss      tcp.o
    0x0800c9f0   0x0800c9f0   0x000002f0   Code   RO        13254    i.tcp_output        tcp_out.o
    0x0800cce0   0x0800cce0   0x00000074   Code   RO        13255    i.tcp_output_alloc_header  tcp_out.o
    0x0800cd54   0x0800cd54   0x000000c0   Code   RO        13256    i.tcp_output_alloc_header_common  tcp_out.o
    0x0800ce14   0x0800ce14   0x000000ac   Code   RO        13257    i.tcp_output_control_segment  tcp_out.o
    0x0800cec0   0x0800cec0   0x000000b8   Code   RO        13258    i.tcp_output_fill_options  tcp_out.o
    0x0800cf78   0x0800cf78   0x000001e0   Code   RO        13259    i.tcp_output_segment  tcp_out.o
    0x0800d158   0x0800d158   0x0000004c   Code   RO        13260    i.tcp_output_segment_busy  tcp_out.o
    0x0800d1a4   0x0800d1a4   0x000000cc   Code   RO        13175    i.tcp_parseopt      tcp_in.o
    0x0800d270   0x0800d270   0x00000104   Code   RO        13261    i.tcp_pbuf_prealloc  tcp_out.o
    0x0800d374   0x0800d374   0x00000070   Code   RO        12881    i.tcp_pcb_purge     tcp.o
    0x0800d3e4   0x0800d3e4   0x00000128   Code   RO        12882    i.tcp_pcb_remove    tcp.o
    0x0800d50c   0x0800d50c   0x00000070   Code   RO        12883    i.tcp_poll          tcp.o
    0x0800d57c   0x0800d57c   0x000006a4   Code   RO        13176    i.tcp_process       tcp_in.o
    0x0800dc20   0x0800dc20   0x000000d4   Code   RO        12884    i.tcp_process_refused_data  tcp.o
    0x0800dcf4   0x0800dcf4   0x00000728   Code   RO        13177    i.tcp_receive       tcp_in.o
    0x0800e41c   0x0800e41c   0x0000004c   Code   RO        12885    i.tcp_recv          tcp.o
    0x0800e468   0x0800e468   0x00000060   Code   RO        12886    i.tcp_recv_null     tcp.o
    0x0800e4c8   0x0800e4c8   0x000000b4   Code   RO        12887    i.tcp_recved        tcp.o
    0x0800e57c   0x0800e57c   0x00000054   Code   RO        12888    i.tcp_remove_listener  tcp.o
    0x0800e5d0   0x0800e5d0   0x0000009c   Code   RO        13262    i.tcp_rexmit        tcp_out.o
    0x0800e66c   0x0800e66c   0x000000a4   Code   RO        13263    i.tcp_rexmit_fast   tcp_out.o
    0x0800e710   0x0800e710   0x00000040   Code   RO        13264    i.tcp_rexmit_rto    tcp_out.o
    0x0800e750   0x0800e750   0x00000054   Code   RO        13265    i.tcp_rexmit_rto_commit  tcp_out.o
    0x0800e7a4   0x0800e7a4   0x000000b0   Code   RO        13266    i.tcp_rexmit_rto_prepare  tcp_out.o
    0x0800e854   0x0800e854   0x0000001e   Code   RO        13267    i.tcp_route         tcp_out.o
    0x0800e872   0x0800e872   0x00000002   PAD
    0x0800e874   0x0800e874   0x000000b8   Code   RO        13268    i.tcp_rst           tcp_out.o
    0x0800e92c   0x0800e92c   0x0000001a   Code   RO        12889    i.tcp_seg_free      tcp.o
    0x0800e946   0x0800e946   0x00000018   Code   RO        12890    i.tcp_segs_free     tcp.o
    0x0800e95e   0x0800e95e   0x00000002   PAD
    0x0800e960   0x0800e960   0x000000d8   Code   RO        13269    i.tcp_send_empty_ack  tcp_out.o
    0x0800ea38   0x0800ea38   0x0000007c   Code   RO        13270    i.tcp_send_fin      tcp_out.o
    0x0800eab4   0x0800eab4   0x00000048   Code   RO        12891    i.tcp_sent          tcp.o
    0x0800eafc   0x0800eafc   0x00000098   Code   RO        12893    i.tcp_shutdown      tcp.o
    0x0800eb94   0x0800eb94   0x00000650   Code   RO        12894    i.tcp_slowtmr       tcp.o
    0x0800f1e4   0x0800f1e4   0x00000248   Code   RO        13271    i.tcp_split_unsent_seg  tcp_out.o
    0x0800f42c   0x0800f42c   0x00000038   Code   RO        13419    i.tcp_timer_needed  timeouts.o
    0x0800f464   0x0800f464   0x000000dc   Code   RO        13178    i.tcp_timewait_input  tcp_in.o
    0x0800f540   0x0800f540   0x00000024   Code   RO        12896    i.tcp_tmr           tcp.o
    0x0800f564   0x0800f564   0x00000014   Code   RO        13179    i.tcp_trigger_input_pcb_close  tcp_in.o
    0x0800f578   0x0800f578   0x000000b0   Code   RO        12898    i.tcp_update_rcv_ann_wnd  tcp.o
    0x0800f628   0x0800f628   0x00000740   Code   RO        13272    i.tcp_write         tcp_out.o
    0x0800fd68   0x0800fd68   0x00000134   Code   RO        13273    i.tcp_write_checks  tcp_out.o
    0x0800fe9c   0x0800fe9c   0x00000108   Code   RO        13274    i.tcp_zero_window_probe  tcp_out.o
    0x0800ffa4   0x0800ffa4   0x000000b8   Code   RO        11206    i.tcpip_init        tcpip.o
    0x0801005c   0x0801005c   0x0000006c   Code   RO        11207    i.tcpip_inpkt       tcpip.o
    0x080100c8   0x080100c8   0x00000030   Code   RO        11208    i.tcpip_input       tcpip.o
    0x080100f8   0x080100f8   0x00000020   Code   RO        11209    i.tcpip_send_msg_wait_sem  tcpip.o
    0x08010118   0x08010118   0x00000038   Code   RO        13420    i.tcpip_tcp_timer   timeouts.o
    0x08010150   0x08010150   0x00000070   Code   RO        11210    i.tcpip_thread      tcpip.o
    0x080101c0   0x080101c0   0x00000078   Code   RO        11211    i.tcpip_thread_handle_msg  tcpip.o
    0x08010238   0x08010238   0x00000060   Code   RO        11212    i.tcpip_timeouts_mbox_fetch  tcpip.o
    0x08010298   0x08010298   0x000000d4   Code   RO        13496    i.udp_bind          udp.o
    0x0801036c   0x0801036c   0x00000018   Code   RO        13500    i.udp_init          udp.o
    0x08010384   0x08010384   0x0000028c   Code   RO        13501    i.udp_input         udp.o
    0x08010610   0x08010610   0x000000d0   Code   RO        13502    i.udp_input_local_match  udp.o
    0x080106e0   0x080106e0   0x00000030   Code   RO        13503    i.udp_netif_ip_addr_changed  udp.o
    0x08010710   0x08010710   0x0000001e   Code   RO        13504    i.udp_new           udp.o
    0x0801072e   0x0801072e   0x0000000e   Code   RO        13505    i.udp_new_ip_type   udp.o
    0x0801073c   0x0801073c   0x00000058   Code   RO        13506    i.udp_new_port      udp.o
    0x08010794   0x08010794   0x0000003c   Code   RO        13507    i.udp_recv          udp.o
    0x080107d0   0x080107d0   0x00000070   Code   RO        13508    i.udp_remove        udp.o
    0x08010840   0x08010840   0x00000028   Code   RO        14186    i.uxListRemove      list.o
    0x08010868   0x08010868   0x00000048   Code   RO        14242    i.uxQueueMessagesWaiting  queue.o
    0x080108b0   0x080108b0   0x0000001a   Code   RO        14187    i.vListInitialise   list.o
    0x080108ca   0x080108ca   0x00000006   Code   RO        14188    i.vListInitialiseItem  list.o
    0x080108d0   0x080108d0   0x00000034   Code   RO        14189    i.vListInsert       list.o
    0x08010904   0x08010904   0x00000018   Code   RO        14190    i.vListInsertEnd    list.o
    0x0801091c   0x0801091c   0x00000084   Code   RO        14824    i.vPortEnterCritical  port.o
    0x080109a0   0x080109a0   0x0000006c   Code   RO        14825    i.vPortExitCritical  port.o
    0x08010a0c   0x08010a0c   0x000000b4   Code   RO        14762    i.vPortFree         heap_4.o
    0x08010ac0   0x08010ac0   0x00000020   Code   RO        14826    i.vPortSetupTimerInterrupt  port.o
    0x08010ae0   0x08010ae0   0x0000009c   Code   RO        14827    i.vPortValidateInterruptPriority  port.o
    0x08010b7c   0x08010b7c   0x0000004c   Code   RO        14246    i.vQueueDelete      queue.o
    0x08010bc8   0x08010bc8   0x00000030   Code   RO        14247    i.vQueueUnregisterQueue  queue.o
    0x08010bf8   0x08010bf8   0x00000078   Code   RO        14436    i.vTaskDelay        tasks.o
    0x08010c70   0x08010c70   0x00000110   Code   RO        14438    i.vTaskDelete       tasks.o
    0x08010d80   0x08010d80   0x0000000c   Code   RO        14440    i.vTaskMissedYield  tasks.o
    0x08010d8c   0x08010d8c   0x00000058   Code   RO        14442    i.vTaskPlaceOnEventList  tasks.o
    0x08010de4   0x08010de4   0x000000b0   Code   RO        14444    i.vTaskPriorityInherit  tasks.o
    0x08010e94   0x08010e94   0x00000050   Code   RO        14447    i.vTaskSetTimeOutState  tasks.o
    0x08010ee4   0x08010ee4   0x000000a8   Code   RO        14448    i.vTaskStartScheduler  tasks.o
    0x08010f8c   0x08010f8c   0x00000010   Code   RO        14450    i.vTaskSuspendAll   tasks.o
    0x08010f9c   0x08010f9c   0x000000ac   Code   RO        14451    i.vTaskSwitchContext  tasks.o
    0x08011048   0x08011048   0x00000158   Code   RO        14828    i.xPortStartScheduler  port.o
    0x080111a0   0x080111a0   0x00000034   Code   RO        14829    i.xPortSysTickHandler  port.o
    0x080111d4   0x080111d4   0x00000070   Code   RO        14248    i.xQueueCreateCountingSemaphore  queue.o
    0x08011244   0x08011244   0x00000022   Code   RO        14249    i.xQueueCreateMutex  queue.o
    0x08011266   0x08011266   0x00000002   PAD
    0x08011268   0x08011268   0x00000078   Code   RO        14250    i.xQueueGenericCreate  queue.o
    0x080112e0   0x080112e0   0x000001cc   Code   RO        14251    i.xQueueGenericReceive  queue.o
    0x080114ac   0x080114ac   0x000000b4   Code   RO        14252    i.xQueueGenericReset  queue.o
    0x08011560   0x08011560   0x000001a8   Code   RO        14253    i.xQueueGenericSend  queue.o
    0x08011708   0x08011708   0x000000ec   Code   RO        14255    i.xQueueGiveFromISR  queue.o
    0x080117f4   0x080117f4   0x000000a4   Code   RO        14452    i.xTaskCheckForTimeOut  tasks.o
    0x08011898   0x08011898   0x00000060   Code   RO        14453    i.xTaskCreate       tasks.o
    0x080118f8   0x080118f8   0x00000020   Code   RO        14457    i.xTaskGetSchedulerState  tasks.o
    0x08011918   0x08011918   0x0000000c   Code   RO        14458    i.xTaskGetTickCount  tasks.o
    0x08011924   0x08011924   0x00000164   Code   RO        14460    i.xTaskIncrementTick  tasks.o
    0x08011a88   0x08011a88   0x000000dc   Code   RO        14463    i.xTaskPriorityDisinherit  tasks.o
    0x08011b64   0x08011b64   0x000000b8   Code   RO        14464    i.xTaskRemoveFromEventList  tasks.o
    0x08011c1c   0x08011c1c   0x00000124   Code   RO        14466    i.xTaskResumeAll    tasks.o
    0x08011d40   0x08011d40   0x00000018   Data   RO           15    .constdata          system_stm32f4xx.o
    0x08011d58   0x08011d58   0x00000623   Data   RO         9699    .constdata          httpserver_netconn.o
    0x0801237b   0x0801237b   0x00000003   Data   RO        10449    .constdata          api_msg.o
    0x0801237e   0x0801237e   0x00000002   PAD
    0x08012380   0x08012380   0x00000008   Data   RO        11782    .constdata          ip4_addr.o
    0x08012388   0x08012388   0x000000e0   Data   RO        12302    .constdata          memp.o
    0x08012468   0x08012468   0x00000050   Data   RO        12899    .constdata          tcp.o
    0x080124b8   0x080124b8   0x00000024   Data   RO        13421    .constdata          timeouts.o
    0x080124dc   0x080124dc   0x0000000c   Data   RO        13628    .constdata          ethernet.o
    0x080124e8   0x080124e8   0x000000dc   Data   RO        14917    .constdata          cm_backtrace.o
    0x080125c4   0x080125c4   0x00000041   Data   RO        11402    .conststring        etharp.o
    0x08012605   0x08012605   0x00000003   PAD
    0x08012608   0x08012608   0x00000041   Data   RO        11571    .conststring        igmp.o
    0x08012649   0x08012649   0x00000003   PAD
    0x0801264c   0x0801264c   0x00000041   Data   RO        12128    .conststring        init.o
    0x0801268d   0x0801268d   0x00000003   PAD
    0x08012690   0x08012690   0x00000075   Data   RO        12900    .conststring        tcp.o
    0x08012705   0x08012705   0x00000003   PAD
    0x08012708   0x08012708   0x00000055   Data   RO        13275    .conststring        tcp_out.o
    0x0801275d   0x0801275d   0x00000003   PAD
    0x08012760   0x08012760   0x00000815   Data   RO        14918    .conststring        cm_backtrace.o
    0x08012f75   0x08012f75   0x00000003   PAD
    0x08012f78   0x08012f78   0x00000020   Data   RO        15358    Region$$Table       anon$$obj.o


    Execution Region RW_IRAM1 (Exec base: 0x20000000, Load base: 0x08012f98, Size: 0x00023830, Max: 0x00030000, ABSOLUTE, COMPRESSED[0x00000018])

    Exec Addr    Load Addr    Size         Type   Attr      Idx    E Section Name        Object

    0x20000000   COMPRESSED   0x00000004   Data   RW           16    .data               system_stm32f4xx.o
    0x20000004   COMPRESSED   0x00000009   Data   RW          309    .data               stm32f4xx_hal.o
    0x2000000d   COMPRESSED   0x00000003   PAD
    0x20000010   COMPRESSED   0x0000000c   Data   RW         9079    .data               main.o
    0x2000001c   COMPRESSED   0x00000001   Data   RW         9700    .data               httpserver_netconn.o
    0x2000001d   COMPRESSED   0x00000003   PAD
    0x20000020   COMPRESSED   0x00000010   Data   RW        11214    .data               tcpip.o
    0x20000030   COMPRESSED   0x00000001   Data   RW        11403    .data               etharp.o
    0x20000031   COMPRESSED   0x00000003   PAD
    0x20000034   COMPRESSED   0x00000008   Data   RW        11572    .data               igmp.o
    0x2000003c   COMPRESSED   0x00000008   Data   RW        11690    .data               ip4.o
    0x20000044   COMPRESSED   0x00000006   Data   RW        11854    .data               ip4_frag.o
    0x2000004a   COMPRESSED   0x00000002   PAD
    0x2000004c   COMPRESSED   0x00000010   Data   RW        12231    .data               mem.o
    0x2000005c   COMPRESSED   0x00000038   Data   RW        12303    .data               memp.o
    0x20000094   COMPRESSED   0x00000009   Data   RW        12419    .data               netif.o
    0x2000009d   COMPRESSED   0x00000003   PAD
    0x200000a0   COMPRESSED   0x00000020   Data   RW        12901    .data               tcp.o
    0x200000c0   COMPRESSED   0x00000028   Data   RW        13181    .data               tcp_in.o
    0x200000e8   COMPRESSED   0x0000000c   Data   RW        13422    .data               timeouts.o
    0x200000f4   COMPRESSED   0x00000008   Data   RW        13513    .data               udp.o
    0x200000fc   COMPRESSED   0x00000010   Data   RW        13795    .data               ethernetif.o
    0x2000010c   COMPRESSED   0x00000024   Data   RW        13888    .data               sys_arch.o
    0x20000130   COMPRESSED   0x0000003c   Data   RW        14469    .data               tasks.o
    0x2000016c   COMPRESSED   0x00000018   Data   RW        14767    .data               heap_4.o
    0x20000184   COMPRESSED   0x0000000c   Data   RW        14830    .data               port.o
    0x20000190   COMPRESSED   0x00000015   Data   RW        14919    .data               cm_backtrace.o
    0x200001a5   COMPRESSED   0x00000003   PAD
    0x200001a8   COMPRESSED   0x00000004   Data   RW        15022    .data               mc_w.l(rand.o)
    0x200001ac   COMPRESSED   0x00000004   Data   RW        15321    .data               mc_w.l(stdout.o)
    0x200001b0        -       0x00000040   Zero   RW         9451    .bss                bsp_debug_usart.o
    0x200001f0        -       0x00006188   Zero   RW         9567    .bss                bsp_eth.o
    0x20006378        -       0x000000f0   Zero   RW        11401    .bss                etharp.o
    0x20006468        -       0x00000018   Zero   RW        12197    .bss                ip.o
    0x20006480        -       0x00006413   Zero   RW        12230    .bss                mem.o
    0x2000c893        -       0x0000d6ca   Zero   RW        12301    .bss                memp.o
    0x20019f5d   COMPRESSED   0x00000003   PAD
    0x20019f60        -       0x00000010   Zero   RW        13180    .bss                tcp_in.o
    0x20019f70        -       0x00000058   Zero   RW        13887    .bss                sys_arch.o
    0x20019fc8        -       0x00000050   Zero   RW        14262    .bss                queue.o
    0x2001a018        -       0x000002e4   Zero   RW        14468    .bss                tasks.o
    0x2001a2fc        -       0x00009000   Zero   RW        14766    .bss                heap_4.o
    0x200232fc        -       0x00000134   Zero   RW        14916    .bss                cm_backtrace.o
    0x20023430        -       0x00000400   Zero   RW            1    STACK               startup_stm32f429xx.o


==============================================================================

Image component sizes


      Code (inc. data)   RO Data    RW Data    ZI Data      Debug   Object Name

      2346        598          0          0          0      57050   api_lib.o
      5830       1366          3          0          0      40199   api_msg.o
       428         52          0          0          0       2175   board.o
       252         24          0          0         64       2438   bsp_debug_usart.o
       898        206          0          0      24968       5696   bsp_eth.o
       176          8          0          0          0        958   bsp_led.o
      2140        396       2289         21        308      11370   cm_backtrace.o
        12          0          0          0          0        436   cmb_fault.o
        38          0          0          0          0       1010   def.o
         0          0          0          0          0       6847   err.o
      2992        530         65          1        240      15678   etharp.o
       352         58         12          0          0       2494   ethernet.o
      1260        250          0         16          0       6060   ethernetif.o
         0          0          0          0          0       1472   event_groups.o
       744        168          0         24      36864       3823   heap_4.o
       592        126       1571          1          0      32317   httpserver_netconn.o
       800        156          0          0          0       4338   icmp.o
      1028        172         65          8          0      10035   igmp.o
       444          0          0          0          0       4892   inet_chksum.o
        68          4         65          0          0       1492   init.o
         0          0          0          0         24       3090   ip.o
      1372        102          0          8          0       6772   ip4.o
        78          0          8          0          0       8766   ip4_addr.o
      2718        498          0          6          0      11658   ip4_frag.o
       148          0          0          0          0       3166   list.o
       616        394          0         12          0     754483   main.o
      2064        660          0         16      25619       7657   mem.o
       424        148        224         56      54986      10648   memp.o
       220         88          0          0          0      10282   netbuf.o
      1142        278          0          9          0      13662   netif.o
      2652        814          0          0          0      13755   pbuf.o
      1162        376          0         12          0      10581   port.o
      2176        342          0          0         80      14471   queue.o
        36          8        428          0       1024        948   startup_stm32f429xx.o
       214         36          0          9          0       5039   stm32f4xx_hal.o
       298         22          0          0          0      30883   stm32f4xx_hal_cortex.o
      2856         50          0          0          0      14493   stm32f4xx_hal_eth.o
       936        102          0          0          0       3218   stm32f4xx_hal_gpio.o
       140         12          0          0          0       1276   stm32f4xx_hal_pwr_ex.o
      1732         84          0          0          0       5508   stm32f4xx_hal_rcc.o
      1308          8          0          0          0       3712   stm32f4xx_hal_uart.o
        68          0          0          0          0      10843   stm32f4xx_it.o
       942        206          0         36         88      14293   sys_arch.o
       100         18         24          4          0     751247   system_stm32f4xx.o
      3338        886          0         60        740      28389   tasks.o
      6550       1860        197         32          0      39868   tcp.o
      6764       1268          0         40         16      20519   tcp_in.o
      7478       1942         85          0          0      32118   tcp_out.o
       700        218          0         16          0      10197   tcpip.o
       748        216         36         12          0       6855   timeouts.o
      1448        276          0          8          0       9873   udp.o

    ----------------------------------------------------------------------
     70900      15026       5124        424     145024    2069050   Object Totals
         0          0         32          0          0          0   (incl. Generated)
        72          0         20         17          3          0   (incl. Padding)

    ----------------------------------------------------------------------

      Code (inc. data)   RO Data    RW Data    ZI Data      Debug   Library Member Name

        86          0          0          0          0          0   __dczerorl2.o
         0          0          0          0          0          0   entry.o
         0          0          0          0          0          0   entry10a.o
         0          0          0          0          0          0   entry11a.o
         4          0          0          0          0          0   entry12b.o
         8          4          0          0          0          0   entry2.o
         4          0          0          0          0          0   entry5.o
         0          0          0          0          0          0   entry7b.o
         0          0          0          0          0          0   entry8b.o
         8          4          0          0          0          0   entry9a.o
        30          0          0          0          0          0   handlers.o
        36          8          0          0          0         68   init.o
        30          0          0          0          0         68   llshl.o
        32          0          0          0          0         68   llushr.o
        26          0          0          0          0         80   memcmp.o
        64          0          0          0          0         76   memmovea.o
        36          0          0          0          0        108   memseta.o
      1192         60          0          0          0        504   printf8.o
        36         10          0          4          0        136   rand.o
         0          0          0          4          0          0   stdout.o
        98          0          0          0          0         92   uldiv.o

    ----------------------------------------------------------------------
      1696         86          0          8          0       1200   Library Totals
         6          0          0          0          0          0   (incl. Padding)

    ----------------------------------------------------------------------

      Code (inc. data)   RO Data    RW Data    ZI Data      Debug   Library Name

      1690         86          0          8          0       1200   mc_w.l

    ----------------------------------------------------------------------
      1696         86          0          8          0       1200   Library Totals

    ----------------------------------------------------------------------

==============================================================================


      Code (inc. data)   RO Data    RW Data    ZI Data      Debug   

     72596      15112       5124        432     145024    2029414   Grand Totals
     72596      15112       5124         24     145024    2029414   ELF Image Totals (compressed)
     72596      15112       5124         24          0          0   ROM Totals

==============================================================================

    Total RO  Size (Code + RO Data)                77720 (  75.90kB)
    Total RW  Size (RW Data + ZI Data)            145456 ( 142.05kB)
    Total ROM Size (Code + RO Data + RW Data)      77744 (  75.92kB)

==============================================================================

