Component: ARM Compiler 5.06 update 7 (build 960) Tool: armlink [4d3601]

==============================================================================

Section Cross References

    startup_stm32f429xx.o(RESET) refers to startup_stm32f429xx.o(STACK) for __initial_sp
    startup_stm32f429xx.o(RESET) refers to startup_stm32f429xx.o(.text) for Reset_Handler
    startup_stm32f429xx.o(RESET) refers to stm32f4xx_it.o(i.NMI_Handler) for NMI_Handler
    startup_stm32f429xx.o(RESET) refers to stm32f4xx_it.o(i.MemManage_Handler) for MemManage_Handler
    startup_stm32f429xx.o(RESET) refers to stm32f4xx_it.o(i.BusFault_Handler) for BusFault_Handler
    startup_stm32f429xx.o(RESET) refers to stm32f4xx_it.o(i.UsageFault_Handler) for UsageFault_Handler
    startup_stm32f429xx.o(RESET) refers to port.o(.emb_text) for SVC_Handler
    startup_stm32f429xx.o(RESET) refers to stm32f4xx_it.o(i.DebugMon_Handler) for DebugMon_Handler
    startup_stm32f429xx.o(RESET) refers to stm32f4xx_it.o(i.SysTick_Handler) for SysTick_Handler
    startup_stm32f429xx.o(RESET) refers to bsp_eth.o(i.ETH_IRQHandler) for ETH_IRQHandler
    startup_stm32f429xx.o(.text) refers to system_stm32f4xx.o(i.SystemInit) for SystemInit
    startup_stm32f429xx.o(.text) refers to entry.o(.ARM.Collect$$$$00000000) for __main
    system_stm32f4xx.o(i.SystemCoreClockUpdate) refers to system_stm32f4xx.o(.data) for SystemCoreClock
    system_stm32f4xx.o(i.SystemCoreClockUpdate) refers to system_stm32f4xx.o(.constdata) for AHBPrescTable
    stm32f4xx_hal.o(i.HAL_DeInit) refers to stm32f4xx_hal.o(i.HAL_MspDeInit) for HAL_MspDeInit
    stm32f4xx_hal.o(i.HAL_Delay) refers to stm32f4xx_hal.o(i.HAL_GetTick) for HAL_GetTick
    stm32f4xx_hal.o(i.HAL_Delay) refers to stm32f4xx_hal.o(.data) for uwTickFreq
    stm32f4xx_hal.o(i.HAL_GetTick) refers to stm32f4xx_hal.o(.data) for uwTick
    stm32f4xx_hal.o(i.HAL_GetTickFreq) refers to stm32f4xx_hal.o(.data) for uwTickFreq
    stm32f4xx_hal.o(i.HAL_GetTickPrio) refers to stm32f4xx_hal.o(.data) for uwTickPrio
    stm32f4xx_hal.o(i.HAL_IncTick) refers to stm32f4xx_hal.o(.data) for uwTick
    stm32f4xx_hal.o(i.HAL_Init) refers to stm32f4xx_hal_cortex.o(i.HAL_NVIC_SetPriorityGrouping) for HAL_NVIC_SetPriorityGrouping
    stm32f4xx_hal.o(i.HAL_Init) refers to stm32f4xx_hal.o(i.HAL_InitTick) for HAL_InitTick
    stm32f4xx_hal.o(i.HAL_Init) refers to stm32f4xx_hal.o(i.HAL_MspInit) for HAL_MspInit
    stm32f4xx_hal.o(i.HAL_InitTick) refers to stm32f4xx_hal_cortex.o(i.HAL_SYSTICK_Config) for HAL_SYSTICK_Config
    stm32f4xx_hal.o(i.HAL_InitTick) refers to stm32f4xx_hal_cortex.o(i.HAL_NVIC_SetPriority) for HAL_NVIC_SetPriority
    stm32f4xx_hal.o(i.HAL_InitTick) refers to stm32f4xx_hal.o(.data) for uwTickFreq
    stm32f4xx_hal.o(i.HAL_InitTick) refers to system_stm32f4xx.o(.data) for SystemCoreClock
    stm32f4xx_hal.o(i.HAL_SetTickFreq) refers to stm32f4xx_hal.o(i.HAL_InitTick) for HAL_InitTick
    stm32f4xx_hal.o(i.HAL_SetTickFreq) refers to stm32f4xx_hal.o(.data) for uwTickFreq
    stm32f4xx_hal_adc.o(i.ADC_DMAConvCplt) refers to stm32f4xx_hal_adc.o(i.HAL_ADC_ConvCpltCallback) for HAL_ADC_ConvCpltCallback
    stm32f4xx_hal_adc.o(i.ADC_DMAError) refers to stm32f4xx_hal_adc.o(i.HAL_ADC_ErrorCallback) for HAL_ADC_ErrorCallback
    stm32f4xx_hal_adc.o(i.ADC_DMAHalfConvCplt) refers to stm32f4xx_hal_adc.o(i.HAL_ADC_ConvHalfCpltCallback) for HAL_ADC_ConvHalfCpltCallback
    stm32f4xx_hal_adc.o(i.HAL_ADC_ConfigChannel) refers to system_stm32f4xx.o(.data) for SystemCoreClock
    stm32f4xx_hal_adc.o(i.HAL_ADC_DeInit) refers to stm32f4xx_hal_adc.o(i.HAL_ADC_MspDeInit) for HAL_ADC_MspDeInit
    stm32f4xx_hal_adc.o(i.HAL_ADC_IRQHandler) refers to stm32f4xx_hal_adc.o(i.HAL_ADC_ConvCpltCallback) for HAL_ADC_ConvCpltCallback
    stm32f4xx_hal_adc.o(i.HAL_ADC_IRQHandler) refers to stm32f4xx_hal_adc_ex.o(i.HAL_ADCEx_InjectedConvCpltCallback) for HAL_ADCEx_InjectedConvCpltCallback
    stm32f4xx_hal_adc.o(i.HAL_ADC_IRQHandler) refers to stm32f4xx_hal_adc.o(i.HAL_ADC_LevelOutOfWindowCallback) for HAL_ADC_LevelOutOfWindowCallback
    stm32f4xx_hal_adc.o(i.HAL_ADC_IRQHandler) refers to stm32f4xx_hal_adc.o(i.HAL_ADC_ErrorCallback) for HAL_ADC_ErrorCallback
    stm32f4xx_hal_adc.o(i.HAL_ADC_Init) refers to stm32f4xx_hal_adc.o(i.HAL_ADC_MspInit) for HAL_ADC_MspInit
    stm32f4xx_hal_adc.o(i.HAL_ADC_Init) refers to stm32f4xx_hal_adc.o(i.ADC_Init) for ADC_Init
    stm32f4xx_hal_adc.o(i.HAL_ADC_PollForConversion) refers to stm32f4xx_hal.o(i.HAL_GetTick) for HAL_GetTick
    stm32f4xx_hal_adc.o(i.HAL_ADC_PollForEvent) refers to stm32f4xx_hal.o(i.HAL_GetTick) for HAL_GetTick
    stm32f4xx_hal_adc.o(i.HAL_ADC_Start) refers to system_stm32f4xx.o(.data) for SystemCoreClock
    stm32f4xx_hal_adc.o(i.HAL_ADC_Start_DMA) refers to stm32f4xx_hal_dma.o(i.HAL_DMA_Start_IT) for HAL_DMA_Start_IT
    stm32f4xx_hal_adc.o(i.HAL_ADC_Start_DMA) refers to system_stm32f4xx.o(.data) for SystemCoreClock
[...]
    HAL_ETH_Init                             0x08000eb9   Thumb Code   640  stm32f4xx_hal_eth.o(i.HAL_ETH_Init)
    HAL_ETH_MspDeInit                        0x08001155   Thumb Code    86  bsp_eth.o(i.HAL_ETH_MspDeInit)
    HAL_ETH_MspInit                          0x080011c5   Thumb Code   246  bsp_eth.o(i.HAL_ETH_MspInit)
    HAL_ETH_ReadPHYRegister                  0x080012d5   Thumb Code   146  stm32f4xx_hal_eth.o(i.HAL_ETH_ReadPHYRegister)
    HAL_ETH_RxCpltCallback                   0x08001369   Thumb Code    40  bsp_eth.o(i.HAL_ETH_RxCpltCallback)
    HAL_ETH_Start                            0x08001399   Thumb Code    82  stm32f4xx_hal_eth.o(i.HAL_ETH_Start)
    HAL_ETH_TransmitFrame                    0x080013eb   Thumb Code   318  stm32f4xx_hal_eth.o(i.HAL_ETH_TransmitFrame)
    HAL_ETH_TxCpltCallback                   0x08001529   Thumb Code     2  bsp_eth.o(i.HAL_ETH_TxCpltCallback)
    HAL_ETH_WritePHYRegister                 0x0800152b   Thumb Code   144  stm32f4xx_hal_eth.o(i.HAL_ETH_WritePHYRegister)
    HAL_GPIO_DeInit                          0x080015bd   Thumb Code   336  stm32f4xx_hal_gpio.o(i.HAL_GPIO_DeInit)
    HAL_GPIO_Init                            0x0800173d   Thumb Code   486  stm32f4xx_hal_gpio.o(i.HAL_GPIO_Init)
    HAL_GPIO_WritePin                        0x08001959   Thumb Code    12  stm32f4xx_hal_gpio.o(i.HAL_GPIO_WritePin)
    HAL_GetTick                              0x08001965   Thumb Code     6  stm32f4xx_hal.o(i.HAL_GetTick)
    HAL_IncTick                              0x08001971   Thumb Code    16  stm32f4xx_hal.o(i.HAL_IncTick)
    HAL_Init                                 0x08001989   Thumb Code    54  stm32f4xx_hal.o(i.HAL_Init)
    HAL_InitTick                             0x080019c5   Thumb Code    64  stm32f4xx_hal.o(i.HAL_InitTick)
    HAL_MspInit                              0x08001a11   Thumb Code     2  stm32f4xx_hal.o(i.HAL_MspInit)
    HAL_NVIC_EnableIRQ                       0x08001a13   Thumb Code    26  stm32f4xx_hal_cortex.o(i.HAL_NVIC_EnableIRQ)
    HAL_NVIC_SetPriority                     0x08001a2d   Thumb Code   124  stm32f4xx_hal_cortex.o(i.HAL_NVIC_SetPriority)
    HAL_NVIC_SetPriorityGrouping             0x08001aa9   Thumb Code    32  stm32f4xx_hal_cortex.o(i.HAL_NVIC_SetPriorityGrouping)
    HAL_PWREx_EnableOverDrive                0x08001ad1   Thumb Code   128  stm32f4xx_hal_pwr_ex.o(i.HAL_PWREx_EnableOverDrive)
    HAL_RCC_ClockConfig                      0x08001b5d   Thumb Code   366  stm32f4xx_hal_rcc.o(i.HAL_RCC_ClockConfig)
    HAL_RCC_GetHCLKFreq                      0x08001cdd   Thumb Code     6  stm32f4xx_hal_rcc.o(i.HAL_RCC_GetHCLKFreq)
    HAL_RCC_GetPCLK1Freq                     0x08001ce9   Thumb Code    22  stm32f4xx_hal_rcc.o(i.HAL_RCC_GetPCLK1Freq)
    HAL_RCC_GetPCLK2Freq                     0x08001d09   Thumb Code    22  stm32f4xx_hal_rcc.o(i.HAL_RCC_GetPCLK2Freq)
    HAL_RCC_GetSysClockFreq                  0x08001d29   Thumb Code   162  stm32f4xx_hal_rcc.o(i.HAL_RCC_GetSysClockFreq)
    HAL_RCC_OscConfig                        0x08001dd9   Thumb Code  1086  stm32f4xx_hal_rcc.o(i.HAL_RCC_OscConfig)
    HAL_SYSTICK_Config                       0x08002221   Thumb Code    52  stm32f4xx_hal_cortex.o(i.HAL_SYSTICK_Config)
    HAL_UART_Init                            0x08002255   Thumb Code   114  stm32f4xx_hal_uart.o(i.HAL_UART_Init)
    HAL_UART_MspInit                         0x080022c9   Thumb Code   170  bsp_debug_usart.o(i.HAL_UART_MspInit)
    HAL_UART_Transmit                        0x0800237d   Thumb Code   214  stm32f4xx_hal_uart.o(i.HAL_UART_Transmit)
    LED_GPIO_Config                          0x08002455   Thumb Code   168  bsp_led.o(i.LED_GPIO_Config)
    MemManage_Handler                        0x08002505   Thumb Code     4  stm32f4xx_it.o(i.MemManage_Handler)
    NMI_Handler                              0x08002509   Thumb Code     2  stm32f4xx_it.o(i.NMI_Handler)
    SysTick_Handler                          0x08002545   Thumb Code    52  stm32f4xx_it.o(i.SysTick_Handler)
    SystemInit                               0x08002621   Thumb Code    82  system_stm32f4xx.o(i.SystemInit)
    TCPIP_Init                               0x08002685   Thumb Code   120  sys_arch.o(i.TCPIP_Init)
    UsageFault_Handler                       0x08002b49   Thumb Code     4  stm32f4xx_it.o(i.UsageFault_Handler)
    __0printf$5                              0x08002b4d   Thumb Code    22  printf5.o(i.__0printf$5)
    __1printf$5                              0x08002b4d   Thumb Code     0  printf5.o(i.__0printf$5)
    __2printf                                0x08002b4d   Thumb Code     0  printf5.o(i.__0printf$5)
    __scatterload_copy                       0x08002b6d   Thumb Code    14  handlers.o(i.__scatterload_copy)
    __scatterload_null                       0x08002b7b   Thumb Code     2  handlers.o(i.__scatterload_null)
    __scatterload_zeroinit                   0x08002b7d   Thumb Code    14  handlers.o(i.__scatterload_zeroinit)
    client_init                              0x08003025   Thumb Code    20  client.o(i.client_init)
    err_to_errno                             0x08003285   Thumb Code    26  err.o(i.err_to_errno)
    etharp_cleanup_netif                     0x080032a5   Thumb Code    50  etharp.o(i.etharp_cleanup_netif)
    etharp_input                             0x08003595   Thumb Code   192  etharp.o(i.etharp_input)
    etharp_output                            0x08003665   Thumb Code   368  etharp.o(i.etharp_output)
    etharp_query                             0x0800390d   Thumb Code   442  etharp.o(i.etharp_query)
    etharp_request                           0x08003c41   Thumb Code    18  etharp.o(i.etharp_request)
    etharp_tmr                               0x08003c85   Thumb Code   214  etharp.o(i.etharp_tmr)
    ethernet_input                           0x08003e55   Thumb Code   190  ethernet.o(i.ethernet_input)
    ethernet_output                          0x08003f19   Thumb Code   104  ethernet.o(i.ethernet_output)
    ethernetif_init                          0x08003fb5   Thumb Code    90  ethernetif.o(i.ethernetif_init)
    ethernetif_input                         0x08004055   Thumb Code    72  ethernetif.o(i.ethernetif_input)
    fputc                                    0x080041b1   Thumb Code    22  bsp_debug_usart.o(i.fputc)
    icmp_dest_unreach                        0x08004261   Thumb Code    18  icmp.o(i.icmp_dest_unreach)
    icmp_input                               0x08004275   Thumb Code   416  icmp.o(i.icmp_input)
    icmp_time_exceeded                       0x08004539   Thumb Code    18  icmp.o(i.icmp_time_exceeded)
    inet_chksum_pbuf                         0x0800454b   Thumb Code    86  inet_chksum.o(i.inet_chksum_pbuf)
    ip4_addr_isbroadcast_u32                 0x080045a1   Thumb Code    78  ip4_addr.o(i.ip4_addr_isbroadcast_u32)
    ip4_frag                                 0x080045f1   Thumb Code   512  ip4_frag.o(i.ip4_frag)
    ip4_input                                0x08004841   Thumb Code   402  ip4.o(i.ip4_input)
    ip4_output_if                            0x08004a11   Thumb Code    54  ip4.o(i.ip4_output_if)
    ip4_output_if_src                        0x08004a49   Thumb Code   234  ip4.o(i.ip4_output_if_src)
    ip4_reass                                0x08004b79   Thumb Code   560  ip4_frag.o(i.ip4_reass)
    ip4_route                                0x08004df9   Thumb Code   140  ip4.o(i.ip4_route)
    ip4addr_aton                             0x08004e8d   Thumb Code   406  ip4_addr.o(i.ip4addr_aton)
    ip_reass_tmr                             0x08005569   Thumb Code    48  ip4_frag.o(i.ip_reass_tmr)
    ipaddr_addr                              0x0800559d   Thumb Code    24  ip4_addr.o(i.ipaddr_addr)
    lwip_close                               0x08005a09   Thumb Code   126  sockets.o(i.lwip_close)
    lwip_connect                             0x08005aa5   Thumb Code   194  sockets.o(i.lwip_connect)
    lwip_htonl                               0x08005bdd   Thumb Code    26  def.o(i.lwip_htonl)
    lwip_htons                               0x08005bf7   Thumb Code    12  def.o(i.lwip_htons)
    lwip_init                                0x08005c05   Thumb Code    60  init.o(i.lwip_init)
    lwip_netconn_do_connect                  0x08005f09   Thumb Code   276  api_msg.o(i.lwip_netconn_do_connect)
    lwip_netconn_do_delconn                  0x08006181   Thumb Code   316  api_msg.o(i.lwip_netconn_do_delconn)
    lwip_netconn_do_disconnect               0x08006319   Thumb Code    38  api_msg.o(i.lwip_netconn_do_disconnect)
    lwip_netconn_do_newconn                  0x0800633f   Thumb Code    24  api_msg.o(i.lwip_netconn_do_newconn)
    lwip_netconn_do_send                     0x08006357   Thumb Code   100  api_msg.o(i.lwip_netconn_do_send)
    lwip_netconn_do_write                    0x080063bd   Thumb Code   192  api_msg.o(i.lwip_netconn_do_write)
    lwip_netconn_is_err_msg                  0x08006895   Thumb Code    68  api_msg.o(i.lwip_netconn_is_err_msg)
    lwip_send                                0x08006939   Thumb Code   156  sockets.o(i.lwip_send)
    lwip_sendto                              0x080069d9   Thumb Code   280  sockets.o(i.lwip_sendto)
    lwip_socket                              0x08006b15   Thumb Code   158  sockets.o(i.lwip_socket)
    lwip_standard_chksum                     0x08006bbd   Thumb Code    94  inet_chksum.o(i.lwip_standard_chksum)
    lwip_write                               0x08006c1b   Thumb Code    22  sockets.o(i.lwip_write)
    main                                     0x08006c31   Thumb Code    50  main.o(i.main)
    mem_free                                 0x08006c7d   Thumb Code   228  mem.o(i.mem_free)
    mem_init                                 0x08006e0d   Thumb Code    98  mem.o(i.mem_init)
    mem_malloc                               0x08006ef9   Thumb Code   380  mem.o(i.mem_malloc)
    mem_trim                                 0x08007145   Thumb Code   380  mem.o(i.mem_trim)
    memp_free                                0x0800731d   Thumb Code    46  memp.o(i.memp_free)
    memp_init                                0x0800736d   Thumb Code    26  memp.o(i.memp_init)
    memp_init_pool                           0x0800738d   Thumb Code    44  memp.o(i.memp_init_pool)
    memp_malloc                              0x080073b9   Thumb Code    42  memp.o(i.memp_malloc)
    netbuf_delete                            0x08007409   Thumb Code    32  netbuf.o(i.netbuf_delete)
    netbuf_free                              0x08007429   Thumb Code    42  netbuf.o(i.netbuf_free)
    netbuf_ref                               0x08007471   Thumb Code    84  netbuf.o(i.netbuf_ref)
    netconn_alloc                            0x080074dd   Thumb Code   152  api_msg.o(i.netconn_alloc)
    netconn_connect                          0x080075c1   Thumb Code    60  api_lib.o(i.netconn_connect)
    netconn_delete                           0x08007625   Thumb Code    30  api_lib.o(i.netconn_delete)
    netconn_disconnect                       0x08007645   Thumb Code    46  api_lib.o(i.netconn_disconnect)
    netconn_err                              0x08007747   Thumb Code    34  api_lib.o(i.netconn_err)
    netconn_free                             0x08007769   Thumb Code    96  api_msg.o(i.netconn_free)
    netconn_new_with_proto_and_callback      0x08007871   Thumb Code   176  api_lib.o(i.netconn_new_with_proto_and_callback)
    netconn_prepare_delete                   0x080079a1   Thumb Code    42  api_lib.o(i.netconn_prepare_delete)
    netconn_send                             0x080079d1   Thumb Code    50  api_lib.o(i.netconn_send)
    netconn_write_partly                     0x08007a25   Thumb Code    40  api_lib.o(i.netconn_write_partly)
    netconn_write_vectors_partly             0x08007a4d   Thumb Code   256  api_lib.o(i.netconn_write_vectors_partly)
    netif_add                                0x08007bb5   Thumb Code   282  netif.o(i.netif_add)
    netif_get_by_index                       0x08007e41   Thumb Code    36  netif.o(i.netif_get_by_index)
    netif_init                               0x08007e69   Thumb Code     2  netif.o(i.netif_init)
    netif_set_addr                           0x08007ee5   Thumb Code    92  netif.o(i.netif_set_addr)
    netif_set_default                        0x08007f45   Thumb Code     6  netif.o(i.netif_set_default)
    netif_set_down                           0x08007f51   Thumb Code    68  netif.o(i.netif_set_down)
    netif_set_up                             0x08007fb5   Thumb Code    60  netif.o(i.netif_set_up)
    pbuf_add_header                          0x0800800d   Thumb Code    18  pbuf.o(i.pbuf_add_header)
    pbuf_alloc                               0x080080a9   Thumb Code   374  pbuf.o(i.pbuf_alloc)
    pbuf_alloc_reference                     0x080082cd   Thumb Code    70  pbuf.o(i.pbuf_alloc_reference)
    pbuf_alloced_custom                      0x08008329   Thumb Code    82  pbuf.o(i.pbuf_alloced_custom)
    pbuf_cat                                 0x0800837d   Thumb Code   100  pbuf.o(i.pbuf_cat)
    pbuf_chain                               0x08008459   Thumb Code    22  pbuf.o(i.pbuf_chain)
    pbuf_clen                                0x0800846f   Thumb Code    18  pbuf.o(i.pbuf_clen)
    pbuf_clone                               0x08008481   Thumb Code    60  pbuf.o(i.pbuf_clone)
    pbuf_copy                                0x080084d1   Thumb Code   252  pbuf.o(i.pbuf_copy)
    pbuf_copy_partial                        0x0800866d   Thumb Code   148  pbuf.o(i.pbuf_copy_partial)
    pbuf_free                                0x08008745   Thumb Code   204  pbuf.o(i.pbuf_free)
    pbuf_header_force                        0x0800886d   Thumb Code    18  pbuf.o(i.pbuf_header_force)
    pbuf_realloc                             0x080088c1   Thumb Code   164  pbuf.o(i.pbuf_realloc)
    pbuf_ref                                 0x080089b1   Thumb Code    50  pbuf.o(i.pbuf_ref)
    pbuf_remove_header                       0x080089f9   Thumb Code    94  pbuf.o(i.pbuf_remove_header)
    pvPortMalloc                             0x08009381   Thumb Code   262  heap_4.o(i.pvPortMalloc)
    pvTaskIncrementMutexHeldCount            0x080094d1   Thumb Code    26  tasks.o(i.pvTaskIncrementMutexHeldCount)
    pxPortInitialiseStack                    0x080094f1   Thumb Code    38  port.o(i.pxPortInitialiseStack)
    sys_arch_mbox_fetch                      0x08009945   Thumb Code    74  sys_arch.o(i.sys_arch_mbox_fetch)
    sys_arch_mbox_tryfetch                   0x0800998f   Thumb Code    36  sys_arch.o(i.sys_arch_mbox_tryfetch)
    sys_arch_protect                         0x080099b3   Thumb Code    10  sys_arch.o(i.sys_arch_protect)
    sys_arch_sem_wait                        0x080099bd   Thumb Code    72  sys_arch.o(i.sys_arch_sem_wait)
    sys_arch_unprotect                       0x08009a05   Thumb Code    10  sys_arch.o(i.sys_arch_unprotect)
    sys_check_timeouts                       0x08009a11   Thumb Code    74  timeouts.o(i.sys_check_timeouts)
    sys_init                                 0x08009a65   Thumb Code    34  sys_arch.o(i.sys_init)
    sys_mbox_free                            0x08009a91   Thumb Code    18  sys_arch.o(i.sys_mbox_free)
    sys_mbox_new                             0x08009aa3   Thumb Code    32  sys_arch.o(i.sys_mbox_new)
    sys_mbox_set_invalid                     0x08009ac3   Thumb Code     6  sys_arch.o(i.sys_mbox_set_invalid)
    sys_mbox_trypost                         0x08009ac9   Thumb Code    30  sys_arch.o(i.sys_mbox_trypost)
    sys_mbox_valid                           0x08009ae7   Thumb Code    14  sys_arch.o(i.sys_mbox_valid)
    sys_mutex_lock                           0x08009af5   Thumb Code    18  sys_arch.o(i.sys_mutex_lock)
    sys_mutex_new                            0x08009b09   Thumb Code    32  sys_arch.o(i.sys_mutex_new)
    sys_mutex_unlock                         0x08009b45   Thumb Code    18  sys_arch.o(i.sys_mutex_unlock)
    sys_now                                  0x08009b59   Thumb Code    16  sys_arch.o(i.sys_now)
    sys_sem_free                             0x08009b6d   Thumb Code    16  sys_arch.o(i.sys_sem_free)
    sys_sem_new                              0x08009b7d   Thumb Code    64  sys_arch.o(i.sys_sem_new)
    sys_sem_set_invalid                      0x08009bd9   Thumb Code     6  sys_arch.o(i.sys_sem_set_invalid)
    sys_sem_signal                           0x08009be1   Thumb Code    28  sys_arch.o(i.sys_sem_signal)
    sys_sem_valid                            0x08009c1d   Thumb Code    14  sys_arch.o(i.sys_sem_valid)
    sys_thread_new                           0x08009c2d   Thumb Code    68  sys_arch.o(i.sys_thread_new)
    sys_timeout                              0x08009c99   Thumb Code    50  timeouts.o(i.sys_timeout)
    sys_timeouts_init                        0x08009de1   Thumb Code    30  timeouts.o(i.sys_timeouts_init)
    sys_timeouts_sleeptime                   0x08009e09   Thumb Code    78  timeouts.o(i.sys_timeouts_sleeptime)
    tcp_abandon                              0x08009e71   Thumb Code   256  tcp.o(i.tcp_abandon)
    tcp_abort                                0x08009fd1   Thumb Code    14  tcp.o(i.tcp_abort)
    tcp_accept                               0x08009fdf   Thumb Code    16  tcp.o(i.tcp_accept)
    tcp_alloc                                0x08009ff1   Thumb Code   174  tcp.o(i.tcp_alloc)
    tcp_arg                                  0x0800a0b1   Thumb Code     6  tcp.o(i.tcp_arg)
    tcp_close                                0x0800a0b9   Thumb Code    54  tcp.o(i.tcp_close)
    tcp_connect                              0x0800a335   Thumb Code   372  tcp.o(i.tcp_connect)
    tcp_eff_send_mss_netif                   0x0800a681   Thumb Code    72  tcp.o(i.tcp_eff_send_mss_netif)
    tcp_enqueue_flags                        0x0800a6f1   Thumb Code   358  tcp_out.o(i.tcp_enqueue_flags)
    tcp_err                                  0x0800a925   Thumb Code    34  tcp.o(i.tcp_err)
    tcp_fasttmr                              0x0800a971   Thumb Code   142  tcp.o(i.tcp_fasttmr)
    tcp_free                                 0x0800aa0d   Thumb Code    34  tcp.o(i.tcp_free)
    tcp_init                                 0x0800abed   Thumb Code     2  tcp.o(i.tcp_init)
    tcp_input                                0x0800abf1   Thumb Code  1846  tcp_in.o(i.tcp_input)
    tcp_keepalive                            0x0800b3f1   Thumb Code    88  tcp_out.o(i.tcp_keepalive)
    tcp_netif_ip_addr_changed                0x0800b771   Thumb Code    64  tcp.o(i.tcp_netif_ip_addr_changed)
    tcp_new_ip_type                          0x0800b82d   Thumb Code    16  tcp.o(i.tcp_new_ip_type)
    tcp_next_iss                             0x0800b8a5   Thumb Code    40  tcp.o(i.tcp_next_iss)
    tcp_output                               0x0800b8f1   Thumb Code   658  tcp_out.o(i.tcp_output)
    tcp_pcb_purge                            0x0800c249   Thumb Code    84  tcp.o(i.tcp_pcb_purge)
    tcp_pcb_remove                           0x0800c2b9   Thumb Code   184  tcp.o(i.tcp_pcb_remove)
    tcp_poll                                 0x0800c3e1   Thumb Code    56  tcp.o(i.tcp_poll)
    tcp_process_refused_data                 0x0800caf5   Thumb Code   172  tcp.o(i.tcp_process_refused_data)
    tcp_recv                                 0x0800d2f1   Thumb Code    34  tcp.o(i.tcp_recv)
    tcp_recv_null                            0x0800d33d   Thumb Code    68  tcp.o(i.tcp_recv_null)
    tcp_recved                               0x0800d39d   Thumb Code   116  tcp.o(i.tcp_recved)
    tcp_rexmit                               0x0800d4a5   Thumb Code   132  tcp_out.o(i.tcp_rexmit)
    tcp_rexmit_fast                          0x0800d541   Thumb Code   132  tcp_out.o(i.tcp_rexmit_fast)
    tcp_rexmit_rto                           0x0800d5e5   Thumb Code    36  tcp_out.o(i.tcp_rexmit_rto)
    tcp_rexmit_rto_commit                    0x0800d625   Thumb Code    46  tcp_out.o(i.tcp_rexmit_rto_commit)
    tcp_rexmit_rto_prepare                   0x0800d679   Thumb Code   140  tcp_out.o(i.tcp_rexmit_rto_prepare)
    tcp_rst                                  0x0800d749   Thumb Code   128  tcp_out.o(i.tcp_rst)
    tcp_seg_free                             0x0800d801   Thumb Code    26  tcp.o(i.tcp_seg_free)
    tcp_segs_free                            0x0800d81b   Thumb Code    24  tcp.o(i.tcp_segs_free)
    tcp_send_empty_ack                       0x0800d835   Thumb Code   184  tcp_out.o(i.tcp_send_empty_ack)
    tcp_send_fin                             0x0800d90d   Thumb Code    94  tcp_out.o(i.tcp_send_fin)
    tcp_sent                                 0x0800d989   Thumb Code    32  tcp.o(i.tcp_sent)
    tcp_shutdown                             0x0800d9d1   Thumb Code   124  tcp.o(i.tcp_shutdown)
    tcp_slowtmr                              0x0800da69   Thumb Code  1486  tcp.o(i.tcp_slowtmr)
    tcp_split_unsent_seg                     0x0800e0c1   Thumb Code   468  tcp_out.o(i.tcp_split_unsent_seg)
    tcp_timer_needed                         0x0800e309   Thumb Code    38  timeouts.o(i.tcp_timer_needed)
    tcp_tmr                                  0x0800e41d   Thumb Code    30  tcp.o(i.tcp_tmr)
    tcp_trigger_input_pcb_close              0x0800e441   Thumb Code    14  tcp_in.o(i.tcp_trigger_input_pcb_close)
    tcp_update_rcv_ann_wnd                   0x0800e455   Thumb Code   110  tcp.o(i.tcp_update_rcv_ann_wnd)
    tcp_write                                0x0800e505   Thumb Code  1712  tcp_out.o(i.tcp_write)
    tcp_zero_window_probe                    0x0800ed79   Thumb Code   228  tcp_out.o(i.tcp_zero_window_probe)
    tcpip_init                               0x0800ee81   Thumb Code    84  tcpip.o(i.tcpip_init)
    tcpip_inpkt                              0x0800ef39   Thumb Code    88  tcpip.o(i.tcpip_inpkt)
    tcpip_input                              0x0800efa5   Thumb Code    40  tcpip.o(i.tcpip_input)
    tcpip_send_msg_wait_sem                  0x0800efd5   Thumb Code    28  tcpip.o(i.tcpip_send_msg_wait_sem)
    udp_bind                                 0x0800f1bd   Thumb Code   162  udp.o(i.udp_bind)
    udp_connect                              0x0800f281   Thumb Code   138  udp.o(i.udp_connect)
    udp_disconnect                           0x0800f349   Thumb Code    46  udp.o(i.udp_disconnect)
    udp_init                                 0x0800f395   Thumb Code     2  udp.o(i.udp_init)
    udp_input                                0x0800f399   Thumb Code   388  udp.o(i.udp_input)
    udp_netif_ip_addr_changed                0x0800f645   Thumb Code    42  udp.o(i.udp_netif_ip_addr_changed)
    udp_new                                  0x0800f675   Thumb Code    28  udp.o(i.udp_new)
    udp_new_ip_type                          0x0800f691   Thumb Code    14  udp.o(i.udp_new_ip_type)
    udp_recv                                 0x0800f6f9   Thumb Code    34  udp.o(i.udp_recv)
    udp_remove                               0x0800f735   Thumb Code    84  udp.o(i.udp_remove)
    udp_send                                 0x0800f7a5   Thumb Code    64  udp.o(i.udp_send)
    udp_sendto                               0x0800f815   Thumb Code   126  udp.o(i.udp_sendto)
    udp_sendto_if                            0x0800f8e5   Thumb Code   162  udp.o(i.udp_sendto_if)
    udp_sendto_if_src                        0x0800fa01   Thumb Code   332  udp.o(i.udp_sendto_if_src)
    uxListRemove                             0x0800fc29   Thumb Code    40  list.o(i.uxListRemove)
    uxQueueMessagesWaiting                   0x0800fc51   Thumb Code    32  queue.o(i.uxQueueMessagesWaiting)
    vListInitialise                          0x0800fc99   Thumb Code    26  list.o(i.vListInitialise)
    vListInitialiseItem                      0x0800fcb3   Thumb Code     6  list.o(i.vListInitialiseItem)
    vListInsert                              0x0800fcb9   Thumb Code    52  list.o(i.vListInsert)
    vListInsertEnd                           0x0800fced   Thumb Code    24  list.o(i.vListInsertEnd)
    vPortEnterCritical                       0x0800fd05   Thumb Code    68  port.o(i.vPortEnterCritical)
    vPortExitCritical                        0x0800fd89   Thumb Code    48  port.o(i.vPortExitCritical)
    vPortFree                                0x0800fdf5   Thumb Code   120  heap_4.o(i.vPortFree)
    vPortSetupTimerInterrupt                 0x0800fea9   Thumb Code    26  port.o(i.vPortSetupTimerInterrupt)
    vPortValidateInterruptPriority           0x0800fec9   Thumb Code    86  port.o(i.vPortValidateInterruptPriority)
    vQueueDelete                             0x0800ff65   Thumb Code    34  queue.o(i.vQueueDelete)
    vQueueUnregisterQueue                    0x0800ffb1   Thumb Code    44  queue.o(i.vQueueUnregisterQueue)
    vTaskDelay                               0x0800ffe1   Thumb Code    72  tasks.o(i.vTaskDelay)
    vTaskDelete                              0x08010059   Thumb Code   192  tasks.o(i.vTaskDelete)
    vTaskMissedYield                         0x08010169   Thumb Code     8  tasks.o(i.vTaskMissedYield)
    vTaskPlaceOnEventList                    0x08010175   Thumb Code    42  tasks.o(i.vTaskPlaceOnEventList)
    vTaskPriorityInherit                     0x080101cd   Thumb Code   164  tasks.o(i.vTaskPriorityInherit)
    vTaskSetTimeOutState                     0x0801027d   Thumb Code    32  tasks.o(i.vTaskSetTimeOutState)
    vTaskStartScheduler                      0x080102cd   Thumb Code    98  tasks.o(i.vTaskStartScheduler)
    vTaskSuspendAll                          0x08010375   Thumb Code    12  tasks.o(i.vTaskSuspendAll)
    vTaskSwitchContext                       0x08010385   Thumb Code   110  tasks.o(i.vTaskSwitchContext)
    xPortStartScheduler                      0x08010431   Thumb Code   258  port.o(i.xPortStartScheduler)
    xPortSysTickHandler                      0x08010589   Thumb Code    46  port.o(i.xPortSysTickHandler)
    xQueueCreateCountingSemaphore            0x080105bd   Thumb Code    72  queue.o(i.xQueueCreateCountingSemaphore)
    xQueueCreateMutex                        0x0801062d   Thumb Code    34  queue.o(i.xQueueCreateMutex)
    xQueueGenericCreate                      0x08010651   Thumb Code    78  queue.o(i.xQueueGenericCreate)
    xQueueGenericReceive                     0x080106c9   Thumb Code   416  queue.o(i.xQueueGenericReceive)
    xQueueGenericReset                       0x08010895   Thumb Code   136  queue.o(i.xQueueGenericReset)
    xQueueGenericSend                        0x08010949   Thumb Code   380  queue.o(i.xQueueGenericSend)
    xQueueGiveFromISR                        0x08010af1   Thumb Code   194  queue.o(i.xQueueGiveFromISR)
    xTaskCheckForTimeOut                     0x08010bdd   Thumb Code   116  tasks.o(i.xTaskCheckForTimeOut)
    xTaskCreate                              0x08010c81   Thumb Code    96  tasks.o(i.xTaskCreate)
    xTaskGetSchedulerState                   0x08010ce1   Thumb Code    24  tasks.o(i.xTaskGetSchedulerState)
    xTaskGetTickCount                        0x08010d01   Thumb Code     6  tasks.o(i.xTaskGetTickCount)
    xTaskIncrementTick                       0x08010d0d   Thumb Code   272  tasks.o(i.xTaskIncrementTick)
    xTaskPriorityDisinherit                  0x08010e71   Thumb Code   168  tasks.o(i.xTaskPriorityDisinherit)
    xTaskRemoveFromEventList                 0x08010f4d   Thumb Code   118  tasks.o(i.xTaskRemoveFromEventList)
    xTaskResumeAll                           0x08011005   Thumb Code   214  tasks.o(i.xTaskResumeAll)
    AHBPrescTable                            0x08011128   Data          16  system_stm32f4xx.o(.constdata)
    APBPrescTable                            0x08011138   Data           8  system_stm32f4xx.o(.constdata)
    netconn_aborted                          0x08011140   Data           1  api_msg.o(.constdata)
    netconn_reset                            0x08011141   Data           1  api_msg.o(.constdata)
    netconn_closed                           0x08011142   Data           1  api_msg.o(.constdata)
    ip_addr_any                              0x08011188   Data           4  ip4_addr.o(.constdata)
    ip_addr_broadcast                        0x0801118c   Data           4  ip4_addr.o(.constdata)
    memp_UDP_PCB                             0x08011190   Data          12  memp.o(.constdata)
    memp_TCP_PCB                             0x0801119c   Data          12  memp.o(.constdata)
    memp_TCP_PCB_LISTEN                      0x080111a8   Data          12  memp.o(.constdata)
    memp_TCP_SEG                             0x080111b4   Data          12  memp.o(.constdata)
    memp_REASSDATA                           0x080111c0   Data          12  memp.o(.constdata)
    memp_FRAG_PBUF                           0x080111cc   Data          12  memp.o(.constdata)
    memp_NETBUF                              0x080111d8   Data          12  memp.o(.constdata)
    memp_NETCONN                             0x080111e4   Data          12  memp.o(.constdata)
    memp_TCPIP_MSG_API                       0x080111f0   Data          12  memp.o(.constdata)
    memp_TCPIP_MSG_INPKT                     0x080111fc   Data          12  memp.o(.constdata)
    memp_SYS_TIMEOUT                         0x08011208   Data          12  memp.o(.constdata)
    memp_PBUF                                0x08011214   Data          12  memp.o(.constdata)
    memp_PBUF_POOL                           0x08011220   Data          12  memp.o(.constdata)
    memp_pools                               0x0801122c   Data          52  memp.o(.constdata)
    tcp_pcb_lists                            0x080112a0   Data          16  tcp.o(.constdata)
    lwip_cyclic_timers                       0x080112b0   Data          24  timeouts.o(.constdata)
    lwip_num_cyclic_timers                   0x080112c8   Data           4  timeouts.o(.constdata)
    ethbroadcast                             0x080112cc   Data           6  ethernet.o(.constdata)
    ethzero                                  0x080112d2   Data           6  ethernet.o(.constdata)
    __ctype_table                            0x080112d8   Data         129  ctype_o.o(.constdata)
    Region$$Table$$Base                      0x08011544   Number         0  anon$$obj.o(Region$$Table)
    Region$$Table$$Limit                     0x08011564   Number         0  anon$$obj.o(Region$$Table)
    SystemCoreClock                          0x20000000   Data           4  system_stm32f4xx.o(.data)
    uwTick                                   0x20000004   Data           4  stm32f4xx_hal.o(.data)
    uwTickPrio                               0x20000008   Data           4  stm32f4xx_hal.o(.data)
    uwTickFreq                               0x2000000c   Data           1  stm32f4xx_hal.o(.data)
    lock_tcpip_core                          0x2000002c   Data           4  tcpip.o(.data)
    netif_list                               0x20000080   Data           4  netif.o(.data)
    netif_default                            0x20000084   Data           4  netif.o(.data)
    tcp_ticks                                0x20000090   Data           4  tcp.o(.data)
    tcp_bound_pcbs                           0x20000094   Data           4  tcp.o(.data)
    tcp_listen_pcbs                          0x20000098   Data           4  tcp.o(.data)
    tcp_active_pcbs                          0x2000009c   Data           4  tcp.o(.data)
    tcp_tw_pcbs                              0x200000a0   Data           4  tcp.o(.data)
    tcp_active_pcbs_changed                  0x200000a4   Data           1  tcp.o(.data)
    tcp_input_pcb                            0x200000d0   Data           4  tcp_in.o(.data)
    udp_pcbs                                 0x200000e4   Data           4  udp.o(.data)
    s_xSemaphore                             0x200000e8   Data           4  ethernetif.o(.data)
    tx_sem                                   0x200000ec   Data           4  ethernetif.o(.data)
    eth_tx_mb                                0x200000f0   Data           4  ethernetif.o(.data)
    errno                                    0x200000f8   Data           4  sys_arch.o(.data)
    lwip_sys_now                             0x200000fc   Data           4  sys_arch.o(.data)
    ipaddr                                   0x20000104   Data           4  sys_arch.o(.data)
    netmask                                  0x20000108   Data           4  sys_arch.o(.data)
    gw                                       0x2000010c   Data           4  sys_arch.o(.data)
    IP_ADDRESS                               0x20000110   Data           4  sys_arch.o(.data)
    NETMASK_ADDRESS                          0x20000114   Data           4  sys_arch.o(.data)
    GATEWAY_ADDRESS                          0x20000118   Data           4  sys_arch.o(.data)
    pxCurrentTCB                             0x2000011c   Data           4  tasks.o(.data)
    __stdout                                 0x2000017c   Data           4  stdout.o(.data)
    UartHandle                               0x20000180   Data          64  bsp_debug_usart.o(.bss)
    heth                                     0x200001c0   Data          72  bsp_eth.o(.bss)
    DMARxDscrTab                             0x20000208   Data         256  bsp_eth.o(.bss)
    DMATxDscrTab                             0x20000308   Data         256  bsp_eth.o(.bss)
    Rx_Buff                                  0x20000408   Data       12192  bsp_eth.o(.bss)
    Tx_Buff                                  0x200033a8   Data       12192  bsp_eth.o(.bss)
    ip_data                                  0x20006478   Data          24  ip.o(.bss)
    ram_heap                                 0x20006490   Data       15379  mem.o(.bss)
    memp_memory_UDP_PCB_base                 0x2000a0a3   Data         131  memp.o(.bss)
    memp_memory_TCP_PCB_base                 0x2000a126   Data         915  memp.o(.bss)
    memp_memory_TCP_PCB_LISTEN_base          0x2000a4b9   Data         171  memp.o(.bss)
    memp_memory_TCP_SEG_base                 0x2000a564   Data        2403  memp.o(.bss)
    memp_memory_REASSDATA_base               0x2000aec7   Data         163  memp.o(.bss)
    memp_memory_FRAG_PBUF_base               0x2000af6a   Data         363  memp.o(.bss)
    memp_memory_NETBUF_base                  0x2000b0d5   Data          35  memp.o(.bss)
    memp_memory_NETCONN_base                 0x2000b0f8   Data         163  memp.o(.bss)
    memp_memory_TCPIP_MSG_API_base           0x2000b19b   Data         131  memp.o(.bss)
    memp_memory_TCPIP_MSG_INPKT_base         0x2000b21e   Data         131  memp.o(.bss)
    memp_memory_SYS_TIMEOUT_base             0x2000b2a1   Data          99  memp.o(.bss)
    memp_memory_PBUF_base                    0x2000b304   Data         403  memp.o(.bss)
    memp_memory_PBUF_POOL_base               0x2000b497   Data       68943  memp.o(.bss)
    gnetif                                   0x2001c218   Data          48  sys_arch.o(.bss)
    xQueueRegistry                           0x2001c248   Data          80  queue.o(.bss)
    __initial_sp                             0x20025980   Data           0  startup_stm32f429xx.o(STACK)



==============================================================================

Memory Map of the image

  Image Entry point : 0x080001ad

  Load Region LR_IROM1 (Base: 0x08000000, Size: 0x000116e4, Max: 0x00100000, ABSOLUTE, COMPRESSED[0x0001157c])

    Execution Region ER_IROM1 (Exec base: 0x08000000, Load base: 0x08000000, Size: 0x00011564, Max: 0x00100000, ABSOLUTE)

    Exec Addr    Load Addr    Size         Type   Attr      Idx    E Section Name        Object

    0x08000000   0x08000000   0x000001ac   Data   RO            3    RESET               startup_stm32f429xx.o
    0x080001ac   0x080001ac   0x00000000   Code   RO        14681  * .ARM.Collect$$$$00000000  mc_w.l(entry.o)
    0x080001ac   0x080001ac   0x00000004   Code   RO        14993    .ARM.Collect$$$$00000001  mc_w.l(entry2.o)
    0x080001b0   0x080001b0   0x00000004   Code   RO        14996    .ARM.Collect$$$$00000004  mc_w.l(entry5.o)
    0x080001b4   0x080001b4   0x00000000   Code   RO        14998    .ARM.Collect$$$$00000008  mc_w.l(entry7b.o)
    0x080001b4   0x080001b4   0x00000000   Code   RO        15000    .ARM.Collect$$$$0000000A  mc_w.l(entry8b.o)
    0x080001b4   0x080001b4   0x00000008   Code   RO        15001    .ARM.Collect$$$$0000000B  mc_w.l(entry9a.o)
    0x080001bc   0x080001bc   0x00000004   Code   RO        15008    .ARM.Collect$$$$0000000E  mc_w.l(entry12b.o)
    0x080001c0   0x080001c0   0x00000000   Code   RO        15003    .ARM.Collect$$$$0000000F  mc_w.l(entry10a.o)
    0x080001c0   0x080001c0   0x00000000   Code   RO        15005    .ARM.Collect$$$$00000011  mc_w.l(entry11a.o)
    0x080001c0   0x080001c0   0x00000004   Code   RO        14994    .ARM.Collect$$$$00002712  mc_w.l(entry2.o)
    0x080001c4   0x080001c4   0x000000b6   Code   RO        14595    .emb_text           port.o
    0x0800027a   0x0800027a   0x00000002   PAD
    0x0800027c   0x0800027c   0x00000024   Code   RO            4    .text               startup_stm32f429xx.o
    0x080002a0   0x080002a0   0x00000062   Code   RO        14684    .text               mc_w.l(uldiv.o)
    0x08000302   0x08000302   0x00000002   PAD
    0x08000304   0x08000304   0x00000008   Code   RO        14686    .text               mc_w.l(ctype_o.o)
    0x0800030c   0x0800030c   0x00000040   Code   RO        14716    .text               mc_w.l(memmovea.o)
    0x0800034c   0x0800034c   0x00000024   Code   RO        14718    .text               mc_w.l(memseta.o)
    0x08000370   0x08000370   0x0000001a   Code   RO        14722    .text               mc_w.l(memcmp.o)
    0x0800038a   0x0800038a   0x0000001e   Code   RO        15012    .text               mc_w.l(llshl.o)
    0x080003a8   0x080003a8   0x00000020   Code   RO        15014    .text               mc_w.l(llushr.o)
    0x080003c8   0x080003c8   0x00000024   Code   RO        15036    .text               mc_w.l(init.o)
    0x080003ec   0x080003ec   0x0000003a   Code   RO        15054    .text               mc_w.l(__dczerorl.o)
    0x08000426   0x08000426   0x00000002   PAD
    0x08000428   0x08000428   0x00000184   Code   RO         9075    i.AppTaskCreate     main.o
    0x080005ac   0x080005ac   0x00000044   Code   RO         9563    i.BSP_Init          board.o
    0x080005f0   0x080005f0   0x0000010c   Code   RO         9609    i.Bsp_Eth_Init      bsp_eth.o
    0x080006fc   0x080006fc   0x00000004   Code   RO         9378    i.BusFault_Handler  stm32f4xx_it.o
    0x08000700   0x08000700   0x0000002c   Code   RO         9484    i.DEBUG_USART_Config  bsp_debug_usart.o
    0x0800072c   0x0800072c   0x00000002   Code   RO         9379    i.DebugMon_Handler  stm32f4xx_it.o
    0x0800072e   0x0800072e   0x00000016   Code   RO         1760    i.ETH_DMAReceptionEnable  stm32f4xx_hal_eth.o
    0x08000744   0x08000744   0x00000016   Code   RO         1762    i.ETH_DMATransmissionEnable  stm32f4xx_hal_eth.o
    0x0800075a   0x0800075a   0x00000002   PAD
    0x0800075c   0x0800075c   0x00000028   Code   RO         1763    i.ETH_Delay         stm32f4xx_hal_eth.o
    0x08000784   0x08000784   0x00000038   Code   RO         1764    i.ETH_FlushTransmitFIFO  stm32f4xx_hal_eth.o
    0x080007bc   0x080007bc   0x00000030   Code   RO         9610    i.ETH_IRQHandler    bsp_eth.o
    0x080007ec   0x080007ec   0x00000034   Code   RO         1765    i.ETH_MACAddressConfig  stm32f4xx_hal_eth.o
    0x08000820   0x08000820   0x00000244   Code   RO         1766    i.ETH_MACDMAConfig  stm32f4xx_hal_eth.o
    0x08000a64   0x08000a64   0x00000028   Code   RO         1768    i.ETH_MACReceptionEnable  stm32f4xx_hal_eth.o
    0x08000a8c   0x08000a8c   0x00000028   Code   RO         1770    i.ETH_MACTransmissionEnable  stm32f4xx_hal_eth.o
    0x08000ab4   0x08000ab4   0x00000064   Code   RO         9611    i.Eth_Reset         bsp_eth.o
    0x08000b18   0x08000b18   0x000000c0   Code   RO         9564    i.GPIO_CLK_Init     board.o
    0x08000bd8   0x08000bd8   0x00000028   Code   RO          289    i.HAL_Delay         stm32f4xx_hal.o
    0x08000c00   0x08000c00   0x0000008c   Code   RO         1773    i.HAL_ETH_DMARxDescListInit  stm32f4xx_hal_eth.o
    0x08000c8c   0x08000c8c   0x00000084   Code   RO         1774    i.HAL_ETH_DMATxDescListInit  stm32f4xx_hal_eth.o
    0x08000d10   0x08000d10   0x00000020   Code   RO         1775    i.HAL_ETH_DeInit    stm32f4xx_hal_eth.o
    0x08000d30   0x08000d30   0x00000030   Code   RO         9612    i.HAL_ETH_ErrorCallback  bsp_eth.o
    0x08000d60   0x08000d60   0x000000b2   Code   RO         1777    i.HAL_ETH_GetReceivedFrame  stm32f4xx_hal_eth.o
    0x08000e12   0x08000e12   0x000000a4   Code   RO         1780    i.HAL_ETH_IRQHandler  stm32f4xx_hal_eth.o
    0x08000eb6   0x08000eb6   0x00000002   PAD
    0x08000eb8   0x08000eb8   0x0000029c   Code   RO         1781    i.HAL_ETH_Init      stm32f4xx_hal_eth.o
    0x08001154   0x08001154   0x00000070   Code   RO         9613    i.HAL_ETH_MspDeInit  bsp_eth.o
    0x080011c4   0x080011c4   0x00000110   Code   RO         9614    i.HAL_ETH_MspInit   bsp_eth.o
    0x080012d4   0x080012d4   0x00000092   Code   RO         1784    i.HAL_ETH_ReadPHYRegister  stm32f4xx_hal_eth.o
    0x08001366   0x08001366   0x00000002   PAD
    0x08001368   0x08001368   0x00000030   Code   RO         9615    i.HAL_ETH_RxCpltCallback  bsp_eth.o
    0x08001398   0x08001398   0x00000052   Code   RO         1786    i.HAL_ETH_Start     stm32f4xx_hal_eth.o
    0x080013ea   0x080013ea   0x0000013e   Code   RO         1788    i.HAL_ETH_TransmitFrame  stm32f4xx_hal_eth.o
    0x08001528   0x08001528   0x00000002   Code   RO         9616    i.HAL_ETH_TxCpltCallback  bsp_eth.o
    0x0800152a   0x0800152a   0x00000090   Code   RO         1790    i.HAL_ETH_WritePHYRegister  stm32f4xx_hal_eth.o
    0x080015ba   0x080015ba   0x00000002   PAD
    0x080015bc   0x080015bc   0x00000180   Code   RO         2279    i.HAL_GPIO_DeInit   stm32f4xx_hal_gpio.o
    0x0800173c   0x0800173c   0x0000021c   Code   RO         2282    i.HAL_GPIO_Init     stm32f4xx_hal_gpio.o
    0x08001958   0x08001958   0x0000000c   Code   RO         2286    i.HAL_GPIO_WritePin  stm32f4xx_hal_gpio.o
    0x08001964   0x08001964   0x0000000c   Code   RO          297    i.HAL_GetTick       stm32f4xx_hal.o
    0x08001970   0x08001970   0x00000018   Code   RO          301    i.HAL_IncTick       stm32f4xx_hal.o
    0x08001988   0x08001988   0x0000003c   Code   RO          302    i.HAL_Init          stm32f4xx_hal.o
    0x080019c4   0x080019c4   0x0000004c   Code   RO          303    i.HAL_InitTick      stm32f4xx_hal.o
    0x08001a10   0x08001a10   0x00000002   Code   RO          305    i.HAL_MspInit       stm32f4xx_hal.o
    0x08001a12   0x08001a12   0x0000001a   Code   RO          763    i.HAL_NVIC_EnableIRQ  stm32f4xx_hal_cortex.o
    0x08001a2c   0x08001a2c   0x0000007c   Code   RO          769    i.HAL_NVIC_SetPriority  stm32f4xx_hal_cortex.o
    0x08001aa8   0x08001aa8   0x00000028   Code   RO          770    i.HAL_NVIC_SetPriorityGrouping  stm32f4xx_hal_cortex.o
    0x08001ad0   0x08001ad0   0x0000008c   Code   RO         4668    i.HAL_PWREx_EnableOverDrive  stm32f4xx_hal_pwr_ex.o
    0x08001b5c   0x08001b5c   0x00000180   Code   RO         4753    i.HAL_RCC_ClockConfig  stm32f4xx_hal_rcc.o
    0x08001cdc   0x08001cdc   0x0000000c   Code   RO         4758    i.HAL_RCC_GetHCLKFreq  stm32f4xx_hal_rcc.o
    0x08001ce8   0x08001ce8   0x00000020   Code   RO         4760    i.HAL_RCC_GetPCLK1Freq  stm32f4xx_hal_rcc.o
    0x08001d08   0x08001d08   0x00000020   Code   RO         4761    i.HAL_RCC_GetPCLK2Freq  stm32f4xx_hal_rcc.o
    0x08001d28   0x08001d28   0x000000b0   Code   RO         4762    i.HAL_RCC_GetSysClockFreq  stm32f4xx_hal_rcc.o
    0x08001dd8   0x08001dd8   0x00000448   Code   RO         4765    i.HAL_RCC_OscConfig  stm32f4xx_hal_rcc.o
    0x08002220   0x08002220   0x00000034   Code   RO          774    i.HAL_SYSTICK_Config  stm32f4xx_hal_cortex.o
    0x08002254   0x08002254   0x00000072   Code   RO         7711    i.HAL_UART_Init     stm32f4xx_hal_uart.o
    0x080022c6   0x080022c6   0x00000002   PAD
    0x080022c8   0x080022c8   0x000000b4   Code   RO         9485    i.HAL_UART_MspInit  bsp_debug_usart.o
    0x0800237c   0x0800237c   0x000000d6   Code   RO         7719    i.HAL_UART_Transmit  stm32f4xx_hal_uart.o
    0x08002452   0x08002452   0x00000002   PAD
    0x08002454   0x08002454   0x000000b0   Code   RO         9539    i.LED_GPIO_Config   bsp_led.o
    0x08002504   0x08002504   0x00000004   Code   RO         9380    i.MemManage_Handler  stm32f4xx_it.o
    0x08002508   0x08002508   0x00000002   Code   RO         9381    i.NMI_Handler       stm32f4xx_it.o
    0x0800250a   0x0800250a   0x00000002   PAD
    0x0800250c   0x0800250c   0x00000010   Code   RO          776    i.NVIC_GetPriorityGrouping  stm32f4xx_hal_cortex.o
    0x0800251c   0x0800251c   0x00000028   Code   RO          777    i.NVIC_SetPriority  stm32f4xx_hal_cortex.o
    0x08002544   0x08002544   0x00000034   Code   RO         9382    i.SysTick_Handler   stm32f4xx_it.o
    0x08002578   0x08002578   0x000000a8   Code   RO         9565    i.SystemClock_Config  board.o
    0x08002620   0x08002620   0x00000064   Code   RO           14    i.SystemInit        system_stm32f4xx.o
    0x08002684   0x08002684   0x000000b8   Code   RO        13634    i.TCPIP_Init        sys_arch.o
    0x0800273c   0x0800273c   0x0000001c   Code   RO         9076    i.Test1_Task        main.o
    0x08002758   0x08002758   0x0000001c   Code   RO         9077    i.Test2_Task        main.o
    0x08002774   0x08002774   0x00000368   Code   RO         7738    i.UART_SetConfig    stm32f4xx_hal_uart.o
    0x08002adc   0x08002adc   0x0000006c   Code   RO         7740    i.UART_WaitOnFlagUntilTimeout  stm32f4xx_hal_uart.o
    0x08002b48   0x08002b48   0x00000004   Code   RO         9383    i.UsageFault_Handler  stm32f4xx_it.o
    0x08002b4c   0x08002b4c   0x00000020   Code   RO        14863    i.__0printf$5       mc_w.l(printf5.o)
    0x08002b6c   0x08002b6c   0x0000000e   Code   RO        15048    i.__scatterload_copy  mc_w.l(handlers.o)
    0x08002b7a   0x08002b7a   0x00000002   Code   RO        15049    i.__scatterload_null  mc_w.l(handlers.o)
    0x08002b7c   0x08002b7c   0x0000000e   Code   RO        15050    i.__scatterload_zeroinit  mc_w.l(handlers.o)
    0x08002b8a   0x08002b8a   0x00000002   PAD
    0x08002b8c   0x08002b8c   0x000002c0   Code   RO        14870    i._printf_core      mc_w.l(printf5.o)
    0x08002e4c   0x08002e4c   0x000000bc   Code   RO        10785    i.alloc_socket      sockets.o
    0x08002f08   0x08002f08   0x0000011c   Code   RO         9682    i.client            client.o
    0x08003024   0x08003024   0x00000020   Code   RO         9683    i.client_init       client.o
    0x08003044   0x08003044   0x00000058   Code   RO        12158    i.do_memp_free_pool  memp.o
    0x0800309c   0x0800309c   0x00000064   Code   RO        12159    i.do_memp_malloc_pool  memp.o
    0x08003100   0x08003100   0x00000184   Code   RO        10083    i.err_tcp           api_msg.o
    0x08003284   0x08003284   0x00000020   Code   RO        10291    i.err_to_errno      err.o
    0x080032a4   0x080032a4   0x00000038   Code   RO        11312    i.etharp_cleanup_netif  etharp.o
    0x080032dc   0x080032dc   0x00000278   Code   RO        11314    i.etharp_find_entry  etharp.o
    0x08003554   0x08003554   0x00000040   Code   RO        11315    i.etharp_free_entry  etharp.o
    0x08003594   0x08003594   0x000000d0   Code   RO        11317    i.etharp_input      etharp.o
    0x08003664   0x08003664   0x000001a8   Code   RO        11318    i.etharp_output     etharp.o
    0x0800380c   0x0800380c   0x00000100   Code   RO        11319    i.etharp_output_to_arp_index  etharp.o
    0x0800390c   0x0800390c   0x00000224   Code   RO        11320    i.etharp_query      etharp.o
    0x08003b30   0x08003b30   0x00000110   Code   RO        11321    i.etharp_raw        etharp.o
    0x08003c40   0x08003c40   0x00000018   Code   RO        11322    i.etharp_request    etharp.o
    0x08003c58   0x08003c58   0x0000002c   Code   RO        11323    i.etharp_request_dst  etharp.o
    0x08003c84   0x08003c84   0x000000dc   Code   RO        11324    i.etharp_tmr        etharp.o
    0x08003d60   0x08003d60   0x000000f4   Code   RO        11325    i.etharp_update_arp_entry  etharp.o
    0x08003e54   0x08003e54   0x000000c4   Code   RO        13529    i.ethernet_input    ethernet.o
    0x08003f18   0x08003f18   0x0000009c   Code   RO        13530    i.ethernet_output   ethernet.o
    0x08003fb4   0x08003fb4   0x000000a0   Code   RO        13572    i.ethernetif_init   ethernetif.o
    0x08004054   0x08004054   0x0000004c   Code   RO        13573    i.ethernetif_input  ethernetif.o
    0x080040a0   0x080040a0   0x00000110   Code   RO        10786    i.event_callback    sockets.o
    0x080041b0   0x080041b0   0x0000001c   Code   RO         9488    i.fputc             bsp_debug_usart.o
    0x080041cc   0x080041cc   0x00000032   Code   RO        10787    i.free_socket       sockets.o
    0x080041fe   0x080041fe   0x00000026   Code   RO        10788    i.free_socket_free_elements  sockets.o
    0x08004224   0x08004224   0x00000018   Code   RO        10789    i.free_socket_locked  sockets.o
    0x0800423c   0x0800423c   0x00000024   Code   RO        10790    i.get_socket        sockets.o
    0x08004260   0x08004260   0x00000012   Code   RO        11457    i.icmp_dest_unreach  icmp.o
    0x08004272   0x08004272   0x00000002   PAD
    0x08004274   0x08004274   0x00000210   Code   RO        11458    i.icmp_input        icmp.o
    0x08004484   0x08004484   0x000000b4   Code   RO        11459    i.icmp_send_response  icmp.o
    0x08004538   0x08004538   0x00000012   Code   RO        11460    i.icmp_time_exceeded  icmp.o
    0x0800454a   0x0800454a   0x00000056   Code   RO        11916    i.inet_chksum_pbuf  inet_chksum.o
    0x080045a0   0x080045a0   0x0000004e   Code   RO        11630    i.ip4_addr_isbroadcast_u32  ip4_addr.o
    0x080045ee   0x080045ee   0x00000002   PAD
    0x080045f0   0x080045f0   0x00000250   Code   RO        11704    i.ip4_frag          ip4_frag.o
    0x08004840   0x08004840   0x0000019c   Code   RO        11539    i.ip4_input         ip4.o
    0x080049dc   0x080049dc   0x00000034   Code   RO        11540    i.ip4_input_accept  ip4.o
    0x08004a10   0x08004a10   0x00000036   Code   RO        11542    i.ip4_output_if     ip4.o
    0x08004a46   0x08004a46   0x00000002   PAD
    0x08004a48   0x08004a48   0x00000130   Code   RO        11543    i.ip4_output_if_src  ip4.o
    0x08004b78   0x08004b78   0x00000280   Code   RO        11705    i.ip4_reass         ip4_frag.o
    0x08004df8   0x08004df8   0x00000094   Code   RO        11544    i.ip4_route         ip4.o
    0x08004e8c   0x08004e8c   0x000001a4   Code   RO        11632    i.ip4addr_aton      ip4_addr.o
    0x08005030   0x08005030   0x0000000a   Code   RO        11706    i.ip_frag_alloc_pbuf_custom_ref  ip4_frag.o
    0x0800503a   0x0800503a   0x00000002   PAD
    0x0800503c   0x0800503c   0x0000002c   Code   RO        11707    i.ip_frag_free_pbuf_custom_ref  ip4_frag.o
    0x08005068   0x08005068   0x00000274   Code   RO        11708    i.ip_reass_chain_frag_into_datagram_and_validate  ip4_frag.o
    0x080052dc   0x080052dc   0x00000054   Code   RO        11709    i.ip_reass_dequeue_datagram  ip4_frag.o
    0x08005330   0x08005330   0x00000054   Code   RO        11710    i.ip_reass_enqueue_new_datagram  ip4_frag.o
    0x08005384   0x08005384   0x0000015c   Code   RO        11711    i.ip_reass_free_complete_datagram  ip4_frag.o
    0x080054e0   0x080054e0   0x00000088   Code   RO        11712    i.ip_reass_remove_oldest_datagram  ip4_frag.o
    0x08005568   0x08005568   0x00000034   Code   RO        11713    i.ip_reass_tmr      ip4_frag.o
    0x0800559c   0x0800559c   0x00000018   Code   RO        11635    i.ipaddr_addr       ip4_addr.o
    0x080055b4   0x080055b4   0x00000054   Code   RO        11714    i.ipfrag_free_pbuf_custom  ip4_frag.o
    0x08005608   0x08005608   0x0000018c   Code   RO        13574    i.low_level_init    ethernetif.o
    0x08005794   0x08005794   0x00000174   Code   RO        13575    i.low_level_input   ethernetif.o
    0x08005908   0x08005908   0x00000100   Code   RO        13576    i.low_level_output  ethernetif.o
    0x08005a08   0x08005a08   0x0000009c   Code   RO        10793    i.lwip_close        sockets.o
    0x08005aa4   0x08005aa4   0x000000e8   Code   RO        10794    i.lwip_connect      sockets.o
    0x08005b8c   0x08005b8c   0x00000050   Code   RO        13305    i.lwip_cyclic_timer  timeouts.o
    0x08005bdc   0x08005bdc   0x0000001a   Code   RO        11843    i.lwip_htonl        def.o
    0x08005bf6   0x08005bf6   0x0000000c   Code   RO        11844    i.lwip_htons        def.o
    0x08005c02   0x08005c02   0x00000002   PAD
    0x08005c04   0x08005c04   0x00000040   Code   RO        11988    i.lwip_init         init.o
    0x08005c44   0x08005c44   0x000002c4   Code   RO        10087    i.lwip_netconn_do_close_internal  api_msg.o
    0x08005f08   0x08005f08   0x0000013c   Code   RO        10088    i.lwip_netconn_do_connect  api_msg.o
    0x08006044   0x08006044   0x0000013c   Code   RO        10089    i.lwip_netconn_do_connected  api_msg.o
    0x08006180   0x08006180   0x00000198   Code   RO        10090    i.lwip_netconn_do_delconn  api_msg.o
    0x08006318   0x08006318   0x00000026   Code   RO        10091    i.lwip_netconn_do_disconnect  api_msg.o
    0x0800633e   0x0800633e   0x00000018   Code   RO        10094    i.lwip_netconn_do_newconn  api_msg.o
    0x08006356   0x08006356   0x00000064   Code   RO        10096    i.lwip_netconn_do_send  api_msg.o
    0x080063ba   0x080063ba   0x00000002   PAD
    0x080063bc   0x080063bc   0x000000fc   Code   RO        10097    i.lwip_netconn_do_write  api_msg.o
    0x080064b8   0x080064b8   0x00000388   Code   RO        10098    i.lwip_netconn_do_writemore  api_msg.o
    0x08006840   0x08006840   0x00000054   Code   RO        10099    i.lwip_netconn_err_to_msg  api_msg.o
    0x08006894   0x08006894   0x0000005c   Code   RO        10100    i.lwip_netconn_is_err_msg  api_msg.o
    0x080068f0   0x080068f0   0x00000048   Code   RO        10807    i.lwip_poll_should_wake  sockets.o
    0x08006938   0x08006938   0x000000a0   Code   RO        10819    i.lwip_send         sockets.o
    0x080069d8   0x080069d8   0x0000013c   Code   RO        10821    i.lwip_sendto       sockets.o
    0x08006b14   0x08006b14   0x000000a8   Code   RO        10826    i.lwip_socket       sockets.o
    0x08006bbc   0x08006bbc   0x0000005e   Code   RO        11923    i.lwip_standard_chksum  inet_chksum.o
    0x08006c1a   0x08006c1a   0x00000016   Code   RO        10832    i.lwip_write        sockets.o
    0x08006c30   0x08006c30   0x0000004c   Code   RO         9078    i.main              main.o
    0x08006c7c   0x08006c7c   0x00000190   Code   RO        12087    i.mem_free          mem.o
    0x08006e0c   0x08006e0c   0x00000094   Code   RO        12088    i.mem_init          mem.o
    0x08006ea0   0x08006ea0   0x00000058   Code   RO        12089    i.mem_link_valid    mem.o
    0x08006ef8   0x08006ef8   0x0000023c   Code   RO        12090    i.mem_malloc        mem.o
    0x08007134   0x08007134   0x00000010   Code   RO        12091    i.mem_to_ptr        mem.o
    0x08007144   0x08007144   0x000001d8   Code   RO        12092    i.mem_trim          mem.o
    0x0800731c   0x0800731c   0x00000050   Code   RO        12160    i.memp_free         memp.o
    0x0800736c   0x0800736c   0x00000020   Code   RO        12162    i.memp_init         memp.o
    0x0800738c   0x0800738c   0x0000002c   Code   RO        12163    i.memp_init_pool    memp.o
    0x080073b8   0x080073b8   0x00000050   Code   RO        12164    i.memp_malloc       memp.o
    0x08007408   0x08007408   0x00000020   Code   RO        10363    i.netbuf_delete     netbuf.o
    0x08007428   0x08007428   0x00000048   Code   RO        10365    i.netbuf_free       netbuf.o
    0x08007470   0x08007470   0x0000006c   Code   RO        10368    i.netbuf_ref        netbuf.o
    0x080074dc   0x080074dc   0x000000c0   Code   RO        10101    i.netconn_alloc     api_msg.o
    0x0800759c   0x0800759c   0x00000022   Code   RO         9818    i.netconn_apimsg    api_lib.o
    0x080075be   0x080075be   0x00000002   PAD
    0x080075c0   0x080075c0   0x00000064   Code   RO         9823    i.netconn_connect   api_lib.o
    0x08007624   0x08007624   0x0000001e   Code   RO         9824    i.netconn_delete    api_lib.o
    0x08007642   0x08007642   0x00000002   PAD
    0x08007644   0x08007644   0x00000058   Code   RO         9825    i.netconn_disconnect  api_lib.o
    0x0800769c   0x0800769c   0x000000aa   Code   RO        10102    i.netconn_drain     api_msg.o
    0x08007746   0x08007746   0x00000022   Code   RO         9826    i.netconn_err       api_lib.o
    0x08007768   0x08007768   0x00000108   Code   RO        10103    i.netconn_free      api_msg.o
    0x08007870   0x08007870   0x00000130   Code   RO         9829    i.netconn_new_with_proto_and_callback  api_lib.o
    0x080079a0   0x080079a0   0x00000030   Code   RO         9830    i.netconn_prepare_delete  api_lib.o
    0x080079d0   0x080079d0   0x00000054   Code   RO         9838    i.netconn_send      api_lib.o
    0x08007a24   0x08007a24   0x00000028   Code   RO         9843    i.netconn_write_partly  api_lib.o
    0x08007a4c   0x08007a4c   0x00000168   Code   RO         9844    i.netconn_write_vectors_partly  api_lib.o
    0x08007bb4   0x08007bb4   0x000001b0   Code   RO        12260    i.netif_add         netif.o
    0x08007d64   0x08007d64   0x00000018   Code   RO        12262    i.netif_do_ip_addr_changed  netif.o
    0x08007d7c   0x08007d7c   0x00000026   Code   RO        12263    i.netif_do_set_gw   netif.o
    0x08007da2   0x08007da2   0x00000002   PAD
    0x08007da4   0x08007da4   0x00000074   Code   RO        12264    i.netif_do_set_ipaddr  netif.o
    0x08007e18   0x08007e18   0x00000026   Code   RO        12265    i.netif_do_set_netmask  netif.o
    0x08007e3e   0x08007e3e   0x00000002   PAD
    0x08007e40   0x08007e40   0x00000028   Code   RO        12267    i.netif_get_by_index  netif.o
    0x08007e68   0x08007e68   0x00000002   Code   RO        12269    i.netif_init        netif.o
    0x08007e6a   0x08007e6a   0x00000002   PAD
    0x08007e6c   0x08007e6c   0x00000070   Code   RO        12271    i.netif_issue_reports  netif.o
    0x08007edc   0x08007edc   0x00000008   Code   RO        12273    i.netif_null_output_ip4  netif.o
    0x08007ee4   0x08007ee4   0x00000060   Code   RO        12275    i.netif_set_addr    netif.o
    0x08007f44   0x08007f44   0x0000000c   Code   RO        12276    i.netif_set_default  netif.o
    0x08007f50   0x08007f50   0x00000064   Code   RO        12277    i.netif_set_down    netif.o
    0x08007fb4   0x08007fb4   0x00000058   Code   RO        12283    i.netif_set_up      netif.o
    0x0800800c   0x0800800c   0x00000012   Code   RO        12439    i.pbuf_add_header   pbuf.o
    0x0800801e   0x0800801e   0x00000002   PAD
    0x08008020   0x08008020   0x00000088   Code   RO        12441    i.pbuf_add_header_impl  pbuf.o
    0x080080a8   0x080080a8   0x00000224   Code   RO        12442    i.pbuf_alloc        pbuf.o
    0x080082cc   0x080082cc   0x0000005c   Code   RO        12443    i.pbuf_alloc_reference  pbuf.o
    0x08008328   0x08008328   0x00000052   Code   RO        12444    i.pbuf_alloced_custom  pbuf.o
    0x0800837a   0x0800837a   0x00000002   PAD
    0x0800837c   0x0800837c   0x000000dc   Code   RO        12445    i.pbuf_cat          pbuf.o
    0x08008458   0x08008458   0x00000016   Code   RO        12446    i.pbuf_chain        pbuf.o
    0x0800846e   0x0800846e   0x00000012   Code   RO        12447    i.pbuf_clen         pbuf.o
    0x08008480   0x08008480   0x00000050   Code   RO        12448    i.pbuf_clone        pbuf.o
    0x080084d0   0x080084d0   0x0000019c   Code   RO        12450    i.pbuf_copy         pbuf.o
    0x0800866c   0x0800866c   0x000000d8   Code   RO        12451    i.pbuf_copy_partial  pbuf.o
    0x08008744   0x08008744   0x00000128   Code   RO        12453    i.pbuf_free         pbuf.o
    0x0800886c   0x0800886c   0x00000012   Code   RO        12458    i.pbuf_header_force  pbuf.o
    0x0800887e   0x0800887e   0x00000022   Code   RO        12459    i.pbuf_header_impl  pbuf.o
    0x080088a0   0x080088a0   0x0000001e   Code   RO        12460    i.pbuf_init_alloced_pbuf  pbuf.o
    0x080088be   0x080088be   0x00000002   PAD
    0x080088c0   0x080088c0   0x000000f0   Code   RO        12464    i.pbuf_realloc      pbuf.o
    0x080089b0   0x080089b0   0x00000048   Code   RO        12465    i.pbuf_ref          pbuf.o
    0x080089f8   0x080089f8   0x0000008c   Code   RO        12466    i.pbuf_remove_header  pbuf.o
    0x08008a84   0x08008a84   0x000000a8   Code   RO        10104    i.pcb_new           api_msg.o
    0x08008b2c   0x08008b2c   0x00000160   Code   RO        12093    i.plug_holes        mem.o
    0x08008c8c   0x08008c8c   0x000000a0   Code   RO        10105    i.poll_tcp          api_msg.o
    0x08008d2c   0x08008d2c   0x00000098   Code   RO        14196    i.prvAddCurrentTaskToDelayedList  tasks.o
    0x08008dc4   0x08008dc4   0x000000b4   Code   RO        14197    i.prvAddNewTaskToReadyList  tasks.o
    0x08008e78   0x08008e78   0x00000064   Code   RO        14198    i.prvCheckTasksWaitingTermination  tasks.o
    0x08008edc   0x08008edc   0x0000002a   Code   RO        14010    i.prvCopyDataFromQueue  queue.o
    0x08008f06   0x08008f06   0x0000007c   Code   RO        14011    i.prvCopyDataToQueue  queue.o
    0x08008f82   0x08008f82   0x00000012   Code   RO        14199    i.prvDeleteTCB      tasks.o
    0x08008f94   0x08008f94   0x0000007c   Code   RO        14534    i.prvHeapInit       heap_4.o
    0x08009010   0x08009010   0x00000028   Code   RO        14200    i.prvIdleTask       tasks.o
    0x08009038   0x08009038   0x0000001c   Code   RO        14012    i.prvInitialiseMutex  queue.o
    0x08009054   0x08009054   0x00000026   Code   RO        14013    i.prvInitialiseNewQueue  queue.o
    0x0800907a   0x0800907a   0x00000002   PAD
    0x0800907c   0x0800907c   0x000000c8   Code   RO        14201    i.prvInitialiseNewTask  tasks.o
    0x08009144   0x08009144   0x00000068   Code   RO        14202    i.prvInitialiseTaskLists  tasks.o
    0x080091ac   0x080091ac   0x00000068   Code   RO        14535    i.prvInsertBlockIntoFreeList  heap_4.o
    0x08009214   0x08009214   0x0000001a   Code   RO        14014    i.prvIsQueueEmpty   queue.o
    0x0800922e   0x0800922e   0x0000001e   Code   RO        14015    i.prvIsQueueFull    queue.o
    0x0800924c   0x0800924c   0x00000034   Code   RO        14203    i.prvResetNextTaskUnblockTime  tasks.o
    0x08009280   0x08009280   0x00000070   Code   RO        14596    i.prvTaskExitError  port.o
    0x080092f0   0x080092f0   0x0000007e   Code   RO        14016    i.prvUnlockQueue    queue.o
    0x0800936e   0x0800936e   0x00000002   PAD
    0x08009370   0x08009370   0x00000010   Code   RO        12094    i.ptr_to_mem        mem.o
    0x08009380   0x08009380   0x00000150   Code   RO        14536    i.pvPortMalloc      heap_4.o
    0x080094d0   0x080094d0   0x00000020   Code   RO        14205    i.pvTaskIncrementMutexHeldCount  tasks.o
    0x080094f0   0x080094f0   0x0000002c   Code   RO        14597    i.pxPortInitialiseStack  port.o
    0x0800951c   0x0800951c   0x00000134   Code   RO        10106    i.recv_tcp          api_msg.o
    0x08009650   0x08009650   0x00000120   Code   RO        10107    i.recv_udp          api_msg.o
    0x08009770   0x08009770   0x00000108   Code   RO        10834    i.select_check_waiters  sockets.o
    0x08009878   0x08009878   0x00000088   Code   RO        10108    i.sent_tcp          api_msg.o
    0x08009900   0x08009900   0x00000044   Code   RO        10109    i.setup_tcp         api_msg.o
    0x08009944   0x08009944   0x0000004a   Code   RO        13635    i.sys_arch_mbox_fetch  sys_arch.o
    0x0800998e   0x0800998e   0x00000024   Code   RO        13636    i.sys_arch_mbox_tryfetch  sys_arch.o
    0x080099b2   0x080099b2   0x0000000a   Code   RO        13637    i.sys_arch_protect  sys_arch.o
    0x080099bc   0x080099bc   0x00000048   Code   RO        13638    i.sys_arch_sem_wait  sys_arch.o
    0x08009a04   0x08009a04   0x0000000a   Code   RO        13640    i.sys_arch_unprotect  sys_arch.o
    0x08009a0e   0x08009a0e   0x00000002   PAD
    0x08009a10   0x08009a10   0x00000054   Code   RO        13306    i.sys_check_timeouts  timeouts.o
    0x08009a64   0x08009a64   0x0000002c   Code   RO        13641    i.sys_init          sys_arch.o
    0x08009a90   0x08009a90   0x00000012   Code   RO        13643    i.sys_mbox_free     sys_arch.o
    0x08009aa2   0x08009aa2   0x00000020   Code   RO        13644    i.sys_mbox_new      sys_arch.o
    0x08009ac2   0x08009ac2   0x00000006   Code   RO        13646    i.sys_mbox_set_invalid  sys_arch.o
    0x08009ac8   0x08009ac8   0x0000001e   Code   RO        13647    i.sys_mbox_trypost  sys_arch.o
    0x08009ae6   0x08009ae6   0x0000000e   Code   RO        13649    i.sys_mbox_valid    sys_arch.o
    0x08009af4   0x08009af4   0x00000012   Code   RO        13651    i.sys_mutex_lock    sys_arch.o
    0x08009b06   0x08009b06   0x00000002   PAD
    0x08009b08   0x08009b08   0x0000003c   Code   RO        13652    i.sys_mutex_new     sys_arch.o
    0x08009b44   0x08009b44   0x00000012   Code   RO        13654    i.sys_mutex_unlock  sys_arch.o
    0x08009b56   0x08009b56   0x00000002   PAD
    0x08009b58   0x08009b58   0x00000014   Code   RO        13655    i.sys_now           sys_arch.o
    0x08009b6c   0x08009b6c   0x00000010   Code   RO        13656    i.sys_sem_free      sys_arch.o
    0x08009b7c   0x08009b7c   0x0000005c   Code   RO        13657    i.sys_sem_new       sys_arch.o
    0x08009bd8   0x08009bd8   0x00000006   Code   RO        13658    i.sys_sem_set_invalid  sys_arch.o
    0x08009bde   0x08009bde   0x00000002   PAD
    0x08009be0   0x08009be0   0x0000003c   Code   RO        13659    i.sys_sem_signal    sys_arch.o
    0x08009c1c   0x08009c1c   0x0000000e   Code   RO        13660    i.sys_sem_valid     sys_arch.o
    0x08009c2a   0x08009c2a   0x00000002   PAD
    0x08009c2c   0x08009c2c   0x0000006c   Code   RO        13661    i.sys_thread_new    sys_arch.o
    0x08009c98   0x08009c98   0x0000006c   Code   RO        13308    i.sys_timeout       timeouts.o
    0x08009d04   0x08009d04   0x000000dc   Code   RO        13309    i.sys_timeout_abs   timeouts.o
    0x08009de0   0x08009de0   0x00000028   Code   RO        13310    i.sys_timeouts_init  timeouts.o
    0x08009e08   0x08009e08   0x00000068   Code   RO        13311    i.sys_timeouts_sleeptime  timeouts.o
    0x08009e70   0x08009e70   0x00000160   Code   RO        12721    i.tcp_abandon       tcp.o
    0x08009fd0   0x08009fd0   0x0000000e   Code   RO        12722    i.tcp_abort         tcp.o
    0x08009fde   0x08009fde   0x00000010   Code   RO        12723    i.tcp_accept        tcp.o
    0x08009fee   0x08009fee   0x00000002   PAD
    0x08009ff0   0x08009ff0   0x000000c0   Code   RO        12725    i.tcp_alloc         tcp.o
    0x0800a0b0   0x0800a0b0   0x00000006   Code   RO        12726    i.tcp_arg           tcp.o
    0x0800a0b6   0x0800a0b6   0x00000002   PAD
    0x0800a0b8   0x0800a0b8   0x00000050   Code   RO        12729    i.tcp_close         tcp.o
    0x0800a108   0x0800a108   0x000001a4   Code   RO        12730    i.tcp_close_shutdown  tcp.o
    0x0800a2ac   0x0800a2ac   0x00000088   Code   RO        12731    i.tcp_close_shutdown_fin  tcp.o
    0x0800a334   0x0800a334   0x000001e8   Code   RO        12732    i.tcp_connect       tcp.o
    0x0800a51c   0x0800a51c   0x00000164   Code   RO        13145    i.tcp_create_segment  tcp_out.o
    0x0800a680   0x0800a680   0x00000070   Code   RO        12734    i.tcp_eff_send_mss_netif  tcp.o
    0x0800a6f0   0x0800a6f0   0x00000234   Code   RO        13146    i.tcp_enqueue_flags  tcp_out.o
    0x0800a924   0x0800a924   0x0000004c   Code   RO        12735    i.tcp_err           tcp.o
    0x0800a970   0x0800a970   0x0000009c   Code   RO        12736    i.tcp_fasttmr       tcp.o
    0x0800aa0c   0x0800aa0c   0x00000038   Code   RO        12737    i.tcp_free          tcp.o
    0x0800aa44   0x0800aa44   0x000000ec   Code   RO        13064    i.tcp_free_acked_segments  tcp_in.o
    0x0800ab30   0x0800ab30   0x00000040   Code   RO        12738    i.tcp_free_listen   tcp.o
    0x0800ab70   0x0800ab70   0x00000048   Code   RO        13065    i.tcp_get_next_optbyte  tcp_in.o
    0x0800abb8   0x0800abb8   0x00000034   Code   RO        12739    i.tcp_handle_closepend  tcp.o
    0x0800abec   0x0800abec   0x00000002   Code   RO        12740    i.tcp_init          tcp.o
    0x0800abee   0x0800abee   0x00000002   PAD
    0x0800abf0   0x0800abf0   0x0000077c   Code   RO        13066    i.tcp_input         tcp_in.o
    0x0800b36c   0x0800b36c   0x00000084   Code   RO        13067    i.tcp_input_delayed_close  tcp_in.o
    0x0800b3f0   0x0800b3f0   0x00000074   Code   RO        13147    i.tcp_keepalive     tcp_out.o
    0x0800b464   0x0800b464   0x00000068   Code   RO        12741    i.tcp_kill_prio     tcp.o
    0x0800b4cc   0x0800b4cc   0x00000070   Code   RO        12742    i.tcp_kill_state    tcp.o
    0x0800b53c   0x0800b53c   0x0000003c   Code   RO        12743    i.tcp_kill_timewait  tcp.o
    0x0800b578   0x0800b578   0x0000006c   Code   RO        12744    i.tcp_listen_closed  tcp.o
    0x0800b5e4   0x0800b5e4   0x0000018c   Code   RO        13068    i.tcp_listen_input  tcp_in.o
    0x0800b770   0x0800b770   0x0000004c   Code   RO        12747    i.tcp_netif_ip_addr_changed  tcp.o
    0x0800b7bc   0x0800b7bc   0x00000070   Code   RO        12748    i.tcp_netif_ip_addr_changed_pcblist  tcp.o
    0x0800b82c   0x0800b82c   0x00000010   Code   RO        12750    i.tcp_new_ip_type   tcp.o
    0x0800b83c   0x0800b83c   0x00000068   Code   RO        12751    i.tcp_new_port      tcp.o
    0x0800b8a4   0x0800b8a4   0x0000004c   Code   RO        12752    i.tcp_next_iss      tcp.o
    0x0800b8f0   0x0800b8f0   0x000002f0   Code   RO        13148    i.tcp_output        tcp_out.o
    0x0800bbe0   0x0800bbe0   0x00000074   Code   RO        13149    i.tcp_output_alloc_header  tcp_out.o
    0x0800bc54   0x0800bc54   0x000000c0   Code   RO        13150    i.tcp_output_alloc_header_common  tcp_out.o
    0x0800bd14   0x0800bd14   0x00000094   Code   RO        13151    i.tcp_output_control_segment  tcp_out.o
    0x0800bda8   0x0800bda8   0x000000b8   Code   RO        13152    i.tcp_output_fill_options  tcp_out.o
    0x0800be60   0x0800be60   0x000001cc   Code   RO        13153    i.tcp_output_segment  tcp_out.o
    0x0800c02c   0x0800c02c   0x0000004c   Code   RO        13154    i.tcp_output_segment_busy  tcp_out.o
    0x0800c078   0x0800c078   0x000000cc   Code   RO        13069    i.tcp_parseopt      tcp_in.o
    0x0800c144   0x0800c144   0x00000104   Code   RO        13155    i.tcp_pbuf_prealloc  tcp_out.o
    0x0800c248   0x0800c248   0x00000070   Code   RO        12753    i.tcp_pcb_purge     tcp.o
    0x0800c2b8   0x0800c2b8   0x00000128   Code   RO        12754    i.tcp_pcb_remove    tcp.o
    0x0800c3e0   0x0800c3e0   0x00000070   Code   RO        12755    i.tcp_poll          tcp.o
    0x0800c450   0x0800c450   0x000006a4   Code   RO        13070    i.tcp_process       tcp_in.o
    0x0800caf4   0x0800caf4   0x000000d4   Code   RO        12756    i.tcp_process_refused_data  tcp.o
    0x0800cbc8   0x0800cbc8   0x00000728   Code   RO        13071    i.tcp_receive       tcp_in.o
    0x0800d2f0   0x0800d2f0   0x0000004c   Code   RO        12757    i.tcp_recv          tcp.o
    0x0800d33c   0x0800d33c   0x00000060   Code   RO        12758    i.tcp_recv_null     tcp.o
    0x0800d39c   0x0800d39c   0x000000b4   Code   RO        12759    i.tcp_recved        tcp.o
    0x0800d450   0x0800d450   0x00000054   Code   RO        12760    i.tcp_remove_listener  tcp.o
    0x0800d4a4   0x0800d4a4   0x0000009c   Code   RO        13156    i.tcp_rexmit        tcp_out.o
    0x0800d540   0x0800d540   0x000000a4   Code   RO        13157    i.tcp_rexmit_fast   tcp_out.o
    0x0800d5e4   0x0800d5e4   0x00000040   Code   RO        13158    i.tcp_rexmit_rto    tcp_out.o
    0x0800d624   0x0800d624   0x00000054   Code   RO        13159    i.tcp_rexmit_rto_commit  tcp_out.o
    0x0800d678   0x0800d678   0x000000b0   Code   RO        13160    i.tcp_rexmit_rto_prepare  tcp_out.o
    0x0800d728   0x0800d728   0x0000001e   Code   RO        13161    i.tcp_route         tcp_out.o
    0x0800d746   0x0800d746   0x00000002   PAD
    0x0800d748   0x0800d748   0x000000b8   Code   RO        13162    i.tcp_rst           tcp_out.o
    0x0800d800   0x0800d800   0x0000001a   Code   RO        12761    i.tcp_seg_free      tcp.o
    0x0800d81a   0x0800d81a   0x00000018   Code   RO        12762    i.tcp_segs_free     tcp.o
    0x0800d832   0x0800d832   0x00000002   PAD
    0x0800d834   0x0800d834   0x000000d8   Code   RO        13163    i.tcp_send_empty_ack  tcp_out.o
    0x0800d90c   0x0800d90c   0x0000007c   Code   RO        13164    i.tcp_send_fin      tcp_out.o
    0x0800d988   0x0800d988   0x00000048   Code   RO        12763    i.tcp_sent          tcp.o
    0x0800d9d0   0x0800d9d0   0x00000098   Code   RO        12765    i.tcp_shutdown      tcp.o
    0x0800da68   0x0800da68   0x00000658   Code   RO        12766    i.tcp_slowtmr       tcp.o
    0x0800e0c0   0x0800e0c0   0x00000248   Code   RO        13165    i.tcp_split_unsent_seg  tcp_out.o
    0x0800e308   0x0800e308   0x00000038   Code   RO        13313    i.tcp_timer_needed  timeouts.o
    0x0800e340   0x0800e340   0x000000dc   Code   RO        13072    i.tcp_timewait_input  tcp_in.o
    0x0800e41c   0x0800e41c   0x00000024   Code   RO        12768    i.tcp_tmr           tcp.o
    0x0800e440   0x0800e440   0x00000014   Code   RO        13073    i.tcp_trigger_input_pcb_close  tcp_in.o
    0x0800e454   0x0800e454   0x000000b0   Code   RO        12770    i.tcp_update_rcv_ann_wnd  tcp.o
    0x0800e504   0x0800e504   0x00000740   Code   RO        13166    i.tcp_write         tcp_out.o
    0x0800ec44   0x0800ec44   0x00000134   Code   RO        13167    i.tcp_write_checks  tcp_out.o
    0x0800ed78   0x0800ed78   0x00000108   Code   RO        13168    i.tcp_zero_window_probe  tcp_out.o
    0x0800ee80   0x0800ee80   0x000000b8   Code   RO        11131    i.tcpip_init        tcpip.o
    0x0800ef38   0x0800ef38   0x0000006c   Code   RO        11132    i.tcpip_inpkt       tcpip.o
    0x0800efa4   0x0800efa4   0x00000030   Code   RO        11133    i.tcpip_input       tcpip.o
    0x0800efd4   0x0800efd4   0x00000020   Code   RO        11134    i.tcpip_send_msg_wait_sem  tcpip.o
    0x0800eff4   0x0800eff4   0x00000038   Code   RO        13314    i.tcpip_tcp_timer   timeouts.o
    0x0800f02c   0x0800f02c   0x00000070   Code   RO        11135    i.tcpip_thread      tcpip.o
    0x0800f09c   0x0800f09c   0x00000078   Code   RO        11136    i.tcpip_thread_handle_msg  tcpip.o
    0x0800f114   0x0800f114   0x00000060   Code   RO        11137    i.tcpip_timeouts_mbox_fetch  tcpip.o
    0x0800f174   0x0800f174   0x0000001a   Code   RO        10835    i.tryget_socket     sockets.o
    0x0800f18e   0x0800f18e   0x00000010   Code   RO        10836    i.tryget_socket_unconn  sockets.o
    0x0800f19e   0x0800f19e   0x00000002   PAD
    0x0800f1a0   0x0800f1a0   0x0000001c   Code   RO        10838    i.tryget_socket_unconn_nouse  sockets.o
    0x0800f1bc   0x0800f1bc   0x000000c4   Code   RO        13396    i.udp_bind          udp.o
    0x0800f280   0x0800f280   0x000000c8   Code   RO        13398    i.udp_connect       udp.o
    0x0800f348   0x0800f348   0x0000004c   Code   RO        13399    i.udp_disconnect    udp.o
    0x0800f394   0x0800f394   0x00000002   Code   RO        13400    i.udp_init          udp.o
    0x0800f396   0x0800f396   0x00000002   PAD
    0x0800f398   0x0800f398   0x000001dc   Code   RO        13401    i.udp_input         udp.o
    0x0800f574   0x0800f574   0x000000d0   Code   RO        13402    i.udp_input_local_match  udp.o
    0x0800f644   0x0800f644   0x00000030   Code   RO        13403    i.udp_netif_ip_addr_changed  udp.o
    0x0800f674   0x0800f674   0x0000001c   Code   RO        13404    i.udp_new           udp.o
    0x0800f690   0x0800f690   0x0000000e   Code   RO        13405    i.udp_new_ip_type   udp.o
    0x0800f69e   0x0800f69e   0x00000002   PAD
    0x0800f6a0   0x0800f6a0   0x00000058   Code   RO        13406    i.udp_new_port      udp.o
    0x0800f6f8   0x0800f6f8   0x0000003c   Code   RO        13407    i.udp_recv          udp.o
    0x0800f734   0x0800f734   0x00000070   Code   RO        13408    i.udp_remove        udp.o
    0x0800f7a4   0x0800f7a4   0x00000070   Code   RO        13409    i.udp_send          udp.o
    0x0800f814   0x0800f814   0x000000d0   Code   RO        13410    i.udp_sendto        udp.o
    0x0800f8e4   0x0800f8e4   0x0000011c   Code   RO        13411    i.udp_sendto_if     udp.o
    0x0800fa00   0x0800fa00   0x00000228   Code   RO        13412    i.udp_sendto_if_src  udp.o
    0x0800fc28   0x0800fc28   0x00000028   Code   RO        13961    i.uxListRemove      list.o
    0x0800fc50   0x0800fc50   0x00000048   Code   RO        14017    i.uxQueueMessagesWaiting  queue.o
    0x0800fc98   0x0800fc98   0x0000001a   Code   RO        13962    i.vListInitialise   list.o
    0x0800fcb2   0x0800fcb2   0x00000006   Code   RO        13963    i.vListInitialiseItem  list.o
    0x0800fcb8   0x0800fcb8   0x00000034   Code   RO        13964    i.vListInsert       list.o
    0x0800fcec   0x0800fcec   0x00000018   Code   RO        13965    i.vListInsertEnd    list.o
    0x0800fd04   0x0800fd04   0x00000084   Code   RO        14599    i.vPortEnterCritical  port.o
    0x0800fd88   0x0800fd88   0x0000006c   Code   RO        14600    i.vPortExitCritical  port.o
    0x0800fdf4   0x0800fdf4   0x000000b4   Code   RO        14537    i.vPortFree         heap_4.o
    0x0800fea8   0x0800fea8   0x00000020   Code   RO        14601    i.vPortSetupTimerInterrupt  port.o
    0x0800fec8   0x0800fec8   0x0000009c   Code   RO        14602    i.vPortValidateInterruptPriority  port.o
    0x0800ff64   0x0800ff64   0x0000004c   Code   RO        14021    i.vQueueDelete      queue.o
    0x0800ffb0   0x0800ffb0   0x00000030   Code   RO        14022    i.vQueueUnregisterQueue  queue.o
    0x0800ffe0   0x0800ffe0   0x00000078   Code   RO        14211    i.vTaskDelay        tasks.o
    0x08010058   0x08010058   0x00000110   Code   RO        14213    i.vTaskDelete       tasks.o
    0x08010168   0x08010168   0x0000000c   Code   RO        14215    i.vTaskMissedYield  tasks.o
    0x08010174   0x08010174   0x00000058   Code   RO        14217    i.vTaskPlaceOnEventList  tasks.o
    0x080101cc   0x080101cc   0x000000b0   Code   RO        14219    i.vTaskPriorityInherit  tasks.o
    0x0801027c   0x0801027c   0x00000050   Code   RO        14222    i.vTaskSetTimeOutState  tasks.o
    0x080102cc   0x080102cc   0x000000a8   Code   RO        14223    i.vTaskStartScheduler  tasks.o
    0x08010374   0x08010374   0x00000010   Code   RO        14225    i.vTaskSuspendAll   tasks.o
    0x08010384   0x08010384   0x000000ac   Code   RO        14226    i.vTaskSwitchContext  tasks.o
    0x08010430   0x08010430   0x00000158   Code   RO        14603    i.xPortStartScheduler  port.o
    0x08010588   0x08010588   0x00000034   Code   RO        14604    i.xPortSysTickHandler  port.o
    0x080105bc   0x080105bc   0x00000070   Code   RO        14023    i.xQueueCreateCountingSemaphore  queue.o
    0x0801062c   0x0801062c   0x00000022   Code   RO        14024    i.xQueueCreateMutex  queue.o
    0x0801064e   0x0801064e   0x00000002   PAD
    0x08010650   0x08010650   0x00000078   Code   RO        14025    i.xQueueGenericCreate  queue.o
    0x080106c8   0x080106c8   0x000001cc   Code   RO        14026    i.xQueueGenericReceive  queue.o
    0x08010894   0x08010894   0x000000b4   Code   RO        14027    i.xQueueGenericReset  queue.o
    0x08010948   0x08010948   0x000001a8   Code   RO        14028    i.xQueueGenericSend  queue.o
    0x08010af0   0x08010af0   0x000000ec   Code   RO        14030    i.xQueueGiveFromISR  queue.o
    0x08010bdc   0x08010bdc   0x000000a4   Code   RO        14227    i.xTaskCheckForTimeOut  tasks.o
    0x08010c80   0x08010c80   0x00000060   Code   RO        14228    i.xTaskCreate       tasks.o
    0x08010ce0   0x08010ce0   0x00000020   Code   RO        14232    i.xTaskGetSchedulerState  tasks.o
    0x08010d00   0x08010d00   0x0000000c   Code   RO        14233    i.xTaskGetTickCount  tasks.o
    0x08010d0c   0x08010d0c   0x00000164   Code   RO        14235    i.xTaskIncrementTick  tasks.o
    0x08010e70   0x08010e70   0x000000dc   Code   RO        14238    i.xTaskPriorityDisinherit  tasks.o
    0x08010f4c   0x08010f4c   0x000000b8   Code   RO        14239    i.xTaskRemoveFromEventList  tasks.o
    0x08011004   0x08011004   0x00000124   Code   RO        14241    i.xTaskResumeAll    tasks.o
    0x08011128   0x08011128   0x00000018   Data   RO           15    .constdata          system_stm32f4xx.o
    0x08011140   0x08011140   0x00000003   Data   RO        10110    .constdata          api_msg.o
    0x08011143   0x08011143   0x00000001   PAD
    0x08011144   0x08011144   0x00000044   Data   RO        10292    .constdata          err.o
    0x08011188   0x08011188   0x00000008   Data   RO        11637    .constdata          ip4_addr.o
    0x08011190   0x08011190   0x000000d0   Data   RO        12167    .constdata          memp.o
    0x08011260   0x08011260   0x00000050   Data   RO        12771    .constdata          tcp.o
    0x080112b0   0x080112b0   0x0000001c   Data   RO        13315    .constdata          timeouts.o
    0x080112cc   0x080112cc   0x0000000c   Data   RO        13531    .constdata          ethernet.o
    0x080112d8   0x080112d8   0x00000081   Data   RO        14687    .constdata          mc_w.l(ctype_o.o)
    0x08011359   0x08011359   0x00000003   PAD
    0x0801135c   0x0801135c   0x00000004   Data   RO        14688    .constdata          mc_w.l(ctype_o.o)
    0x08011360   0x08011360   0x00000089   Data   RO         9079    .conststring        main.o
    0x080113e9   0x080113e9   0x00000003   PAD
    0x080113ec   0x080113ec   0x00000041   Data   RO        11327    .conststring        etharp.o
    0x0801142d   0x0801142d   0x00000003   PAD
    0x08011430   0x08011430   0x00000041   Data   RO        11989    .conststring        init.o
    0x08011471   0x08011471   0x00000003   PAD
    0x08011474   0x08011474   0x00000075   Data   RO        12772    .conststring        tcp.o
    0x080114e9   0x080114e9   0x00000003   PAD
    0x080114ec   0x080114ec   0x00000055   Data   RO        13169    .conststring        tcp_out.o
    0x08011541   0x08011541   0x00000003   PAD
    0x08011544   0x08011544   0x00000020   Data   RO        15046    Region$$Table       anon$$obj.o


    Execution Region RW_IRAM1 (Exec base: 0x20000000, Load base: 0x08011564, Size: 0x00025980, Max: 0x00030000, ABSOLUTE, COMPRESSED[0x00000018])

    Exec Addr    Load Addr    Size         Type   Attr      Idx    E Section Name        Object

    0x20000000   COMPRESSED   0x00000004   Data   RW           16    .data               system_stm32f4xx.o
    0x20000004   COMPRESSED   0x00000009   Data   RW          309    .data               stm32f4xx_hal.o
    0x2000000d   COMPRESSED   0x00000003   PAD
    0x20000010   COMPRESSED   0x0000000c   Data   RW         9080    .data               main.o
    0x2000001c   COMPRESSED   0x00000004   Data   RW        10840    .data               sockets.o
    0x20000020   COMPRESSED   0x00000010   Data   RW        11139    .data               tcpip.o
    0x20000030   COMPRESSED   0x00000001   Data   RW        11328    .data               etharp.o
    0x20000031   COMPRESSED   0x00000001   PAD
    0x20000032   COMPRESSED   0x00000002   Data   RW        11545    .data               ip4.o
    0x20000034   COMPRESSED   0x00000006   Data   RW        11715    .data               ip4_frag.o
    0x2000003a   COMPRESSED   0x00000002   PAD
    0x2000003c   COMPRESSED   0x00000010   Data   RW        12096    .data               mem.o
    0x2000004c   COMPRESSED   0x00000034   Data   RW        12168    .data               memp.o
    0x20000080   COMPRESSED   0x00000009   Data   RW        12284    .data               netif.o
    0x20000089   COMPRESSED   0x00000003   PAD
    0x2000008c   COMPRESSED   0x00000020   Data   RW        12773    .data               tcp.o
    0x200000ac   COMPRESSED   0x00000028   Data   RW        13075    .data               tcp_in.o
    0x200000d4   COMPRESSED   0x0000000c   Data   RW        13316    .data               timeouts.o
    0x200000e0   COMPRESSED   0x00000008   Data   RW        13413    .data               udp.o
    0x200000e8   COMPRESSED   0x00000010   Data   RW        13577    .data               ethernetif.o
    0x200000f8   COMPRESSED   0x00000024   Data   RW        13663    .data               sys_arch.o
    0x2000011c   COMPRESSED   0x0000003c   Data   RW        14244    .data               tasks.o
    0x20000158   COMPRESSED   0x00000018   Data   RW        14542    .data               heap_4.o
    0x20000170   COMPRESSED   0x0000000c   Data   RW        14605    .data               port.o
    0x2000017c   COMPRESSED   0x00000004   Data   RW        15009    .data               mc_w.l(stdout.o)
    0x20000180        -       0x00000040   Zero   RW         9489    .bss                bsp_debug_usart.o
    0x200001c0        -       0x00006188   Zero   RW         9617    .bss                bsp_eth.o
    0x20006348        -       0x00000040   Zero   RW        10839    .bss                sockets.o
    0x20006388        -       0x000000f0   Zero   RW        11326    .bss                etharp.o
    0x20006478        -       0x00000018   Zero   RW        12058    .bss                ip.o
    0x20006490        -       0x00003c13   Zero   RW        12095    .bss                mem.o
    0x2000a0a3        -       0x00012143   Zero   RW        12166    .bss                memp.o
    0x2001c1e6   COMPRESSED   0x00000002   PAD
    0x2001c1e8        -       0x00000010   Zero   RW        13074    .bss                tcp_in.o
    0x2001c1f8        -       0x00000050   Zero   RW        13662    .bss                sys_arch.o
    0x2001c248        -       0x00000050   Zero   RW        14037    .bss                queue.o
    0x2001c298        -       0x000002e4   Zero   RW        14243    .bss                tasks.o
    0x2001c57c        -       0x00009000   Zero   RW        14541    .bss                heap_4.o
    0x2002557c   COMPRESSED   0x00000004   PAD
    0x20025580        -       0x00000400   Zero   RW            1    STACK               startup_stm32f429xx.o


==============================================================================

Image component sizes


      Code (inc. data)   RO Data    RW Data    ZI Data      Debug   Object Name

      1122        354          0          0          0      38519   api_lib.o
      5384       1446          3          0          0      34462   api_msg.o
       428         52          0          0          0       7251   board.o
       252         24          0          0         64       2466   bsp_debug_usart.o
       898        206          0          0      24968       5740   bsp_eth.o
       176          8          0          0          0        970   bsp_led.o
       316        136          0          0          0      31603   client.o
        38          0          0          0          0       1010   def.o
        32          6         68          0          0       1063   err.o
      2992        530         65          1        240      26098   etharp.o
       352         58         12          0          0       2482   ethernet.o
      1260        250          0         16          0       5048   ethernetif.o
         0          0          0          0          0       1472   event_groups.o
       744        168          0         24      36864       3859   heap_4.o
       744        158          0          0          0       8793   icmp.o
       180          0          0          0          0       1946   inet_chksum.o
        64          4         65          0          0       1500   init.o
         0          0          0          0         24       6881   ip.o
       970         92          0          2          0       6988   ip4.o
       522         20          8          0          0      13983   ip4_addr.o
      2702        494          0          6          0      11626   ip4_frag.o
       148          0          0          0          0       3190   list.o
       520        298        137         12          0     653423   main.o
      2064        660          0         16      15379       7697   mem.o
       424        148        208         52      74051      10496   memp.o
       212         54          0          0          0      14031   netbuf.o
      1106        278          0          9          0      13190   netif.o
      2674        814          0          0          0      14388   pbuf.o
      1162        376          0         12          0      10645   port.o
      2176        342          0          0         80      14563   queue.o
      2068        192          0          4         64      34536   sockets.o
        36          8        428          0       1024        948   startup_stm32f429xx.o
       214         36          0          9          0       5083   stm32f4xx_hal.o
       298         22          0          0          0      30915   stm32f4xx_hal_cortex.o
      2856         50          0          0          0      14581   stm32f4xx_hal_eth.o
       936        102          0          0          0       3234   stm32f4xx_hal_gpio.o
       140         12          0          0          0       1288   stm32f4xx_hal_pwr_ex.o
      1732         84          0          0          0       5544   stm32f4xx_hal_rcc.o
      1308          8          0          0          0       3744   stm32f4xx_hal_uart.o
        68          0          0          0          0      17511   stm32f4xx_it.o
       942        206          0         36         80      14389   sys_arch.o
       100         18         24          4          0     751315   system_stm32f4xx.o
      3338        886          0         60        740      28525   tasks.o
      6268       1748        197         32          0      38289   tcp.o
      6728       1270          0         40         16      20287   tcp_in.o
      7434       1944         85          0          0      31958   tcp_out.o
       700        218          0         16          0       9413   tcpip.o
       748        216         28         12          0       6899   timeouts.o
      2664        834          0          8          0      13852   udp.o

    ----------------------------------------------------------------------
     68316      14830       1376        380     153600    1987694   Object Totals
         0          0         32          0          0          0   (incl. Generated)
        76          0         16          9          6          0   (incl. Padding)

    ----------------------------------------------------------------------

      Code (inc. data)   RO Data    RW Data    ZI Data      Debug   Library Member Name

        58          0          0          0          0          0   __dczerorl.o
         8          4        133          0          0         68   ctype_o.o
         0          0          0          0          0          0   entry.o
         0          0          0          0          0          0   entry10a.o
         0          0          0          0          0          0   entry11a.o
         4          0          0          0          0          0   entry12b.o
         8          4          0          0          0          0   entry2.o
         4          0          0          0          0          0   entry5.o
         0          0          0          0          0          0   entry7b.o
         0          0          0          0          0          0   entry8b.o
         8          4          0          0          0          0   entry9a.o
        30          0          0          0          0          0   handlers.o
        36          8          0          0          0         68   init.o
        30          0          0          0          0         68   llshl.o
        32          0          0          0          0         68   llushr.o
        26          0          0          0          0         80   memcmp.o
        64          0          0          0          0         76   memmovea.o
        36          0          0          0          0        108   memseta.o
       736         54          0          0          0        184   printf5.o
         0          0          0          4          0          0   stdout.o
        98          0          0          0          0         92   uldiv.o

    ----------------------------------------------------------------------
      1184         74        136          4          0        812   Library Totals
         6          0          3          0          0          0   (incl. Padding)

    ----------------------------------------------------------------------

      Code (inc. data)   RO Data    RW Data    ZI Data      Debug   Library Name

      1178         74        133          4          0        812   mc_w.l

    ----------------------------------------------------------------------
      1184         74        136          4          0        812   Library Totals

    ----------------------------------------------------------------------

==============================================================================


      Code (inc. data)   RO Data    RW Data    ZI Data      Debug   

     69500      14904       1512        384     153600    1948678   Grand Totals
     69500      14904       1512         24     153600    1948678   ELF Image Totals (compressed)
     69500      14904       1512         24          0          0   ROM Totals

==============================================================================

    Total RO  Size (Code + RO Data)                71012 (  69.35kB)
    Total RW  Size (RW Data + ZI Data)            153984 ( 150.38kB)
    Total ROM Size (Code + RO Data + RW Data)      71036 (  69.37kB)

==============================================================================

