<html>
<body>
<pre>
<h1>礦ision Build Log</h1>
<h2>Tool Versions:</h2>
IDE-Version: μVision V5.38.0.0
Copyright (C) 2022 ARM Ltd and ARM Germany GmbH. All rights reserved.
License Information: 86130 8613015757858, 86130, LIC=YA39H-W5S2Q-2ZCW4-F1T78-73GTJ-4DM6B
 
Tool Versions:
Toolchain:       MDK-ARM Plus  Version: 5.38.0.0
Toolchain Path:  F:\Keil_v5\ARM\ARMCC\Bin
C Compiler:      Armcc.exe V5.06 update 7 (build 960)
Assembler:       Armasm.exe V5.06 update 7 (build 960)
Linker/Locator:  ArmLink.exe V5.06 update 7 (build 960)
Library Manager: ArmAr.exe V5.06 update 7 (build 960)
Hex Converter:   FromElf.exe V5.06 update 7 (build 960)
CPU DLL:         SARMCM3.DLL V5.38.0.0
Dialog DLL:      DCM.DLL V1.17.5.0
Target DLL:      UL2CM3.DLL V1.164.8.0
Dialog DLL:      TCM.DLL V1.56.4.0
 
<h2>Project:</h2>
G:\FreeRTOS\11任务延时列表的实现\Project\Fire_FreeRTOS.uvprojx
Project File Date:  07/23/2024

<h2>Output:</h2>
*** Using Compiler 'V5.06 update 7 (build 960)', folder: 'F:\Keil_v5\ARM\ARMCC\Bin'
Build target 'Target 1'
compiling tack.c...
..\freertos\tack.c(455): warning:  #550-D: variable "pxTCB"  was set but never used
      TCB_t *pxTCB = NULL;
..\freertos\tack.c(30): warning:  #550-D: variable "xIdleTaskHandle"  was set but never used
  static TaskHandle_t xIdleTaskHandle					= NULL;
..\freertos\tack.c: 2 warnings, 0 errors
linking...
Program Size: Code=1820 RO-data=224 RW-data=60 ZI-data=2860  
".\Objects\Fire_FreeRTOS.axf" - 0 Error(s), 2 Warning(s).

<h2>Software Packages used:</h2>

Package Vendor: ARM
                http://www.keil.com/pack/ARM.CMSIS.5.9.0.pack
                ARM.CMSIS.5.9.0
                CMSIS (Common Microcontroller Software Interface Standard)
   * Component: CORE Version: 5.6.0
   * Component: Startup Version: 1.2.2

<h2>Collection of Component include folders:</h2>
  ./RTE/_Target_1
  F:/Keil_v5/Packs/ARM/CMSIS/5.9.0/CMSIS/Core/Include
  F:/Keil_v5/Packs/ARM/CMSIS/5.9.0/Device/ARM/ARMCM3/Include

<h2>Collection of Component Files used:</h2>

   * Component: ARM::CMSIS:CORE:5.6.0

   * Component: ARM::Device:Startup:1.2.2
      Source file:   Device/ARM/ARMCM3/Source/system_ARMCM3.c
      Source file:   Device/ARM/ARMCM3/Source/ARM/startup_ARMCM3.s
      Include file:  Device/ARM/ARMCM3/Include/ARMCM3.h
Build Time Elapsed:  00:00:00
</pre>
</body>
</html>
