Component: ARM Compiler 5.06 update 7 (build 960) Tool: armlink [4d3601]

==============================================================================

Section Cross References

    startup_stm32f429xx.o(RESET) refers to startup_stm32f429xx.o(STACK) for __initial_sp
    startup_stm32f429xx.o(RESET) refers to startup_stm32f429xx.o(.text) for Reset_Handler
    startup_stm32f429xx.o(RESET) refers to stm32f4xx_it.o(i.NMI_Handler) for NMI_Handler
    startup_stm32f429xx.o(RESET) refers to cmb_fault.o(.text) for HardFault_Handler
    startup_stm32f429xx.o(RESET) refers to stm32f4xx_it.o(i.MemManage_Handler) for MemManage_Handler
    startup_stm32f429xx.o(RESET) refers to stm32f4xx_it.o(i.BusFault_Handler) for BusFault_Handler
    startup_stm32f429xx.o(RESET) refers to stm32f4xx_it.o(i.UsageFault_Handler) for UsageFault_Handler
    startup_stm32f429xx.o(RESET) refers to port.o(.emb_text) for SVC_Handler
    startup_stm32f429xx.o(RESET) refers to stm32f4xx_it.o(i.DebugMon_Handler) for DebugMon_Handler
    startup_stm32f429xx.o(RESET) refers to stm32f4xx_it.o(i.SysTick_Handler) for SysTick_Handler
    startup_stm32f429xx.o(RESET) refers to bsp_eth.o(i.ETH_IRQHandler) for ETH_IRQHandler
    startup_stm32f429xx.o(.text) refers to system_stm32f4xx.o(i.SystemInit) for SystemInit
    startup_stm32f429xx.o(.text) refers to entry.o(.ARM.Collect$$$$00000000) for __main
    system_stm32f4xx.o(i.SystemCoreClockUpdate) refers to system_stm32f4xx.o(.data) for SystemCoreClock
    system_stm32f4xx.o(i.SystemCoreClockUpdate) refers to system_stm32f4xx.o(.constdata) for AHBPrescTable
    stm32f4xx_hal.o(i.HAL_DeInit) refers to stm32f4xx_hal.o(i.HAL_MspDeInit) for HAL_MspDeInit
    stm32f4xx_hal.o(i.HAL_Delay) refers to stm32f4xx_hal.o(i.HAL_GetTick) for HAL_GetTick
    stm32f4xx_hal.o(i.HAL_Delay) refers to stm32f4xx_hal.o(.data) for uwTickFreq
    stm32f4xx_hal.o(i.HAL_GetTick) refers to stm32f4xx_hal.o(.data) for uwTick
    stm32f4xx_hal.o(i.HAL_GetTickFreq) refers to stm32f4xx_hal.o(.data) for uwTickFreq
    stm32f4xx_hal.o(i.HAL_GetTickPrio) refers to stm32f4xx_hal.o(.data) for uwTickPrio
    stm32f4xx_hal.o(i.HAL_IncTick) refers to stm32f4xx_hal.o(.data) for uwTick
    stm32f4xx_hal.o(i.HAL_Init) refers to stm32f4xx_hal_cortex.o(i.HAL_NVIC_SetPriorityGrouping) for HAL_NVIC_SetPriorityGrouping
    stm32f4xx_hal.o(i.HAL_Init) refers to stm32f4xx_hal.o(i.HAL_InitTick) for HAL_InitTick
    stm32f4xx_hal.o(i.HAL_Init) refers to stm32f4xx_hal.o(i.HAL_MspInit) for HAL_MspInit
    stm32f4xx_hal.o(i.HAL_InitTick) refers to stm32f4xx_hal_cortex.o(i.HAL_SYSTICK_Config) for HAL_SYSTICK_Config
    stm32f4xx_hal.o(i.HAL_InitTick) refers to stm32f4xx_hal_cortex.o(i.HAL_NVIC_SetPriority) for HAL_NVIC_SetPriority
    stm32f4xx_hal.o(i.HAL_InitTick) refers to stm32f4xx_hal.o(.data) for uwTickFreq
    stm32f4xx_hal.o(i.HAL_InitTick) refers to system_stm32f4xx.o(.data) for SystemCoreClock
    stm32f4xx_hal.o(i.HAL_SetTickFreq) refers to stm32f4xx_hal.o(i.HAL_InitTick) for HAL_InitTick
    stm32f4xx_hal.o(i.HAL_SetTickFreq) refers to stm32f4xx_hal.o(.data) for uwTickFreq
    stm32f4xx_hal_adc.o(i.ADC_DMAConvCplt) refers to stm32f4xx_hal_adc.o(i.HAL_ADC_ConvCpltCallback) for HAL_ADC_ConvCpltCallback
    stm32f4xx_hal_adc.o(i.ADC_DMAError) refers to stm32f4xx_hal_adc.o(i.HAL_ADC_ErrorCallback) for HAL_ADC_ErrorCallback
    stm32f4xx_hal_adc.o(i.ADC_DMAHalfConvCplt) refers to stm32f4xx_hal_adc.o(i.HAL_ADC_ConvHalfCpltCallback) for HAL_ADC_ConvHalfCpltCallback
    stm32f4xx_hal_adc.o(i.HAL_ADC_ConfigChannel) refers to system_stm32f4xx.o(.data) for SystemCoreClock
    stm32f4xx_hal_adc.o(i.HAL_ADC_DeInit) refers to stm32f4xx_hal_adc.o(i.HAL_ADC_MspDeInit) for HAL_ADC_MspDeInit
    stm32f4xx_hal_adc.o(i.HAL_ADC_IRQHandler) refers to stm32f4xx_hal_adc.o(i.HAL_ADC_ConvCpltCallback) for HAL_ADC_ConvCpltCallback
    stm32f4xx_hal_adc.o(i.HAL_ADC_IRQHandler) refers to stm32f4xx_hal_adc_ex.o(i.HAL_ADCEx_InjectedConvCpltCallback) for HAL_ADCEx_InjectedConvCpltCallback
    stm32f4xx_hal_adc.o(i.HAL_ADC_IRQHandler) refers to stm32f4xx_hal_adc.o(i.HAL_ADC_LevelOutOfWindowCallback) for HAL_ADC_LevelOutOfWindowCallback
    stm32f4xx_hal_adc.o(i.HAL_ADC_IRQHandler) refers to stm32f4xx_hal_adc.o(i.HAL_ADC_ErrorCallback) for HAL_ADC_ErrorCallback
    stm32f4xx_hal_adc.o(i.HAL_ADC_Init) refers to stm32f4xx_hal_adc.o(i.HAL_ADC_MspInit) for HAL_ADC_MspInit
    stm32f4xx_hal_adc.o(i.HAL_ADC_Init) refers to stm32f4xx_hal_adc.o(i.ADC_Init) for ADC_Init
    stm32f4xx_hal_adc.o(i.HAL_ADC_PollForConversion) refers to stm32f4xx_hal.o(i.HAL_GetTick) for HAL_GetTick
    stm32f4xx_hal_adc.o(i.HAL_ADC_PollForEvent) refers to stm32f4xx_hal.o(i.HAL_GetTick) for HAL_GetTick
    stm32f4xx_hal_adc.o(i.HAL_ADC_Start) refers to system_stm32f4xx.o(.data) for SystemCoreClock
    stm32f4xx_hal_adc.o(i.HAL_ADC_Start_DMA) refers to stm32f4xx_hal_dma.o(i.HAL_DMA_Start_IT) for HAL_DMA_Start_IT
    stm32f4xx_hal_adc.o(i.HAL_ADC_Start_DMA) refers to system_stm32f4xx.o(.data) for SystemCoreClock
[...]
    sys_mbox_set_invalid                     0x0800e6a7   Thumb Code     6  sys_arch.o(i.sys_mbox_set_invalid)
    sys_mbox_trypost                         0x0800e6ad   Thumb Code    30  sys_arch.o(i.sys_mbox_trypost)
    sys_mbox_valid                           0x0800e6cb   Thumb Code    14  sys_arch.o(i.sys_mbox_valid)
    sys_mutex_lock                           0x0800e6d9   Thumb Code    18  sys_arch.o(i.sys_mutex_lock)
    sys_mutex_new                            0x0800e6ed   Thumb Code    32  sys_arch.o(i.sys_mutex_new)
    sys_mutex_unlock                         0x0800e729   Thumb Code    18  sys_arch.o(i.sys_mutex_unlock)
    sys_now                                  0x0800e73d   Thumb Code    16  sys_arch.o(i.sys_now)
    sys_sem_free                             0x0800e751   Thumb Code    16  sys_arch.o(i.sys_sem_free)
    sys_sem_new                              0x0800e761   Thumb Code    64  sys_arch.o(i.sys_sem_new)
    sys_sem_set_invalid                      0x0800e7bd   Thumb Code     6  sys_arch.o(i.sys_sem_set_invalid)
    sys_sem_signal                           0x0800e7c5   Thumb Code    28  sys_arch.o(i.sys_sem_signal)
    sys_sem_valid                            0x0800e801   Thumb Code    14  sys_arch.o(i.sys_sem_valid)
    sys_thread_new                           0x0800e811   Thumb Code    68  sys_arch.o(i.sys_thread_new)
    sys_timeout                              0x0800e87d   Thumb Code    50  timeouts.o(i.sys_timeout)
    sys_timeouts_init                        0x0800e9c5   Thumb Code    30  timeouts.o(i.sys_timeouts_init)
    sys_timeouts_sleeptime                   0x0800e9ed   Thumb Code    78  timeouts.o(i.sys_timeouts_sleeptime)
    tcp_abandon                              0x0800ea55   Thumb Code   256  tcp.o(i.tcp_abandon)
    tcp_abort                                0x0800ebb5   Thumb Code    14  tcp.o(i.tcp_abort)
    tcp_accept                               0x0800ebc3   Thumb Code    16  tcp.o(i.tcp_accept)
    tcp_alloc                                0x0800ebd5   Thumb Code   170  tcp.o(i.tcp_alloc)
    tcp_arg                                  0x0800ec91   Thumb Code     6  tcp.o(i.tcp_arg)
    tcp_close                                0x0800ec99   Thumb Code    54  tcp.o(i.tcp_close)
    tcp_connect                              0x0800ef15   Thumb Code   372  tcp.o(i.tcp_connect)
    tcp_eff_send_mss_netif                   0x0800f261   Thumb Code    72  tcp.o(i.tcp_eff_send_mss_netif)
    tcp_enqueue_flags                        0x0800f2d1   Thumb Code   358  tcp_out.o(i.tcp_enqueue_flags)
    tcp_err                                  0x0800f505   Thumb Code    34  tcp.o(i.tcp_err)
    tcp_fasttmr                              0x0800f551   Thumb Code   142  tcp.o(i.tcp_fasttmr)
    tcp_free                                 0x0800f5ed   Thumb Code    34  tcp.o(i.tcp_free)
    tcp_init                                 0x0800f7cd   Thumb Code    20  tcp.o(i.tcp_init)
    tcp_input                                0x0800f7e5   Thumb Code  1846  tcp_in.o(i.tcp_input)
    tcp_keepalive                            0x0800ffe5   Thumb Code    88  tcp_out.o(i.tcp_keepalive)
    tcp_netif_ip_addr_changed                0x08010365   Thumb Code    64  tcp.o(i.tcp_netif_ip_addr_changed)
    tcp_new_ip_type                          0x08010421   Thumb Code    16  tcp.o(i.tcp_new_ip_type)
    tcp_next_iss                             0x08010499   Thumb Code    40  tcp.o(i.tcp_next_iss)
    tcp_output                               0x080104e5   Thumb Code   658  tcp_out.o(i.tcp_output)
    tcp_pcb_purge                            0x08010e3d   Thumb Code    84  tcp.o(i.tcp_pcb_purge)
    tcp_pcb_remove                           0x08010ead   Thumb Code   184  tcp.o(i.tcp_pcb_remove)
    tcp_poll                                 0x08010fd5   Thumb Code    56  tcp.o(i.tcp_poll)
    tcp_process_refused_data                 0x080116e9   Thumb Code   172  tcp.o(i.tcp_process_refused_data)
    tcp_recv                                 0x08011ee5   Thumb Code    34  tcp.o(i.tcp_recv)
    tcp_recv_null                            0x08011f31   Thumb Code    68  tcp.o(i.tcp_recv_null)
    tcp_recved                               0x08011f91   Thumb Code   116  tcp.o(i.tcp_recved)
    tcp_rexmit                               0x08012099   Thumb Code   132  tcp_out.o(i.tcp_rexmit)
    tcp_rexmit_fast                          0x08012135   Thumb Code   132  tcp_out.o(i.tcp_rexmit_fast)
    tcp_rexmit_rto                           0x080121d9   Thumb Code    36  tcp_out.o(i.tcp_rexmit_rto)
    tcp_rexmit_rto_commit                    0x08012219   Thumb Code    46  tcp_out.o(i.tcp_rexmit_rto_commit)
    tcp_rexmit_rto_prepare                   0x0801226d   Thumb Code   140  tcp_out.o(i.tcp_rexmit_rto_prepare)
    tcp_rst                                  0x0801233d   Thumb Code   128  tcp_out.o(i.tcp_rst)
    tcp_seg_free                             0x080123f5   Thumb Code    26  tcp.o(i.tcp_seg_free)
    tcp_segs_free                            0x0801240f   Thumb Code    24  tcp.o(i.tcp_segs_free)
    tcp_send_empty_ack                       0x08012429   Thumb Code   184  tcp_out.o(i.tcp_send_empty_ack)
    tcp_send_fin                             0x08012501   Thumb Code    94  tcp_out.o(i.tcp_send_fin)
    tcp_sent                                 0x0801257d   Thumb Code    32  tcp.o(i.tcp_sent)
    tcp_shutdown                             0x080125c5   Thumb Code   124  tcp.o(i.tcp_shutdown)
    tcp_slowtmr                              0x0801265d   Thumb Code  1486  tcp.o(i.tcp_slowtmr)
    tcp_split_unsent_seg                     0x08012cb5   Thumb Code   468  tcp_out.o(i.tcp_split_unsent_seg)
    tcp_timer_needed                         0x08012efd   Thumb Code    38  timeouts.o(i.tcp_timer_needed)
    tcp_tmr                                  0x08013011   Thumb Code    30  tcp.o(i.tcp_tmr)
    tcp_trigger_input_pcb_close              0x08013035   Thumb Code    14  tcp_in.o(i.tcp_trigger_input_pcb_close)
    tcp_update_rcv_ann_wnd                   0x08013049   Thumb Code   110  tcp.o(i.tcp_update_rcv_ann_wnd)
    tcp_write                                0x080130f9   Thumb Code  1712  tcp_out.o(i.tcp_write)
    tcp_zero_window_probe                    0x0801396d   Thumb Code   228  tcp_out.o(i.tcp_zero_window_probe)
    tcpip_init                               0x08013a75   Thumb Code    82  tcpip.o(i.tcpip_init)
    tcpip_inpkt                              0x08013b2d   Thumb Code    88  tcpip.o(i.tcpip_inpkt)
    tcpip_input                              0x08013b99   Thumb Code    40  tcpip.o(i.tcpip_input)
    tcpip_send_msg_wait_sem                  0x08013bc9   Thumb Code    28  tcpip.o(i.tcpip_send_msg_wait_sem)
    udp_bind                                 0x08013db1   Thumb Code   162  udp.o(i.udp_bind)
    udp_connect                              0x08013e75   Thumb Code   138  udp.o(i.udp_connect)
    udp_disconnect                           0x08013f3d   Thumb Code    46  udp.o(i.udp_disconnect)
    udp_init                                 0x08013f89   Thumb Code    20  udp.o(i.udp_init)
    udp_input                                0x08013fa1   Thumb Code   388  udp.o(i.udp_input)
    udp_netif_ip_addr_changed                0x0801424d   Thumb Code    42  udp.o(i.udp_netif_ip_addr_changed)
    udp_new                                  0x0801427d   Thumb Code    30  udp.o(i.udp_new)
    udp_new_ip_type                          0x0801429b   Thumb Code    14  udp.o(i.udp_new_ip_type)
    udp_recv                                 0x08014301   Thumb Code    34  udp.o(i.udp_recv)
    udp_remove                               0x0801433d   Thumb Code    84  udp.o(i.udp_remove)
    udp_send                                 0x080143ad   Thumb Code    64  udp.o(i.udp_send)
    udp_sendto                               0x0801441d   Thumb Code   178  udp.o(i.udp_sendto)
    udp_sendto_if                            0x08014525   Thumb Code   162  udp.o(i.udp_sendto_if)
    udp_sendto_if_src                        0x08014641   Thumb Code   368  udp.o(i.udp_sendto_if_src)
    uxListRemove                             0x0801488d   Thumb Code    40  list.o(i.uxListRemove)
    uxQueueMessagesWaiting                   0x080148b5   Thumb Code    32  queue.o(i.uxQueueMessagesWaiting)
    vListInitialise                          0x080148fd   Thumb Code    26  list.o(i.vListInitialise)
    vListInitialiseItem                      0x08014917   Thumb Code     6  list.o(i.vListInitialiseItem)
    vListInsert                              0x0801491d   Thumb Code    52  list.o(i.vListInsert)
    vListInsertEnd                           0x08014951   Thumb Code    24  list.o(i.vListInsertEnd)
    vPortEnterCritical                       0x08014969   Thumb Code    68  port.o(i.vPortEnterCritical)
    vPortExitCritical                        0x080149ed   Thumb Code    48  port.o(i.vPortExitCritical)
    vPortFree                                0x08014a59   Thumb Code   120  heap_4.o(i.vPortFree)
    vPortSetupTimerInterrupt                 0x08014b0d   Thumb Code    26  port.o(i.vPortSetupTimerInterrupt)
    vPortValidateInterruptPriority           0x08014b2d   Thumb Code    86  port.o(i.vPortValidateInterruptPriority)
    vQueueDelete                             0x08014bc9   Thumb Code    34  queue.o(i.vQueueDelete)
    vQueueUnregisterQueue                    0x08014c15   Thumb Code    44  queue.o(i.vQueueUnregisterQueue)
    vTaskDelay                               0x08014c45   Thumb Code    72  tasks.o(i.vTaskDelay)
    vTaskDelete                              0x08014cbd   Thumb Code   192  tasks.o(i.vTaskDelete)
    vTaskMissedYield                         0x08014dcd   Thumb Code     8  tasks.o(i.vTaskMissedYield)
    vTaskPlaceOnEventList                    0x08014dd9   Thumb Code    42  tasks.o(i.vTaskPlaceOnEventList)
    vTaskPriorityInherit                     0x08014e31   Thumb Code   164  tasks.o(i.vTaskPriorityInherit)
    vTaskSetTimeOutState                     0x08014ee1   Thumb Code    32  tasks.o(i.vTaskSetTimeOutState)
    vTaskStartScheduler                      0x08014f31   Thumb Code    98  tasks.o(i.vTaskStartScheduler)
    vTaskSuspendAll                          0x08014fd9   Thumb Code    12  tasks.o(i.vTaskSuspendAll)
    vTaskSwitchContext                       0x08014fe9   Thumb Code   110  tasks.o(i.vTaskSwitchContext)
    xPortStartScheduler                      0x08015095   Thumb Code   258  port.o(i.xPortStartScheduler)
    xPortSysTickHandler                      0x080151ed   Thumb Code    46  port.o(i.xPortSysTickHandler)
    xQueueCreateCountingSemaphore            0x08015221   Thumb Code    72  queue.o(i.xQueueCreateCountingSemaphore)
    xQueueCreateMutex                        0x08015291   Thumb Code    34  queue.o(i.xQueueCreateMutex)
    xQueueGenericCreate                      0x080152b5   Thumb Code    78  queue.o(i.xQueueGenericCreate)
    xQueueGenericReceive                     0x0801532d   Thumb Code   416  queue.o(i.xQueueGenericReceive)
    xQueueGenericReset                       0x080154f9   Thumb Code   136  queue.o(i.xQueueGenericReset)
    xQueueGenericSend                        0x080155ad   Thumb Code   380  queue.o(i.xQueueGenericSend)
    xQueueGiveFromISR                        0x08015755   Thumb Code   194  queue.o(i.xQueueGiveFromISR)
    xTaskCheckForTimeOut                     0x08015841   Thumb Code   116  tasks.o(i.xTaskCheckForTimeOut)
    xTaskCreate                              0x080158e5   Thumb Code    96  tasks.o(i.xTaskCreate)
    xTaskGetSchedulerState                   0x08015945   Thumb Code    24  tasks.o(i.xTaskGetSchedulerState)
    xTaskGetTickCount                        0x08015965   Thumb Code     6  tasks.o(i.xTaskGetTickCount)
    xTaskIncrementTick                       0x08015971   Thumb Code   272  tasks.o(i.xTaskIncrementTick)
    xTaskPriorityDisinherit                  0x08015ad5   Thumb Code   168  tasks.o(i.xTaskPriorityDisinherit)
    xTaskRemoveFromEventList                 0x08015bb1   Thumb Code   118  tasks.o(i.xTaskRemoveFromEventList)
    xTaskResumeAll                           0x08015c69   Thumb Code   214  tasks.o(i.xTaskResumeAll)
    AHBPrescTable                            0x08015d8c   Data          16  system_stm32f4xx.o(.constdata)
    APBPrescTable                            0x08015d9c   Data           8  system_stm32f4xx.o(.constdata)
    netconn_aborted                          0x08015da4   Data           1  api_msg.o(.constdata)
    netconn_reset                            0x08015da5   Data           1  api_msg.o(.constdata)
    netconn_closed                           0x08015da6   Data           1  api_msg.o(.constdata)
    ip_addr_any                              0x08015dec   Data           4  ip4_addr.o(.constdata)
    ip_addr_broadcast                        0x08015df0   Data           4  ip4_addr.o(.constdata)
    memp_UDP_PCB                             0x08015df4   Data          12  memp.o(.constdata)
    memp_TCP_PCB                             0x08015e00   Data          12  memp.o(.constdata)
    memp_TCP_PCB_LISTEN                      0x08015e0c   Data          12  memp.o(.constdata)
    memp_TCP_SEG                             0x08015e18   Data          12  memp.o(.constdata)
    memp_REASSDATA                           0x08015e24   Data          12  memp.o(.constdata)
    memp_FRAG_PBUF                           0x08015e30   Data          12  memp.o(.constdata)
    memp_NETBUF                              0x08015e3c   Data          12  memp.o(.constdata)
    memp_NETCONN                             0x08015e48   Data          12  memp.o(.constdata)
    memp_TCPIP_MSG_API                       0x08015e54   Data          12  memp.o(.constdata)
    memp_TCPIP_MSG_INPKT                     0x08015e60   Data          12  memp.o(.constdata)
    memp_IGMP_GROUP                          0x08015e6c   Data          12  memp.o(.constdata)
    memp_SYS_TIMEOUT                         0x08015e78   Data          12  memp.o(.constdata)
    memp_NETDB                               0x08015e84   Data          12  memp.o(.constdata)
    memp_PBUF                                0x08015e90   Data          12  memp.o(.constdata)
    memp_PBUF_POOL                           0x08015e9c   Data          12  memp.o(.constdata)
    memp_pools                               0x08015ea8   Data          60  memp.o(.constdata)
    tcp_pcb_lists                            0x08015f24   Data          16  tcp.o(.constdata)
    lwip_cyclic_timers                       0x08015f34   Data          56  timeouts.o(.constdata)
    lwip_num_cyclic_timers                   0x08015f6c   Data           4  timeouts.o(.constdata)
    ethbroadcast                             0x08015f70   Data           6  ethernet.o(.constdata)
    ethzero                                  0x08015f76   Data           6  ethernet.o(.constdata)
    __ctype_table                            0x08016058   Data         129  ctype_o.o(.constdata)
    Region$$Table$$Base                      0x08016b28   Number         0  anon$$obj.o(Region$$Table)
    Image$$ER_IROM1$$Limit                   0x08016b48   Number         0  anon$$obj.o ABSOLUTE
    Region$$Table$$Limit                     0x08016b48   Number         0  anon$$obj.o(Region$$Table)
    SystemCoreClock                          0x20000000   Data           4  system_stm32f4xx.o(.data)
    uwTick                                   0x20000004   Data           4  stm32f4xx_hal.o(.data)
    uwTickPrio                               0x20000008   Data           4  stm32f4xx_hal.o(.data)
    uwTickFreq                               0x2000000c   Data           1  stm32f4xx_hal.o(.data)
    testGrup2                                0x20000010   Data           3  main.o(.data)
    pSDRAM                                   0x20000020   Data           4  client.o(.data)
    get_buf                                  0x20000024   Data          57  client.o(.data)
    lock_tcpip_core                          0x20000070   Data           4  tcpip.o(.data)
    netif_list                               0x200000f8   Data           4  netif.o(.data)
    netif_default                            0x200000fc   Data           4  netif.o(.data)
    tcp_ticks                                0x20000108   Data           4  tcp.o(.data)
    tcp_bound_pcbs                           0x2000010c   Data           4  tcp.o(.data)
    tcp_listen_pcbs                          0x20000110   Data           4  tcp.o(.data)
    tcp_active_pcbs                          0x20000114   Data           4  tcp.o(.data)
    tcp_tw_pcbs                              0x20000118   Data           4  tcp.o(.data)
    tcp_active_pcbs_changed                  0x2000011c   Data           1  tcp.o(.data)
    tcp_input_pcb                            0x20000148   Data           4  tcp_in.o(.data)
    udp_pcbs                                 0x2000015c   Data           4  udp.o(.data)
    s_xSemaphore                             0x20000160   Data           4  ethernetif.o(.data)
    tx_sem                                   0x20000164   Data           4  ethernetif.o(.data)
    eth_tx_mb                                0x20000168   Data           4  ethernetif.o(.data)
    errno                                    0x20000170   Data           4  sys_arch.o(.data)
    lwip_sys_now                             0x20000174   Data           4  sys_arch.o(.data)
    ipaddr                                   0x2000017c   Data           4  sys_arch.o(.data)
    netmask                                  0x20000180   Data           4  sys_arch.o(.data)
    gw                                       0x20000184   Data           4  sys_arch.o(.data)
    IP_ADDRESS                               0x20000188   Data           4  sys_arch.o(.data)
    NETMASK_ADDRESS                          0x2000018c   Data           4  sys_arch.o(.data)
    GATEWAY_ADDRESS                          0x20000190   Data           4  sys_arch.o(.data)
    pxCurrentTCB                             0x20000194   Data           4  tasks.o(.data)
    __stdout                                 0x20000210   Data           4  stdout.o(.data)
    UartHandle                               0x20000214   Data          64  bsp_debug_usart.o(.bss)
    heth                                     0x20000254   Data          72  bsp_eth.o(.bss)
    DMARxDscrTab                             0x2000029c   Data         256  bsp_eth.o(.bss)
    DMATxDscrTab                             0x2000039c   Data         256  bsp_eth.o(.bss)
    Rx_Buff                                  0x2000049c   Data       12192  bsp_eth.o(.bss)
    Tx_Buff                                  0x2000343c   Data       12192  bsp_eth.o(.bss)
    dhcp_rx_options_val                      0x2000644c   Data          40  dhcp.o(.bss)
    dhcp_rx_options_given                    0x20006474   Data          10  dhcp.o(.bss)
    ip_data                                  0x20006a00   Data          24  ip.o(.bss)
    ram_heap                                 0x20006a18   Data       25619  mem.o(.bss)
    memp_memory_UDP_PCB_base                 0x2000ce2b   Data         163  memp.o(.bss)
    memp_memory_TCP_PCB_base                 0x2000cece   Data         915  memp.o(.bss)
    memp_memory_TCP_PCB_LISTEN_base          0x2000d261   Data         171  memp.o(.bss)
    memp_memory_TCP_SEG_base                 0x2000d30c   Data        1923  memp.o(.bss)
    memp_memory_REASSDATA_base               0x2000da8f   Data         163  memp.o(.bss)
    memp_memory_FRAG_PBUF_base               0x2000db32   Data         363  memp.o(.bss)
    memp_memory_NETBUF_base                  0x2000dc9d   Data          35  memp.o(.bss)
    memp_memory_NETCONN_base                 0x2000dcc0   Data         179  memp.o(.bss)
    memp_memory_TCPIP_MSG_API_base           0x2000dd73   Data         131  memp.o(.bss)
    memp_memory_TCPIP_MSG_INPKT_base         0x2000ddf6   Data         131  memp.o(.bss)
    memp_memory_IGMP_GROUP_base              0x2000de79   Data         131  memp.o(.bss)
    memp_memory_SYS_TIMEOUT_base             0x2000defc   Data         243  memp.o(.bss)
    memp_memory_NETDB_base                   0x2000dfef   Data         311  memp.o(.bss)
    memp_memory_PBUF_base                    0x2000e126   Data         403  memp.o(.bss)
    memp_memory_PBUF_POOL_base               0x2000e2b9   Data       68943  memp.o(.bss)
    gnetif                                   0x2001f038   Data          60  sys_arch.o(.bss)
    xQueueRegistry                           0x2001f074   Data          80  queue.o(.bss)
    STACK$$Base                              0x200284e0   Number         0  startup_stm32f429xx.o(STACK)
    STACK$$Limit                             0x200288e0   Number         0  startup_stm32f429xx.o(STACK)
    __initial_sp                             0x200288e0   Data           0  startup_stm32f429xx.o(STACK)



==============================================================================

Memory Map of the image

  Image Entry point : 0x080001ad

  Load Region LR_IROM1 (Base: 0x08000000, Size: 0x00016d5c, Max: 0x00100000, ABSOLUTE, COMPRESSED[0x00016b9c])

    Execution Region ER_IROM1 (Exec base: 0x08000000, Load base: 0x08000000, Size: 0x00016b48, Max: 0x00100000, ABSOLUTE)

    Exec Addr    Load Addr    Size         Type   Attr      Idx    E Section Name        Object

    0x08000000   0x08000000   0x000001ac   Data   RO            3    RESET               startup_stm32f429xx.o
    0x080001ac   0x080001ac   0x00000000   Code   RO        15059  * .ARM.Collect$$$$00000000  mc_w.l(entry.o)
    0x080001ac   0x080001ac   0x00000004   Code   RO        15378    .ARM.Collect$$$$00000001  mc_w.l(entry2.o)
    0x080001b0   0x080001b0   0x00000004   Code   RO        15381    .ARM.Collect$$$$00000004  mc_w.l(entry5.o)
    0x080001b4   0x080001b4   0x00000000   Code   RO        15383    .ARM.Collect$$$$00000008  mc_w.l(entry7b.o)
    0x080001b4   0x080001b4   0x00000000   Code   RO        15385    .ARM.Collect$$$$0000000A  mc_w.l(entry8b.o)
    0x080001b4   0x080001b4   0x00000008   Code   RO        15386    .ARM.Collect$$$$0000000B  mc_w.l(entry9a.o)
    0x080001bc   0x080001bc   0x00000004   Code   RO        15393    .ARM.Collect$$$$0000000E  mc_w.l(entry12b.o)
    0x080001c0   0x080001c0   0x00000000   Code   RO        15388    .ARM.Collect$$$$0000000F  mc_w.l(entry10a.o)
    0x080001c0   0x080001c0   0x00000000   Code   RO        15390    .ARM.Collect$$$$00000011  mc_w.l(entry11a.o)
    0x080001c0   0x080001c0   0x00000004   Code   RO        15379    .ARM.Collect$$$$00002712  mc_w.l(entry2.o)
    0x080001c4   0x080001c4   0x000000b6   Code   RO        14891    .emb_text           port.o
    0x0800027a   0x0800027a   0x00000002   PAD
    0x0800027c   0x0800027c   0x00000024   Code   RO            4    .text               startup_stm32f429xx.o
    0x080002a0   0x080002a0   0x0000000c   Code   RO        15055    .text               cmb_fault.o
    0x080002ac   0x080002ac   0x00000062   Code   RO        15062    .text               mc_w.l(uldiv.o)
    0x0800030e   0x0800030e   0x00000002   PAD
    0x08000310   0x08000310   0x00000008   Code   RO        15064    .text               mc_w.l(ctype_o.o)
    0x08000318   0x08000318   0x0000000c   Code   RO        15092    .text               mc_w.l(tolower.o)
    0x08000324   0x08000324   0x00000024   Code   RO        15094    .text               mc_w.l(rand.o)
    0x08000348   0x08000348   0x00000040   Code   RO        15099    .text               mc_w.l(memmovea.o)
    0x08000388   0x08000388   0x00000024   Code   RO        15101    .text               mc_w.l(memseta.o)
    0x080003ac   0x080003ac   0x0000000e   Code   RO        15105    .text               mc_w.l(strlen.o)
    0x080003ba   0x080003ba   0x0000001a   Code   RO        15107    .text               mc_w.l(memcmp.o)
    0x080003d4   0x080003d4   0x0000001e   Code   RO        15397    .text               mc_w.l(llshl.o)
    0x080003f2   0x080003f2   0x00000020   Code   RO        15399    .text               mc_w.l(llushr.o)
    0x08000412   0x08000412   0x00000002   PAD
    0x08000414   0x08000414   0x00000024   Code   RO        15421    .text               mc_w.l(init.o)
    0x08000438   0x08000438   0x00000056   Code   RO        15439    .text               mc_w.l(__dczerorl2.o)
    0x0800048e   0x0800048e   0x00000002   PAD
    0x08000490   0x08000490   0x000001e4   Code   RO         9075    i.AppTaskCreate     main.o
    0x08000674   0x08000674   0x00000044   Code   RO         9599    i.BSP_Init          board.o
    0x080006b8   0x080006b8   0x0000010c   Code   RO         9633    i.Bsp_Eth_Init      bsp_eth.o
    0x080007c4   0x080007c4   0x00000004   Code   RO         9451    i.BusFault_Handler  stm32f4xx_it.o
    0x080007c8   0x080007c8   0x0000002c   Code   RO         9520    i.DEBUG_USART_Config  bsp_debug_usart.o
    0x080007f4   0x080007f4   0x00000002   Code   RO         9452    i.DebugMon_Handler  stm32f4xx_it.o
    0x080007f6   0x080007f6   0x00000016   Code   RO         1760    i.ETH_DMAReceptionEnable  stm32f4xx_hal_eth.o
    0x0800080c   0x0800080c   0x00000016   Code   RO         1762    i.ETH_DMATransmissionEnable  stm32f4xx_hal_eth.o
    0x08000822   0x08000822   0x00000002   PAD
    0x08000824   0x08000824   0x00000028   Code   RO         1763    i.ETH_Delay         stm32f4xx_hal_eth.o
    0x0800084c   0x0800084c   0x00000038   Code   RO         1764    i.ETH_FlushTransmitFIFO  stm32f4xx_hal_eth.o
    0x08000884   0x08000884   0x00000030   Code   RO         9634    i.ETH_IRQHandler    bsp_eth.o
    0x080008b4   0x080008b4   0x00000034   Code   RO         1765    i.ETH_MACAddressConfig  stm32f4xx_hal_eth.o
    0x080008e8   0x080008e8   0x00000244   Code   RO         1766    i.ETH_MACDMAConfig  stm32f4xx_hal_eth.o
    0x08000b2c   0x08000b2c   0x00000028   Code   RO         1768    i.ETH_MACReceptionEnable  stm32f4xx_hal_eth.o
    0x08000b54   0x08000b54   0x00000028   Code   RO         1770    i.ETH_MACTransmissionEnable  stm32f4xx_hal_eth.o
    0x08000b7c   0x08000b7c   0x00000064   Code   RO         9635    i.Eth_Reset         bsp_eth.o
    0x08000be0   0x08000be0   0x000000c0   Code   RO         9600    i.GPIO_CLK_Init     board.o
    0x08000ca0   0x08000ca0   0x00000028   Code   RO          289    i.HAL_Delay         stm32f4xx_hal.o
    0x08000cc8   0x08000cc8   0x0000008c   Code   RO         1773    i.HAL_ETH_DMARxDescListInit  stm32f4xx_hal_eth.o
    0x08000d54   0x08000d54   0x00000084   Code   RO         1774    i.HAL_ETH_DMATxDescListInit  stm32f4xx_hal_eth.o
    0x08000dd8   0x08000dd8   0x00000020   Code   RO         1775    i.HAL_ETH_DeInit    stm32f4xx_hal_eth.o
    0x08000df8   0x08000df8   0x00000030   Code   RO         9636    i.HAL_ETH_ErrorCallback  bsp_eth.o
    0x08000e28   0x08000e28   0x000000b2   Code   RO         1777    i.HAL_ETH_GetReceivedFrame  stm32f4xx_hal_eth.o
    0x08000eda   0x08000eda   0x000000a4   Code   RO         1780    i.HAL_ETH_IRQHandler  stm32f4xx_hal_eth.o
    0x08000f7e   0x08000f7e   0x00000002   PAD
    0x08000f80   0x08000f80   0x0000029c   Code   RO         1781    i.HAL_ETH_Init      stm32f4xx_hal_eth.o
    0x0800121c   0x0800121c   0x00000070   Code   RO         9637    i.HAL_ETH_MspDeInit  bsp_eth.o
    0x0800128c   0x0800128c   0x00000110   Code   RO         9638    i.HAL_ETH_MspInit   bsp_eth.o
    0x0800139c   0x0800139c   0x00000092   Code   RO         1784    i.HAL_ETH_ReadPHYRegister  stm32f4xx_hal_eth.o
    0x0800142e   0x0800142e   0x00000002   PAD
    0x08001430   0x08001430   0x00000030   Code   RO         9639    i.HAL_ETH_RxCpltCallback  bsp_eth.o
    0x08001460   0x08001460   0x00000052   Code   RO         1786    i.HAL_ETH_Start     stm32f4xx_hal_eth.o
    0x080014b2   0x080014b2   0x0000013e   Code   RO         1788    i.HAL_ETH_TransmitFrame  stm32f4xx_hal_eth.o
    0x080015f0   0x080015f0   0x00000002   Code   RO         9640    i.HAL_ETH_TxCpltCallback  bsp_eth.o
    0x080015f2   0x080015f2   0x00000090   Code   RO         1790    i.HAL_ETH_WritePHYRegister  stm32f4xx_hal_eth.o
    0x08001682   0x08001682   0x00000002   PAD
    0x08001684   0x08001684   0x00000180   Code   RO         2279    i.HAL_GPIO_DeInit   stm32f4xx_hal_gpio.o
    0x08001804   0x08001804   0x0000021c   Code   RO         2282    i.HAL_GPIO_Init     stm32f4xx_hal_gpio.o
    0x08001a20   0x08001a20   0x0000000c   Code   RO         2286    i.HAL_GPIO_WritePin  stm32f4xx_hal_gpio.o
    0x08001a2c   0x08001a2c   0x0000000c   Code   RO          297    i.HAL_GetTick       stm32f4xx_hal.o
    0x08001a38   0x08001a38   0x00000018   Code   RO          301    i.HAL_IncTick       stm32f4xx_hal.o
    0x08001a50   0x08001a50   0x0000003c   Code   RO          302    i.HAL_Init          stm32f4xx_hal.o
    0x08001a8c   0x08001a8c   0x0000004c   Code   RO          303    i.HAL_InitTick      stm32f4xx_hal.o
    0x08001ad8   0x08001ad8   0x00000002   Code   RO          305    i.HAL_MspInit       stm32f4xx_hal.o
    0x08001ada   0x08001ada   0x0000001a   Code   RO          763    i.HAL_NVIC_EnableIRQ  stm32f4xx_hal_cortex.o
    0x08001af4   0x08001af4   0x0000007c   Code   RO          769    i.HAL_NVIC_SetPriority  stm32f4xx_hal_cortex.o
    0x08001b70   0x08001b70   0x00000028   Code   RO          770    i.HAL_NVIC_SetPriorityGrouping  stm32f4xx_hal_cortex.o
    0x08001b98   0x08001b98   0x0000008c   Code   RO         4668    i.HAL_PWREx_EnableOverDrive  stm32f4xx_hal_pwr_ex.o
    0x08001c24   0x08001c24   0x00000180   Code   RO         4753    i.HAL_RCC_ClockConfig  stm32f4xx_hal_rcc.o
    0x08001da4   0x08001da4   0x0000000c   Code   RO         4758    i.HAL_RCC_GetHCLKFreq  stm32f4xx_hal_rcc.o
    0x08001db0   0x08001db0   0x00000020   Code   RO         4760    i.HAL_RCC_GetPCLK1Freq  stm32f4xx_hal_rcc.o
    0x08001dd0   0x08001dd0   0x00000020   Code   RO         4761    i.HAL_RCC_GetPCLK2Freq  stm32f4xx_hal_rcc.o
    0x08001df0   0x08001df0   0x000000b0   Code   RO         4762    i.HAL_RCC_GetSysClockFreq  stm32f4xx_hal_rcc.o
    0x08001ea0   0x08001ea0   0x00000448   Code   RO         4765    i.HAL_RCC_OscConfig  stm32f4xx_hal_rcc.o
    0x080022e8   0x080022e8   0x00000034   Code   RO          774    i.HAL_SYSTICK_Config  stm32f4xx_hal_cortex.o
    0x0800231c   0x0800231c   0x00000072   Code   RO         7711    i.HAL_UART_Init     stm32f4xx_hal_uart.o
    0x0800238e   0x0800238e   0x00000002   PAD
    0x08002390   0x08002390   0x000000b4   Code   RO         9521    i.HAL_UART_MspInit  bsp_debug_usart.o
    0x08002444   0x08002444   0x000000d6   Code   RO         7719    i.HAL_UART_Transmit  stm32f4xx_hal_uart.o
    0x0800251a   0x0800251a   0x00000002   PAD
    0x0800251c   0x0800251c   0x000000b0   Code   RO         9575    i.LED_GPIO_Config   bsp_led.o
    0x080025cc   0x080025cc   0x00000004   Code   RO         9453    i.MemManage_Handler  stm32f4xx_it.o
    0x080025d0   0x080025d0   0x00000002   Code   RO         9454    i.NMI_Handler       stm32f4xx_it.o
    0x080025d2   0x080025d2   0x00000002   PAD
    0x080025d4   0x080025d4   0x00000010   Code   RO          776    i.NVIC_GetPriorityGrouping  stm32f4xx_hal_cortex.o
    0x080025e4   0x080025e4   0x00000028   Code   RO          777    i.NVIC_SetPriority  stm32f4xx_hal_cortex.o
    0x0800260c   0x0800260c   0x00000034   Code   RO         9455    i.SysTick_Handler   stm32f4xx_it.o
    0x08002640   0x08002640   0x000000a8   Code   RO         9601    i.SystemClock_Config  board.o
    0x080026e8   0x080026e8   0x00000064   Code   RO           14    i.SystemInit        system_stm32f4xx.o
    0x0800274c   0x0800274c   0x00000118   Code   RO        13945    i.TCPIP_Init        sys_arch.o
    0x08002864   0x08002864   0x0000001c   Code   RO         9076    i.Test1_Task        main.o
    0x08002880   0x08002880   0x0000001c   Code   RO         9077    i.Test2_Task        main.o
    0x0800289c   0x0800289c   0x00000368   Code   RO         7738    i.UART_SetConfig    stm32f4xx_hal_uart.o
    0x08002c04   0x08002c04   0x0000006c   Code   RO         7740    i.UART_WaitOnFlagUntilTimeout  stm32f4xx_hal_uart.o
    0x08002c70   0x08002c70   0x00000004   Code   RO         9456    i.UsageFault_Handler  stm32f4xx_it.o
    0x08002c74   0x08002c74   0x00000020   Code   RO        15322    i.__0printf$8       mc_w.l(printf8.o)
    0x08002c94   0x08002c94   0x00000028   Code   RO        15324    i.__0sprintf$8      mc_w.l(printf8.o)
    0x08002cbc   0x08002cbc   0x0000000e   Code   RO        15433    i.__scatterload_copy  mc_w.l(handlers.o)
    0x08002cca   0x08002cca   0x00000002   Code   RO        15434    i.__scatterload_null  mc_w.l(handlers.o)
    0x08002ccc   0x08002ccc   0x0000000e   Code   RO        15435    i.__scatterload_zeroinit  mc_w.l(handlers.o)
    0x08002cda   0x08002cda   0x00000002   PAD
    0x08002cdc   0x08002cdc   0x00000404   Code   RO        15329    i._printf_core      mc_w.l(printf8.o)
    0x080030e0   0x080030e0   0x00000024   Code   RO        15330    i._printf_post_padding  mc_w.l(printf8.o)
    0x08003104   0x08003104   0x0000002e   Code   RO        15331    i._printf_pre_padding  mc_w.l(printf8.o)
    0x08003132   0x08003132   0x0000000a   Code   RO        15333    i._sputc            mc_w.l(printf8.o)
    0x0800313c   0x0800313c   0x000000bc   Code   RO        10616    i.alloc_socket      sockets.o
    0x080031f8   0x080031f8   0x00000230   Code   RO         9769    i.client            client.o
    0x08003428   0x08003428   0x00000020   Code   RO         9770    i.client_init       client.o
    0x08003448   0x08003448   0x0000012c   Code   RO        14979    i.cm_backtrace_call_stack  cm_backtrace.o
    0x08003574   0x08003574   0x00000270   Code   RO        14980    i.cm_backtrace_fault  cm_backtrace.o
    0x080037e4   0x080037e4   0x0000002c   Code   RO        14981    i.cm_backtrace_firmware_info  cm_backtrace.o
    0x08003810   0x08003810   0x00000044   Code   RO        11140    i.dhcp_arp_reply    dhcp.o
    0x08003854   0x08003854   0x00000148   Code   RO        11141    i.dhcp_bind         dhcp.o
    0x0800399c   0x0800399c   0x0000003e   Code   RO        11142    i.dhcp_check        dhcp.o
    0x080039da   0x080039da   0x00000002   PAD
    0x080039dc   0x080039dc   0x00000068   Code   RO        11144    i.dhcp_coarse_tmr   dhcp.o
    0x08003a44   0x08003a44   0x000001a4   Code   RO        11145    i.dhcp_create_msg   dhcp.o
    0x08003be8   0x08003be8   0x00000064   Code   RO        11146    i.dhcp_dec_pcb_refcount  dhcp.o
    0x08003c4c   0x08003c4c   0x000000b0   Code   RO        11147    i.dhcp_decline      dhcp.o
    0x08003cfc   0x08003cfc   0x00000100   Code   RO        11148    i.dhcp_discover     dhcp.o
    0x08003dfc   0x08003dfc   0x00000038   Code   RO        11149    i.dhcp_fine_tmr     dhcp.o
    0x08003e34   0x08003e34   0x000000b0   Code   RO        11150    i.dhcp_handle_ack   dhcp.o
    0x08003ee4   0x08003ee4   0x00000028   Code   RO        11151    i.dhcp_handle_nak   dhcp.o
    0x08003f0c   0x08003f0c   0x00000030   Code   RO        11152    i.dhcp_handle_offer  dhcp.o
    0x08003f3c   0x08003f3c   0x000000ac   Code   RO        11153    i.dhcp_inc_pcb_refcount  dhcp.o
    0x08003fe8   0x08003fe8   0x0000003c   Code   RO        11156    i.dhcp_option       dhcp.o
    0x08004024   0x08004024   0x00000060   Code   RO        11157    i.dhcp_option_byte  dhcp.o
    0x08004084   0x08004084   0x00000088   Code   RO        11158    i.dhcp_option_long  dhcp.o
    0x0800410c   0x0800410c   0x00000070   Code   RO        11159    i.dhcp_option_short  dhcp.o
    0x0800417c   0x0800417c   0x0000003a   Code   RO        11160    i.dhcp_option_trailer  dhcp.o
    0x080041b6   0x080041b6   0x00000002   PAD
    0x080041b8   0x080041b8   0x000004be   Code   RO        11161    i.dhcp_parse_reply  dhcp.o
    0x08004676   0x08004676   0x00000002   PAD
    0x08004678   0x08004678   0x000000f4   Code   RO        11162    i.dhcp_rebind       dhcp.o
    0x0800476c   0x0800476c   0x00000118   Code   RO        11163    i.dhcp_reboot       dhcp.o
    0x08004884   0x08004884   0x00000128   Code   RO        11164    i.dhcp_recv         dhcp.o
    0x080049ac   0x080049ac   0x000000c8   Code   RO        11166    i.dhcp_release_and_stop  dhcp.o
    0x08004a74   0x08004a74   0x000000f0   Code   RO        11167    i.dhcp_renew        dhcp.o
    0x08004b64   0x08004b64   0x000001bc   Code   RO        11168    i.dhcp_select       dhcp.o
    0x08004d20   0x08004d20   0x00000010   Code   RO        11169    i.dhcp_set_state    dhcp.o
    0x08004d30   0x08004d30   0x000000e4   Code   RO        11171    i.dhcp_start        dhcp.o
    0x08004e14   0x08004e14   0x00000028   Code   RO        11173    i.dhcp_supplied_address  dhcp.o
    0x08004e3c   0x08004e3c   0x00000042   Code   RO        11174    i.dhcp_t1_timeout   dhcp.o
    0x08004e7e   0x08004e7e   0x00000048   Code   RO        11175    i.dhcp_t2_timeout   dhcp.o
    0x08004ec6   0x08004ec6   0x00000074   Code   RO        11176    i.dhcp_timeout      dhcp.o
    0x08004f3a   0x08004f3a   0x00000002   PAD
    0x08004f3c   0x08004f3c   0x00000074   Code   RO        12036    i.dns_alloc_pcb     dns.o
    0x08004fb0   0x08004fb0   0x0000005c   Code   RO        12037    i.dns_alloc_random_port  dns.o
    0x0800500c   0x0800500c   0x00000024   Code   RO        12038    i.dns_backupserver_available  dns.o
    0x08005030   0x08005030   0x00000108   Code   RO        12039    i.dns_call_found    dns.o
    0x08005138   0x08005138   0x00000016   Code   RO        12040    i.dns_check_entries  dns.o
    0x0800514e   0x0800514e   0x00000002   PAD
    0x08005150   0x08005150   0x00000108   Code   RO        12041    i.dns_check_entry   dns.o
    0x08005258   0x08005258   0x000000b2   Code   RO        12042    i.dns_compare_name  dns.o
    0x0800530a   0x0800530a   0x00000002   PAD
    0x0800530c   0x0800530c   0x00000044   Code   RO        12043    i.dns_correct_response  dns.o
    0x08005350   0x08005350   0x00000040   Code   RO        12044    i.dns_create_txid   dns.o
    0x08005390   0x08005390   0x00000190   Code   RO        12045    i.dns_enqueue       dns.o
    0x08005520   0x08005520   0x0000006c   Code   RO        12047    i.dns_gethostbyname_addrtype  dns.o
    0x0800558c   0x0800558c   0x00000028   Code   RO        12049    i.dns_init          dns.o
    0x080055b4   0x080055b4   0x0000005c   Code   RO        12050    i.dns_lookup        dns.o
    0x08005610   0x08005610   0x000001fc   Code   RO        12051    i.dns_recv          dns.o
    0x0800580c   0x0800580c   0x00000180   Code   RO        12052    i.dns_send          dns.o
    0x0800598c   0x0800598c   0x00000024   Code   RO        12053    i.dns_setserver     dns.o
    0x080059b0   0x080059b0   0x0000006e   Code   RO        12054    i.dns_skip_name     dns.o
    0x08005a1e   0x08005a1e   0x00000008   Code   RO        12055    i.dns_tmr           dns.o
    0x08005a26   0x08005a26   0x00000002   PAD
    0x08005a28   0x08005a28   0x00000058   Code   RO        12391    i.do_memp_free_pool  memp.o
    0x08005a80   0x08005a80   0x00000064   Code   RO        12392    i.do_memp_malloc_pool  memp.o
    0x08005ae4   0x08005ae4   0x000000d0   Code   RO        14983    i.dump_stack        cm_backtrace.o
    0x08005bb4   0x08005bb4   0x00000190   Code   RO        10150    i.err_tcp           api_msg.o
    0x08005d44   0x08005d44   0x00000020   Code   RO        10375    i.err_to_errno      err.o
    0x08005d64   0x08005d64   0x00000038   Code   RO        11404    i.etharp_cleanup_netif  etharp.o
    0x08005d9c   0x08005d9c   0x00000278   Code   RO        11406    i.etharp_find_entry  etharp.o
    0x08006014   0x08006014   0x00000040   Code   RO        11407    i.etharp_free_entry  etharp.o
    0x08006054   0x08006054   0x000000d8   Code   RO        11409    i.etharp_input      etharp.o
    0x0800612c   0x0800612c   0x000001a8   Code   RO        11410    i.etharp_output     etharp.o
    0x080062d4   0x080062d4   0x00000100   Code   RO        11411    i.etharp_output_to_arp_index  etharp.o
    0x080063d4   0x080063d4   0x00000224   Code   RO        11412    i.etharp_query      etharp.o
    0x080065f8   0x080065f8   0x00000110   Code   RO        11413    i.etharp_raw        etharp.o
    0x08006708   0x08006708   0x00000018   Code   RO        11414    i.etharp_request    etharp.o
    0x08006720   0x08006720   0x0000002c   Code   RO        11415    i.etharp_request_dst  etharp.o
    0x0800674c   0x0800674c   0x000000dc   Code   RO        11416    i.etharp_tmr        etharp.o
    0x08006828   0x08006828   0x000000f4   Code   RO        11417    i.etharp_update_arp_entry  etharp.o
    0x0800691c   0x0800691c   0x000000c4   Code   RO        13722    i.ethernet_input    ethernet.o
    0x080069e0   0x080069e0   0x0000009c   Code   RO        13723    i.ethernet_output   ethernet.o
    0x08006a7c   0x08006a7c   0x000000a0   Code   RO        13889    i.ethernetif_init   ethernetif.o
    0x08006b1c   0x08006b1c   0x0000004c   Code   RO        13890    i.ethernetif_input  ethernetif.o
    0x08006b68   0x08006b68   0x00000110   Code   RO        10617    i.event_callback    sockets.o
    0x08006c78   0x08006c78   0x00000308   Code   RO        14984    i.fault_diagnosis   cm_backtrace.o
    0x08006f80   0x08006f80   0x0000001c   Code   RO         9524    i.fputc             bsp_debug_usart.o
    0x08006f9c   0x08006f9c   0x00000032   Code   RO        10618    i.free_socket       sockets.o
    0x08006fce   0x08006fce   0x00000026   Code   RO        10619    i.free_socket_free_elements  sockets.o
    0x08006ff4   0x08006ff4   0x00000018   Code   RO        10620    i.free_socket_locked  sockets.o
    0x0800700c   0x0800700c   0x00000024   Code   RO        10621    i.get_socket        sockets.o
    0x08007030   0x08007030   0x00000012   Code   RO        11514    i.icmp_dest_unreach  icmp.o
    0x08007042   0x08007042   0x00000002   PAD
    0x08007044   0x08007044   0x00000210   Code   RO        11515    i.icmp_input        icmp.o
    0x08007254   0x08007254   0x000000b4   Code   RO        11516    i.icmp_send_response  icmp.o
    0x08007308   0x08007308   0x00000012   Code   RO        11517    i.icmp_time_exceeded  icmp.o
    0x0800731a   0x0800731a   0x0000002a   Code   RO        11561    i.igmp_delaying_member  igmp.o
    0x08007344   0x08007344   0x00000020   Code   RO        11562    i.igmp_init         igmp.o
    0x08007364   0x08007364   0x000000dc   Code   RO        11563    i.igmp_input        igmp.o
    0x08007440   0x08007440   0x0000003c   Code   RO        11564    i.igmp_ip_output_if  igmp.o
    0x0800747c   0x0800747c   0x000000f4   Code   RO        11565    i.igmp_joingroup    igmp.o
    0x08007570   0x08007570   0x0000015c   Code   RO        11566    i.igmp_joingroup_netif  igmp.o
    0x080076cc   0x080076cc   0x000000f8   Code   RO        11567    i.igmp_leavegroup   igmp.o
    0x080077c4   0x080077c4   0x0000016c   Code   RO        11568    i.igmp_leavegroup_netif  igmp.o
    0x08007930   0x08007930   0x00000020   Code   RO        11569    i.igmp_lookfor_group  igmp.o
    0x08007950   0x08007950   0x000000cc   Code   RO        11570    i.igmp_lookup_group  igmp.o
    0x08007a1c   0x08007a1c   0x00000028   Code   RO        11571    i.igmp_remove_group  igmp.o
    0x08007a44   0x08007a44   0x0000001c   Code   RO        11572    i.igmp_report_groups  igmp.o
    0x08007a60   0x08007a60   0x000000d8   Code   RO        11573    i.igmp_send         igmp.o
    0x08007b38   0x08007b38   0x00000038   Code   RO        11574    i.igmp_start        igmp.o
    0x08007b70   0x08007b70   0x00000026   Code   RO        11575    i.igmp_start_timer  igmp.o
    0x08007b96   0x08007b96   0x00000002   PAD
    0x08007b98   0x08007b98   0x0000002c   Code   RO        11577    i.igmp_timeout      igmp.o
    0x08007bc4   0x08007bc4   0x00000038   Code   RO        11578    i.igmp_tmr          igmp.o
    0x08007bfc   0x08007bfc   0x00000014   Code   RO        12171    i.inet_chksum       inet_chksum.o
    0x08007c10   0x08007c10   0x00000056   Code   RO        12172    i.inet_chksum_pbuf  inet_chksum.o
    0x08007c66   0x08007c66   0x0000004e   Code   RO        11779    i.ip4_addr_isbroadcast_u32  ip4_addr.o
    0x08007cb4   0x08007cb4   0x00000250   Code   RO        11847    i.ip4_frag          ip4_frag.o
    0x08007f04   0x08007f04   0x00000200   Code   RO        11689    i.ip4_input         ip4.o
    0x08008104   0x08008104   0x00000034   Code   RO        11690    i.ip4_input_accept  ip4.o
    0x08008138   0x08008138   0x00000034   Code   RO        11692    i.ip4_output_if     ip4.o
    0x0800816c   0x0800816c   0x00000044   Code   RO        11693    i.ip4_output_if_opt  ip4.o
    0x080081b0   0x080081b0   0x00000180   Code   RO        11694    i.ip4_output_if_opt_src  ip4.o
    0x08008330   0x08008330   0x00000034   Code   RO        11695    i.ip4_output_if_src  ip4.o
    0x08008364   0x08008364   0x00000280   Code   RO        11848    i.ip4_reass         ip4_frag.o
    0x080085e4   0x080085e4   0x000000b0   Code   RO        11696    i.ip4_route         ip4.o
    0x08008694   0x08008694   0x000001a4   Code   RO        11781    i.ip4addr_aton      ip4_addr.o
    0x08008838   0x08008838   0x00000014   Code   RO        11782    i.ip4addr_ntoa      ip4_addr.o
    0x0800884c   0x0800884c   0x000000a8   Code   RO        11783    i.ip4addr_ntoa_r    ip4_addr.o
    0x080088f4   0x080088f4   0x0000000a   Code   RO        11849    i.ip_frag_alloc_pbuf_custom_ref  ip4_frag.o
    0x080088fe   0x080088fe   0x00000002   PAD
    0x08008900   0x08008900   0x0000002c   Code   RO        11850    i.ip_frag_free_pbuf_custom_ref  ip4_frag.o
    0x0800892c   0x0800892c   0x00000274   Code   RO        11851    i.ip_reass_chain_frag_into_datagram_and_validate  ip4_frag.o
    0x08008ba0   0x08008ba0   0x00000054   Code   RO        11852    i.ip_reass_dequeue_datagram  ip4_frag.o
    0x08008bf4   0x08008bf4   0x00000054   Code   RO        11853    i.ip_reass_enqueue_new_datagram  ip4_frag.o
    0x08008c48   0x08008c48   0x0000015c   Code   RO        11854    i.ip_reass_free_complete_datagram  ip4_frag.o
    0x08008da4   0x08008da4   0x00000088   Code   RO        11855    i.ip_reass_remove_oldest_datagram  ip4_frag.o
    0x08008e2c   0x08008e2c   0x00000034   Code   RO        11856    i.ip_reass_tmr      ip4_frag.o
    0x08008e60   0x08008e60   0x00000018   Code   RO        11784    i.ipaddr_addr       ip4_addr.o
    0x08008e78   0x08008e78   0x00000054   Code   RO        11857    i.ipfrag_free_pbuf_custom  ip4_frag.o
    0x08008ecc   0x08008ecc   0x0000018c   Code   RO        13891    i.low_level_init    ethernetif.o
    0x08009058   0x08009058   0x00000174   Code   RO        13892    i.low_level_input   ethernetif.o
    0x080091cc   0x080091cc   0x00000100   Code   RO        13893    i.low_level_output  ethernetif.o
    0x080092cc   0x080092cc   0x000000a0   Code   RO        10624    i.lwip_close        sockets.o
    0x0800936c   0x0800936c   0x000000e8   Code   RO        10625    i.lwip_connect      sockets.o
    0x08009454   0x08009454   0x00000050   Code   RO        13507    i.lwip_cyclic_timer  timeouts.o
    0x080094a4   0x080094a4   0x0000001a   Code   RO        11982    i.lwip_htonl        def.o
    0x080094be   0x080094be   0x0000000c   Code   RO        11983    i.lwip_htons        def.o
    0x080094ca   0x080094ca   0x00000002   PAD
    0x080094cc   0x080094cc   0x00000048   Code   RO        12244    i.lwip_init         init.o
    0x08009514   0x08009514   0x000000e8   Code   RO        10153    i.lwip_netconn_do_close  api_msg.o
    0x080095fc   0x080095fc   0x000002c4   Code   RO        10154    i.lwip_netconn_do_close_internal  api_msg.o
    0x080098c0   0x080098c0   0x00000148   Code   RO        10155    i.lwip_netconn_do_connect  api_msg.o
    0x08009a08   0x08009a08   0x00000144   Code   RO        10156    i.lwip_netconn_do_connected  api_msg.o
    0x08009b4c   0x08009b4c   0x0000019c   Code   RO        10157    i.lwip_netconn_do_delconn  api_msg.o
    0x08009ce8   0x08009ce8   0x00000026   Code   RO        10158    i.lwip_netconn_do_disconnect  api_msg.o
    0x08009d0e   0x08009d0e   0x0000002c   Code   RO        10159    i.lwip_netconn_do_dns_found  api_msg.o
    0x08009d3a   0x08009d3a   0x00000002   PAD
    0x08009d3c   0x08009d3c   0x000000d0   Code   RO        10160    i.lwip_netconn_do_getaddr  api_msg.o
    0x08009e0c   0x08009e0c   0x00000084   Code   RO        10161    i.lwip_netconn_do_gethostbyname  api_msg.o
    0x08009e90   0x08009e90   0x0000003e   Code   RO        10162    i.lwip_netconn_do_join_leave_group  api_msg.o
    0x08009ece   0x08009ece   0x00000018   Code   RO        10165    i.lwip_netconn_do_newconn  api_msg.o
    0x08009ee6   0x08009ee6   0x00000048   Code   RO        10166    i.lwip_netconn_do_recv  api_msg.o
    0x08009f2e   0x08009f2e   0x00000064   Code   RO        10167    i.lwip_netconn_do_send  api_msg.o
    0x08009f92   0x08009f92   0x00000002   PAD
    0x08009f94   0x08009f94   0x000000fc   Code   RO        10168    i.lwip_netconn_do_write  api_msg.o
    0x0800a090   0x0800a090   0x0000038c   Code   RO        10169    i.lwip_netconn_do_writemore  api_msg.o
    0x0800a41c   0x0800a41c   0x00000054   Code   RO        10170    i.lwip_netconn_err_to_msg  api_msg.o
    0x0800a470   0x0800a470   0x0000005c   Code   RO        10171    i.lwip_netconn_is_err_msg  api_msg.o
    0x0800a4cc   0x0800a4cc   0x00000048   Code   RO        10638    i.lwip_poll_should_wake  sockets.o
    0x0800a514   0x0800a514   0x00000022   Code   RO        10642    i.lwip_recv         sockets.o
    0x0800a536   0x0800a536   0x00000002   PAD
    0x0800a538   0x0800a538   0x000001f4   Code   RO        10643    i.lwip_recv_tcp     sockets.o
    0x0800a72c   0x0800a72c   0x00000044   Code   RO        10644    i.lwip_recv_tcp_from  sockets.o
    0x0800a770   0x0800a770   0x00000108   Code   RO        10645    i.lwip_recvfrom     sockets.o
    0x0800a878   0x0800a878   0x00000154   Code   RO        10646    i.lwip_recvfrom_udp_raw  sockets.o
    0x0800a9cc   0x0800a9cc   0x000000a0   Code   RO        10650    i.lwip_send         sockets.o
    0x0800aa6c   0x0800aa6c   0x0000013c   Code   RO        10652    i.lwip_sendto       sockets.o
    0x0800aba8   0x0800aba8   0x000000cc   Code   RO        10656    i.lwip_sock_make_addr  sockets.o
    0x0800ac74   0x0800ac74   0x000000a8   Code   RO        10657    i.lwip_socket       sockets.o
    0x0800ad1c   0x0800ad1c   0x00000078   Code   RO        10659    i.lwip_socket_drop_registered_memberships  sockets.o
    0x0800ad94   0x0800ad94   0x0000005e   Code   RO        12179    i.lwip_standard_chksum  inet_chksum.o
    0x0800adf2   0x0800adf2   0x00000040   Code   RO        11986    i.lwip_strnicmp     def.o
    0x0800ae32   0x0800ae32   0x00000016   Code   RO        10666    i.lwip_write        sockets.o
    0x0800ae48   0x0800ae48   0x0000004c   Code   RO         9078    i.main              main.o
    0x0800ae94   0x0800ae94   0x00000190   Code   RO        12320    i.mem_free          mem.o
    0x0800b024   0x0800b024   0x00000094   Code   RO        12321    i.mem_init          mem.o
    0x0800b0b8   0x0800b0b8   0x00000058   Code   RO        12322    i.mem_link_valid    mem.o
    0x0800b110   0x0800b110   0x0000023c   Code   RO        12323    i.mem_malloc        mem.o
    0x0800b34c   0x0800b34c   0x00000010   Code   RO        12324    i.mem_to_ptr        mem.o
    0x0800b35c   0x0800b35c   0x000001d8   Code   RO        12325    i.mem_trim          mem.o
    0x0800b534   0x0800b534   0x00000050   Code   RO        12393    i.memp_free         memp.o
    0x0800b584   0x0800b584   0x00000020   Code   RO        12395    i.memp_init         memp.o
    0x0800b5a4   0x0800b5a4   0x0000002c   Code   RO        12396    i.memp_init_pool    memp.o
    0x0800b5d0   0x0800b5d0   0x00000050   Code   RO        12397    i.memp_malloc       memp.o
    0x0800b620   0x0800b620   0x00000020   Code   RO        10457    i.netbuf_delete     netbuf.o
    0x0800b640   0x0800b640   0x00000048   Code   RO        10459    i.netbuf_free       netbuf.o
    0x0800b688   0x0800b688   0x0000006c   Code   RO        10462    i.netbuf_ref        netbuf.o
    0x0800b6f4   0x0800b6f4   0x000000c4   Code   RO        10172    i.netconn_alloc     api_msg.o
    0x0800b7b8   0x0800b7b8   0x00000022   Code   RO         9858    i.netconn_apimsg    api_lib.o
    0x0800b7da   0x0800b7da   0x00000002   PAD
    0x0800b7dc   0x0800b7dc   0x0000005c   Code   RO         9862    i.netconn_close_shutdown  api_lib.o
    0x0800b838   0x0800b838   0x00000064   Code   RO         9863    i.netconn_connect   api_lib.o
    0x0800b89c   0x0800b89c   0x0000001e   Code   RO         9864    i.netconn_delete    api_lib.o
    0x0800b8ba   0x0800b8ba   0x00000002   PAD
    0x0800b8bc   0x0800b8bc   0x00000058   Code   RO         9865    i.netconn_disconnect  api_lib.o
    0x0800b914   0x0800b914   0x000000aa   Code   RO        10173    i.netconn_drain     api_msg.o
    0x0800b9be   0x0800b9be   0x00000022   Code   RO         9866    i.netconn_err       api_lib.o
    0x0800b9e0   0x0800b9e0   0x00000108   Code   RO        10174    i.netconn_free      api_msg.o
    0x0800bae8   0x0800bae8   0x000000d0   Code   RO         9867    i.netconn_getaddr   api_lib.o
    0x0800bbb8   0x0800bbb8   0x000000c4   Code   RO         9868    i.netconn_gethostbyname  api_lib.o
    0x0800bc7c   0x0800bc7c   0x00000078   Code   RO         9869    i.netconn_join_leave_group  api_lib.o
    0x0800bcf4   0x0800bcf4   0x00000130   Code   RO         9872    i.netconn_new_with_proto_and_callback  api_lib.o
    0x0800be24   0x0800be24   0x00000030   Code   RO         9873    i.netconn_prepare_delete  api_lib.o
    0x0800be54   0x0800be54   0x00000170   Code   RO         9875    i.netconn_recv_data  api_lib.o
    0x0800bfc4   0x0800bfc4   0x000000c6   Code   RO         9876    i.netconn_recv_data_tcp  api_lib.o
    0x0800c08a   0x0800c08a   0x00000002   PAD
    0x0800c08c   0x0800c08c   0x00000058   Code   RO         9878    i.netconn_recv_tcp_pbuf_flags  api_lib.o
    0x0800c0e4   0x0800c0e4   0x00000060   Code   RO         9880    i.netconn_recv_udp_raw_netbuf_flags  api_lib.o
    0x0800c144   0x0800c144   0x00000054   Code   RO         9881    i.netconn_send      api_lib.o
    0x0800c198   0x0800c198   0x00000060   Code   RO         9884    i.netconn_tcp_recvd  api_lib.o
    0x0800c1f8   0x0800c1f8   0x00000060   Code   RO         9885    i.netconn_tcp_recvd_msg  api_lib.o
    0x0800c258   0x0800c258   0x00000028   Code   RO         9886    i.netconn_write_partly  api_lib.o
    0x0800c280   0x0800c280   0x0000016c   Code   RO         9887    i.netconn_write_vectors_partly  api_lib.o
    0x0800c3ec   0x0800c3ec   0x000001c4   Code   RO        12494    i.netif_add         netif.o
    0x0800c5b0   0x0800c5b0   0x00000018   Code   RO        12496    i.netif_do_ip_addr_changed  netif.o
    0x0800c5c8   0x0800c5c8   0x00000026   Code   RO        12497    i.netif_do_set_gw   netif.o
    0x0800c5ee   0x0800c5ee   0x00000002   PAD
    0x0800c5f0   0x0800c5f0   0x00000074   Code   RO        12498    i.netif_do_set_ipaddr  netif.o
    0x0800c664   0x0800c664   0x00000026   Code   RO        12499    i.netif_do_set_netmask  netif.o
    0x0800c68a   0x0800c68a   0x00000002   PAD
    0x0800c68c   0x0800c68c   0x00000028   Code   RO        12501    i.netif_get_by_index  netif.o
    0x0800c6b4   0x0800c6b4   0x00000002   Code   RO        12503    i.netif_init        netif.o
    0x0800c6b6   0x0800c6b6   0x00000002   PAD
    0x0800c6b8   0x0800c6b8   0x00000080   Code   RO        12505    i.netif_issue_reports  netif.o
    0x0800c738   0x0800c738   0x00000008   Code   RO        12507    i.netif_null_output_ip4  netif.o
    0x0800c740   0x0800c740   0x00000060   Code   RO        12509    i.netif_set_addr    netif.o
    0x0800c7a0   0x0800c7a0   0x0000000c   Code   RO        12510    i.netif_set_default  netif.o
    0x0800c7ac   0x0800c7ac   0x00000064   Code   RO        12511    i.netif_set_down    netif.o
    0x0800c810   0x0800c810   0x00000058   Code   RO        12517    i.netif_set_up      netif.o
    0x0800c868   0x0800c868   0x00000012   Code   RO        12667    i.pbuf_add_header   pbuf.o
    0x0800c87a   0x0800c87a   0x00000002   PAD
    0x0800c87c   0x0800c87c   0x00000088   Code   RO        12669    i.pbuf_add_header_impl  pbuf.o
    0x0800c904   0x0800c904   0x00000224   Code   RO        12670    i.pbuf_alloc        pbuf.o
    0x0800cb28   0x0800cb28   0x0000005c   Code   RO        12671    i.pbuf_alloc_reference  pbuf.o
    0x0800cb84   0x0800cb84   0x00000052   Code   RO        12672    i.pbuf_alloced_custom  pbuf.o
    0x0800cbd6   0x0800cbd6   0x00000002   PAD
    0x0800cbd8   0x0800cbd8   0x000000dc   Code   RO        12673    i.pbuf_cat          pbuf.o
    0x0800ccb4   0x0800ccb4   0x00000016   Code   RO        12674    i.pbuf_chain        pbuf.o
    0x0800ccca   0x0800ccca   0x00000012   Code   RO        12675    i.pbuf_clen         pbuf.o
    0x0800ccdc   0x0800ccdc   0x00000050   Code   RO        12676    i.pbuf_clone        pbuf.o
    0x0800cd2c   0x0800cd2c   0x0000019c   Code   RO        12678    i.pbuf_copy         pbuf.o
    0x0800cec8   0x0800cec8   0x000000d8   Code   RO        12679    i.pbuf_copy_partial  pbuf.o
    0x0800cfa0   0x0800cfa0   0x00000128   Code   RO        12681    i.pbuf_free         pbuf.o
    0x0800d0c8   0x0800d0c8   0x00000040   Code   RO        12682    i.pbuf_free_header  pbuf.o
    0x0800d108   0x0800d108   0x00000012   Code   RO        12686    i.pbuf_header_force  pbuf.o
    0x0800d11a   0x0800d11a   0x00000022   Code   RO        12687    i.pbuf_header_impl  pbuf.o
    0x0800d13c   0x0800d13c   0x0000001e   Code   RO        12688    i.pbuf_init_alloced_pbuf  pbuf.o
    0x0800d15a   0x0800d15a   0x0000002a   Code   RO        12691    i.pbuf_put_at       pbuf.o
    0x0800d184   0x0800d184   0x000000f0   Code   RO        12692    i.pbuf_realloc      pbuf.o
    0x0800d274   0x0800d274   0x00000048   Code   RO        12693    i.pbuf_ref          pbuf.o
    0x0800d2bc   0x0800d2bc   0x0000008c   Code   RO        12694    i.pbuf_remove_header  pbuf.o
    0x0800d348   0x0800d348   0x0000001c   Code   RO        12695    i.pbuf_skip         pbuf.o
    0x0800d364   0x0800d364   0x00000022   Code   RO        12696    i.pbuf_skip_const   pbuf.o
    0x0800d386   0x0800d386   0x00000002   PAD
    0x0800d388   0x0800d388   0x00000144   Code   RO        12698    i.pbuf_take         pbuf.o
    0x0800d4cc   0x0800d4cc   0x000000a8   Code   RO        12699    i.pbuf_take_at      pbuf.o
    0x0800d574   0x0800d574   0x0000002e   Code   RO        12700    i.pbuf_try_get_at   pbuf.o
    0x0800d5a2   0x0800d5a2   0x00000002   PAD
    0x0800d5a4   0x0800d5a4   0x000000a8   Code   RO        10175    i.pcb_new           api_msg.o
    0x0800d64c   0x0800d64c   0x00000160   Code   RO        12326    i.plug_holes        mem.o
    0x0800d7ac   0x0800d7ac   0x000000a4   Code   RO        10176    i.poll_tcp          api_msg.o
    0x0800d850   0x0800d850   0x00000098   Code   RO        14985    i.print_call_stack  cm_backtrace.o
    0x0800d8e8   0x0800d8e8   0x00000098   Code   RO        14492    i.prvAddCurrentTaskToDelayedList  tasks.o
    0x0800d980   0x0800d980   0x000000b4   Code   RO        14493    i.prvAddNewTaskToReadyList  tasks.o
    0x0800da34   0x0800da34   0x00000064   Code   RO        14494    i.prvCheckTasksWaitingTermination  tasks.o
    0x0800da98   0x0800da98   0x0000002a   Code   RO        14309    i.prvCopyDataFromQueue  queue.o
    0x0800dac2   0x0800dac2   0x0000007c   Code   RO        14310    i.prvCopyDataToQueue  queue.o
    0x0800db3e   0x0800db3e   0x00000012   Code   RO        14495    i.prvDeleteTCB      tasks.o
    0x0800db50   0x0800db50   0x0000007c   Code   RO        14830    i.prvHeapInit       heap_4.o
    0x0800dbcc   0x0800dbcc   0x00000028   Code   RO        14496    i.prvIdleTask       tasks.o
    0x0800dbf4   0x0800dbf4   0x0000001c   Code   RO        14311    i.prvInitialiseMutex  queue.o
    0x0800dc10   0x0800dc10   0x00000026   Code   RO        14312    i.prvInitialiseNewQueue  queue.o
    0x0800dc36   0x0800dc36   0x00000002   PAD
    0x0800dc38   0x0800dc38   0x000000c8   Code   RO        14497    i.prvInitialiseNewTask  tasks.o
    0x0800dd00   0x0800dd00   0x00000068   Code   RO        14498    i.prvInitialiseTaskLists  tasks.o
    0x0800dd68   0x0800dd68   0x00000068   Code   RO        14831    i.prvInsertBlockIntoFreeList  heap_4.o
    0x0800ddd0   0x0800ddd0   0x0000001a   Code   RO        14313    i.prvIsQueueEmpty   queue.o
    0x0800ddea   0x0800ddea   0x0000001e   Code   RO        14314    i.prvIsQueueFull    queue.o
    0x0800de08   0x0800de08   0x00000034   Code   RO        14499    i.prvResetNextTaskUnblockTime  tasks.o
    0x0800de3c   0x0800de3c   0x00000070   Code   RO        14892    i.prvTaskExitError  port.o
    0x0800deac   0x0800deac   0x0000007e   Code   RO        14315    i.prvUnlockQueue    queue.o
    0x0800df2a   0x0800df2a   0x00000002   PAD
    0x0800df2c   0x0800df2c   0x00000010   Code   RO        12327    i.ptr_to_mem        mem.o
    0x0800df3c   0x0800df3c   0x00000150   Code   RO        14832    i.pvPortMalloc      heap_4.o
    0x0800e08c   0x0800e08c   0x00000020   Code   RO        14501    i.pvTaskIncrementMutexHeldCount  tasks.o
    0x0800e0ac   0x0800e0ac   0x0000002c   Code   RO        14893    i.pxPortInitialiseStack  port.o
    0x0800e0d8   0x0800e0d8   0x00000134   Code   RO        10177    i.recv_tcp          api_msg.o
    0x0800e20c   0x0800e20c   0x00000120   Code   RO        10178    i.recv_udp          api_msg.o
    0x0800e32c   0x0800e32c   0x00000108   Code   RO        10668    i.select_check_waiters  sockets.o
    0x0800e434   0x0800e434   0x0000008c   Code   RO        10179    i.sent_tcp          api_msg.o
    0x0800e4c0   0x0800e4c0   0x00000044   Code   RO        10180    i.setup_tcp         api_msg.o
    0x0800e504   0x0800e504   0x00000024   Code   RO        14986    i.statck_del_fpu_regs  cm_backtrace.o
    0x0800e528   0x0800e528   0x0000004a   Code   RO        13946    i.sys_arch_mbox_fetch  sys_arch.o
    0x0800e572   0x0800e572   0x00000024   Code   RO        13947    i.sys_arch_mbox_tryfetch  sys_arch.o
    0x0800e596   0x0800e596   0x0000000a   Code   RO        13948    i.sys_arch_protect  sys_arch.o
    0x0800e5a0   0x0800e5a0   0x00000048   Code   RO        13949    i.sys_arch_sem_wait  sys_arch.o
    0x0800e5e8   0x0800e5e8   0x0000000a   Code   RO        13951    i.sys_arch_unprotect  sys_arch.o
    0x0800e5f2   0x0800e5f2   0x00000002   PAD
    0x0800e5f4   0x0800e5f4   0x00000054   Code   RO        13508    i.sys_check_timeouts  timeouts.o
    0x0800e648   0x0800e648   0x0000002c   Code   RO        13952    i.sys_init          sys_arch.o
    0x0800e674   0x0800e674   0x00000012   Code   RO        13954    i.sys_mbox_free     sys_arch.o
    0x0800e686   0x0800e686   0x00000020   Code   RO        13955    i.sys_mbox_new      sys_arch.o
    0x0800e6a6   0x0800e6a6   0x00000006   Code   RO        13957    i.sys_mbox_set_invalid  sys_arch.o
    0x0800e6ac   0x0800e6ac   0x0000001e   Code   RO        13958    i.sys_mbox_trypost  sys_arch.o
    0x0800e6ca   0x0800e6ca   0x0000000e   Code   RO        13960    i.sys_mbox_valid    sys_arch.o
    0x0800e6d8   0x0800e6d8   0x00000012   Code   RO        13962    i.sys_mutex_lock    sys_arch.o
    0x0800e6ea   0x0800e6ea   0x00000002   PAD
    0x0800e6ec   0x0800e6ec   0x0000003c   Code   RO        13963    i.sys_mutex_new     sys_arch.o
    0x0800e728   0x0800e728   0x00000012   Code   RO        13965    i.sys_mutex_unlock  sys_arch.o
    0x0800e73a   0x0800e73a   0x00000002   PAD
    0x0800e73c   0x0800e73c   0x00000014   Code   RO        13966    i.sys_now           sys_arch.o
    0x0800e750   0x0800e750   0x00000010   Code   RO        13967    i.sys_sem_free      sys_arch.o
    0x0800e760   0x0800e760   0x0000005c   Code   RO        13968    i.sys_sem_new       sys_arch.o
    0x0800e7bc   0x0800e7bc   0x00000006   Code   RO        13969    i.sys_sem_set_invalid  sys_arch.o
    0x0800e7c2   0x0800e7c2   0x00000002   PAD
    0x0800e7c4   0x0800e7c4   0x0000003c   Code   RO        13970    i.sys_sem_signal    sys_arch.o
    0x0800e800   0x0800e800   0x0000000e   Code   RO        13971    i.sys_sem_valid     sys_arch.o
    0x0800e80e   0x0800e80e   0x00000002   PAD
    0x0800e810   0x0800e810   0x0000006c   Code   RO        13972    i.sys_thread_new    sys_arch.o
    0x0800e87c   0x0800e87c   0x0000006c   Code   RO        13510    i.sys_timeout       timeouts.o
    0x0800e8e8   0x0800e8e8   0x000000dc   Code   RO        13511    i.sys_timeout_abs   timeouts.o
    0x0800e9c4   0x0800e9c4   0x00000028   Code   RO        13512    i.sys_timeouts_init  timeouts.o
    0x0800e9ec   0x0800e9ec   0x00000068   Code   RO        13513    i.sys_timeouts_sleeptime  timeouts.o
    0x0800ea54   0x0800ea54   0x00000160   Code   RO        12945    i.tcp_abandon       tcp.o
    0x0800ebb4   0x0800ebb4   0x0000000e   Code   RO        12946    i.tcp_abort         tcp.o
    0x0800ebc2   0x0800ebc2   0x00000010   Code   RO        12947    i.tcp_accept        tcp.o
    0x0800ebd2   0x0800ebd2   0x00000002   PAD
    0x0800ebd4   0x0800ebd4   0x000000bc   Code   RO        12949    i.tcp_alloc         tcp.o
    0x0800ec90   0x0800ec90   0x00000006   Code   RO        12950    i.tcp_arg           tcp.o
    0x0800ec96   0x0800ec96   0x00000002   PAD
    0x0800ec98   0x0800ec98   0x00000050   Code   RO        12953    i.tcp_close         tcp.o
    0x0800ece8   0x0800ece8   0x000001a4   Code   RO        12954    i.tcp_close_shutdown  tcp.o
    0x0800ee8c   0x0800ee8c   0x00000088   Code   RO        12955    i.tcp_close_shutdown_fin  tcp.o
    0x0800ef14   0x0800ef14   0x000001e8   Code   RO        12956    i.tcp_connect       tcp.o
    0x0800f0fc   0x0800f0fc   0x00000164   Code   RO        13347    i.tcp_create_segment  tcp_out.o
    0x0800f260   0x0800f260   0x00000070   Code   RO        12958    i.tcp_eff_send_mss_netif  tcp.o
    0x0800f2d0   0x0800f2d0   0x00000234   Code   RO        13348    i.tcp_enqueue_flags  tcp_out.o
    0x0800f504   0x0800f504   0x0000004c   Code   RO        12959    i.tcp_err           tcp.o
    0x0800f550   0x0800f550   0x0000009c   Code   RO        12960    i.tcp_fasttmr       tcp.o
    0x0800f5ec   0x0800f5ec   0x00000038   Code   RO        12961    i.tcp_free          tcp.o
    0x0800f624   0x0800f624   0x000000ec   Code   RO        13266    i.tcp_free_acked_segments  tcp_in.o
    0x0800f710   0x0800f710   0x00000040   Code   RO        12962    i.tcp_free_listen   tcp.o
    0x0800f750   0x0800f750   0x00000048   Code   RO        13267    i.tcp_get_next_optbyte  tcp_in.o
    0x0800f798   0x0800f798   0x00000034   Code   RO        12963    i.tcp_handle_closepend  tcp.o
    0x0800f7cc   0x0800f7cc   0x00000018   Code   RO        12964    i.tcp_init          tcp.o
    0x0800f7e4   0x0800f7e4   0x0000077c   Code   RO        13268    i.tcp_input         tcp_in.o
    0x0800ff60   0x0800ff60   0x00000084   Code   RO        13269    i.tcp_input_delayed_close  tcp_in.o
    0x0800ffe4   0x0800ffe4   0x00000074   Code   RO        13349    i.tcp_keepalive     tcp_out.o
    0x08010058   0x08010058   0x00000068   Code   RO        12965    i.tcp_kill_prio     tcp.o
    0x080100c0   0x080100c0   0x00000070   Code   RO        12966    i.tcp_kill_state    tcp.o
    0x08010130   0x08010130   0x0000003c   Code   RO        12967    i.tcp_kill_timewait  tcp.o
    0x0801016c   0x0801016c   0x0000006c   Code   RO        12968    i.tcp_listen_closed  tcp.o
    0x080101d8   0x080101d8   0x0000018c   Code   RO        13270    i.tcp_listen_input  tcp_in.o
    0x08010364   0x08010364   0x0000004c   Code   RO        12971    i.tcp_netif_ip_addr_changed  tcp.o
    0x080103b0   0x080103b0   0x00000070   Code   RO        12972    i.tcp_netif_ip_addr_changed_pcblist  tcp.o
    0x08010420   0x08010420   0x00000010   Code   RO        12974    i.tcp_new_ip_type   tcp.o
    0x08010430   0x08010430   0x00000068   Code   RO        12975    i.tcp_new_port      tcp.o
    0x08010498   0x08010498   0x0000004c   Code   RO        12976    i.tcp_next_iss      tcp.o
    0x080104e4   0x080104e4   0x000002f0   Code   RO        13350    i.tcp_output        tcp_out.o
    0x080107d4   0x080107d4   0x00000074   Code   RO        13351    i.tcp_output_alloc_header  tcp_out.o
    0x08010848   0x08010848   0x000000c0   Code   RO        13352    i.tcp_output_alloc_header_common  tcp_out.o
    0x08010908   0x08010908   0x00000094   Code   RO        13353    i.tcp_output_control_segment  tcp_out.o
    0x0801099c   0x0801099c   0x000000b8   Code   RO        13354    i.tcp_output_fill_options  tcp_out.o
    0x08010a54   0x08010a54   0x000001cc   Code   RO        13355    i.tcp_output_segment  tcp_out.o
    0x08010c20   0x08010c20   0x0000004c   Code   RO        13356    i.tcp_output_segment_busy  tcp_out.o
    0x08010c6c   0x08010c6c   0x000000cc   Code   RO        13271    i.tcp_parseopt      tcp_in.o
    0x08010d38   0x08010d38   0x00000104   Code   RO        13357    i.tcp_pbuf_prealloc  tcp_out.o
    0x08010e3c   0x08010e3c   0x00000070   Code   RO        12977    i.tcp_pcb_purge     tcp.o
    0x08010eac   0x08010eac   0x00000128   Code   RO        12978    i.tcp_pcb_remove    tcp.o
    0x08010fd4   0x08010fd4   0x00000070   Code   RO        12979    i.tcp_poll          tcp.o
    0x08011044   0x08011044   0x000006a4   Code   RO        13272    i.tcp_process       tcp_in.o
    0x080116e8   0x080116e8   0x000000d4   Code   RO        12980    i.tcp_process_refused_data  tcp.o
    0x080117bc   0x080117bc   0x00000728   Code   RO        13273    i.tcp_receive       tcp_in.o
    0x08011ee4   0x08011ee4   0x0000004c   Code   RO        12981    i.tcp_recv          tcp.o
    0x08011f30   0x08011f30   0x00000060   Code   RO        12982    i.tcp_recv_null     tcp.o
    0x08011f90   0x08011f90   0x000000b4   Code   RO        12983    i.tcp_recved        tcp.o
    0x08012044   0x08012044   0x00000054   Code   RO        12984    i.tcp_remove_listener  tcp.o
    0x08012098   0x08012098   0x0000009c   Code   RO        13358    i.tcp_rexmit        tcp_out.o
    0x08012134   0x08012134   0x000000a4   Code   RO        13359    i.tcp_rexmit_fast   tcp_out.o
    0x080121d8   0x080121d8   0x00000040   Code   RO        13360    i.tcp_rexmit_rto    tcp_out.o
    0x08012218   0x08012218   0x00000054   Code   RO        13361    i.tcp_rexmit_rto_commit  tcp_out.o
    0x0801226c   0x0801226c   0x000000b0   Code   RO        13362    i.tcp_rexmit_rto_prepare  tcp_out.o
    0x0801231c   0x0801231c   0x0000001e   Code   RO        13363    i.tcp_route         tcp_out.o
    0x0801233a   0x0801233a   0x00000002   PAD
    0x0801233c   0x0801233c   0x000000b8   Code   RO        13364    i.tcp_rst           tcp_out.o
    0x080123f4   0x080123f4   0x0000001a   Code   RO        12985    i.tcp_seg_free      tcp.o
    0x0801240e   0x0801240e   0x00000018   Code   RO        12986    i.tcp_segs_free     tcp.o
    0x08012426   0x08012426   0x00000002   PAD
    0x08012428   0x08012428   0x000000d8   Code   RO        13365    i.tcp_send_empty_ack  tcp_out.o
    0x08012500   0x08012500   0x0000007c   Code   RO        13366    i.tcp_send_fin      tcp_out.o
    0x0801257c   0x0801257c   0x00000048   Code   RO        12987    i.tcp_sent          tcp.o
    0x080125c4   0x080125c4   0x00000098   Code   RO        12989    i.tcp_shutdown      tcp.o
    0x0801265c   0x0801265c   0x00000658   Code   RO        12990    i.tcp_slowtmr       tcp.o
    0x08012cb4   0x08012cb4   0x00000248   Code   RO        13367    i.tcp_split_unsent_seg  tcp_out.o
    0x08012efc   0x08012efc   0x00000038   Code   RO        13515    i.tcp_timer_needed  timeouts.o
    0x08012f34   0x08012f34   0x000000dc   Code   RO        13274    i.tcp_timewait_input  tcp_in.o
    0x08013010   0x08013010   0x00000024   Code   RO        12992    i.tcp_tmr           tcp.o
    0x08013034   0x08013034   0x00000014   Code   RO        13275    i.tcp_trigger_input_pcb_close  tcp_in.o
    0x08013048   0x08013048   0x000000b0   Code   RO        12994    i.tcp_update_rcv_ann_wnd  tcp.o
    0x080130f8   0x080130f8   0x00000740   Code   RO        13368    i.tcp_write         tcp_out.o
    0x08013838   0x08013838   0x00000134   Code   RO        13369    i.tcp_write_checks  tcp_out.o
    0x0801396c   0x0801396c   0x00000108   Code   RO        13370    i.tcp_zero_window_probe  tcp_out.o
    0x08013a74   0x08013a74   0x000000b8   Code   RO        10977    i.tcpip_init        tcpip.o
    0x08013b2c   0x08013b2c   0x0000006c   Code   RO        10978    i.tcpip_inpkt       tcpip.o
    0x08013b98   0x08013b98   0x00000030   Code   RO        10979    i.tcpip_input       tcpip.o
    0x08013bc8   0x08013bc8   0x00000020   Code   RO        10980    i.tcpip_send_msg_wait_sem  tcpip.o
    0x08013be8   0x08013be8   0x00000038   Code   RO        13516    i.tcpip_tcp_timer   timeouts.o
    0x08013c20   0x08013c20   0x00000070   Code   RO        10981    i.tcpip_thread      tcpip.o
    0x08013c90   0x08013c90   0x00000078   Code   RO        10982    i.tcpip_thread_handle_msg  tcpip.o
    0x08013d08   0x08013d08   0x00000060   Code   RO        10983    i.tcpip_timeouts_mbox_fetch  tcpip.o
    0x08013d68   0x08013d68   0x0000001a   Code   RO        10669    i.tryget_socket     sockets.o
    0x08013d82   0x08013d82   0x00000010   Code   RO        10670    i.tryget_socket_unconn  sockets.o
    0x08013d92   0x08013d92   0x00000002   PAD
    0x08013d94   0x08013d94   0x0000001c   Code   RO        10672    i.tryget_socket_unconn_nouse  sockets.o
    0x08013db0   0x08013db0   0x000000c4   Code   RO        13592    i.udp_bind          udp.o
    0x08013e74   0x08013e74   0x000000c8   Code   RO        13594    i.udp_connect       udp.o
    0x08013f3c   0x08013f3c   0x0000004c   Code   RO        13595    i.udp_disconnect    udp.o
    0x08013f88   0x08013f88   0x00000018   Code   RO        13596    i.udp_init          udp.o
    0x08013fa0   0x08013fa0   0x000001dc   Code   RO        13597    i.udp_input         udp.o
    0x0801417c   0x0801417c   0x000000d0   Code   RO        13598    i.udp_input_local_match  udp.o
    0x0801424c   0x0801424c   0x00000030   Code   RO        13599    i.udp_netif_ip_addr_changed  udp.o
    0x0801427c   0x0801427c   0x0000001e   Code   RO        13600    i.udp_new           udp.o
    0x0801429a   0x0801429a   0x0000000e   Code   RO        13601    i.udp_new_ip_type   udp.o
    0x080142a8   0x080142a8   0x00000058   Code   RO        13602    i.udp_new_port      udp.o
    0x08014300   0x08014300   0x0000003c   Code   RO        13603    i.udp_recv          udp.o
    0x0801433c   0x0801433c   0x00000070   Code   RO        13604    i.udp_remove        udp.o
    0x080143ac   0x080143ac   0x00000070   Code   RO        13605    i.udp_send          udp.o
    0x0801441c   0x0801441c   0x00000108   Code   RO        13606    i.udp_sendto        udp.o
    0x08014524   0x08014524   0x0000011c   Code   RO        13607    i.udp_sendto_if     udp.o
    0x08014640   0x08014640   0x0000024c   Code   RO        13608    i.udp_sendto_if_src  udp.o
    0x0801488c   0x0801488c   0x00000028   Code   RO        14260    i.uxListRemove      list.o
    0x080148b4   0x080148b4   0x00000048   Code   RO        14316    i.uxQueueMessagesWaiting  queue.o
    0x080148fc   0x080148fc   0x0000001a   Code   RO        14261    i.vListInitialise   list.o
    0x08014916   0x08014916   0x00000006   Code   RO        14262    i.vListInitialiseItem  list.o
    0x0801491c   0x0801491c   0x00000034   Code   RO        14263    i.vListInsert       list.o
    0x08014950   0x08014950   0x00000018   Code   RO        14264    i.vListInsertEnd    list.o
    0x08014968   0x08014968   0x00000084   Code   RO        14895    i.vPortEnterCritical  port.o
    0x080149ec   0x080149ec   0x0000006c   Code   RO        14896    i.vPortExitCritical  port.o
    0x08014a58   0x08014a58   0x000000b4   Code   RO        14833    i.vPortFree         heap_4.o
    0x08014b0c   0x08014b0c   0x00000020   Code   RO        14897    i.vPortSetupTimerInterrupt  port.o
    0x08014b2c   0x08014b2c   0x0000009c   Code   RO        14898    i.vPortValidateInterruptPriority  port.o
    0x08014bc8   0x08014bc8   0x0000004c   Code   RO        14320    i.vQueueDelete      queue.o
    0x08014c14   0x08014c14   0x00000030   Code   RO        14321    i.vQueueUnregisterQueue  queue.o
    0x08014c44   0x08014c44   0x00000078   Code   RO        14507    i.vTaskDelay        tasks.o
    0x08014cbc   0x08014cbc   0x00000110   Code   RO        14509    i.vTaskDelete       tasks.o
    0x08014dcc   0x08014dcc   0x0000000c   Code   RO        14511    i.vTaskMissedYield  tasks.o
    0x08014dd8   0x08014dd8   0x00000058   Code   RO        14513    i.vTaskPlaceOnEventList  tasks.o
    0x08014e30   0x08014e30   0x000000b0   Code   RO        14515    i.vTaskPriorityInherit  tasks.o
    0x08014ee0   0x08014ee0   0x00000050   Code   RO        14518    i.vTaskSetTimeOutState  tasks.o
    0x08014f30   0x08014f30   0x000000a8   Code   RO        14519    i.vTaskStartScheduler  tasks.o
    0x08014fd8   0x08014fd8   0x00000010   Code   RO        14521    i.vTaskSuspendAll   tasks.o
    0x08014fe8   0x08014fe8   0x000000ac   Code   RO        14522    i.vTaskSwitchContext  tasks.o
    0x08015094   0x08015094   0x00000158   Code   RO        14899    i.xPortStartScheduler  port.o
    0x080151ec   0x080151ec   0x00000034   Code   RO        14900    i.xPortSysTickHandler  port.o
    0x08015220   0x08015220   0x00000070   Code   RO        14322    i.xQueueCreateCountingSemaphore  queue.o
    0x08015290   0x08015290   0x00000022   Code   RO        14323    i.xQueueCreateMutex  queue.o
    0x080152b2   0x080152b2   0x00000002   PAD
    0x080152b4   0x080152b4   0x00000078   Code   RO        14324    i.xQueueGenericCreate  queue.o
    0x0801532c   0x0801532c   0x000001cc   Code   RO        14325    i.xQueueGenericReceive  queue.o
    0x080154f8   0x080154f8   0x000000b4   Code   RO        14326    i.xQueueGenericReset  queue.o
    0x080155ac   0x080155ac   0x000001a8   Code   RO        14327    i.xQueueGenericSend  queue.o
    0x08015754   0x08015754   0x000000ec   Code   RO        14329    i.xQueueGiveFromISR  queue.o
    0x08015840   0x08015840   0x000000a4   Code   RO        14523    i.xTaskCheckForTimeOut  tasks.o
    0x080158e4   0x080158e4   0x00000060   Code   RO        14524    i.xTaskCreate       tasks.o
    0x08015944   0x08015944   0x00000020   Code   RO        14528    i.xTaskGetSchedulerState  tasks.o
    0x08015964   0x08015964   0x0000000c   Code   RO        14529    i.xTaskGetTickCount  tasks.o
    0x08015970   0x08015970   0x00000164   Code   RO        14531    i.xTaskIncrementTick  tasks.o
    0x08015ad4   0x08015ad4   0x000000dc   Code   RO        14534    i.xTaskPriorityDisinherit  tasks.o
    0x08015bb0   0x08015bb0   0x000000b8   Code   RO        14535    i.xTaskRemoveFromEventList  tasks.o
    0x08015c68   0x08015c68   0x00000124   Code   RO        14537    i.xTaskResumeAll    tasks.o
    0x08015d8c   0x08015d8c   0x00000018   Data   RO           15    .constdata          system_stm32f4xx.o
    0x08015da4   0x08015da4   0x00000003   Data   RO        10181    .constdata          api_msg.o
    0x08015da7   0x08015da7   0x00000001   PAD
    0x08015da8   0x08015da8   0x00000044   Data   RO        10376    .constdata          err.o
    0x08015dec   0x08015dec   0x00000008   Data   RO        11786    .constdata          ip4_addr.o
    0x08015df4   0x08015df4   0x000000f0   Data   RO        12400    .constdata          memp.o
    0x08015ee4   0x08015ee4   0x00000050   Data   RO        12995    .constdata          tcp.o
    0x08015f34   0x08015f34   0x0000003c   Data   RO        13517    .constdata          timeouts.o
    0x08015f70   0x08015f70   0x0000000c   Data   RO        13724    .constdata          ethernet.o
    0x08015f7c   0x08015f7c   0x000000dc   Data   RO        14988    .constdata          cm_backtrace.o
    0x08016058   0x08016058   0x00000081   Data   RO        15065    .constdata          mc_w.l(ctype_o.o)
    0x080160d9   0x080160d9   0x00000003   PAD
    0x080160dc   0x080160dc   0x00000004   Data   RO        15066    .constdata          mc_w.l(ctype_o.o)
    0x080160e0   0x080160e0   0x00000042   Data   RO        11178    .conststring        dhcp.o
    0x08016122   0x08016122   0x00000002   PAD
    0x08016124   0x08016124   0x00000041   Data   RO        11419    .conststring        etharp.o
    0x08016165   0x08016165   0x00000003   PAD
    0x08016168   0x08016168   0x00000041   Data   RO        11579    .conststring        igmp.o
    0x080161a9   0x080161a9   0x00000003   PAD
    0x080161ac   0x080161ac   0x00000041   Data   RO        12245    .conststring        init.o
    0x080161ed   0x080161ed   0x00000003   PAD
    0x080161f0   0x080161f0   0x00000075   Data   RO        12996    .conststring        tcp.o
    0x08016265   0x08016265   0x00000003   PAD
    0x08016268   0x08016268   0x00000055   Data   RO        13371    .conststring        tcp_out.o
    0x080162bd   0x080162bd   0x00000003   PAD
    0x080162c0   0x080162c0   0x0000004e   Data   RO        13974    .conststring        sys_arch.o
    0x0801630e   0x0801630e   0x00000002   PAD
    0x08016310   0x08016310   0x00000815   Data   RO        14989    .conststring        cm_backtrace.o
    0x08016b25   0x08016b25   0x00000003   PAD
    0x08016b28   0x08016b28   0x00000020   Data   RO        15431    Region$$Table       anon$$obj.o


    Execution Region RW_IRAM1 (Exec base: 0x20000000, Load base: 0x08016b48, Size: 0x000288e0, Max: 0x00030000, ABSOLUTE, COMPRESSED[0x00000054])

    Exec Addr    Load Addr    Size         Type   Attr      Idx    E Section Name        Object

    0x20000000   COMPRESSED   0x00000004   Data   RW           16    .data               system_stm32f4xx.o
    0x20000004   COMPRESSED   0x00000009   Data   RW          309    .data               stm32f4xx_hal.o
    0x2000000d   COMPRESSED   0x00000003   PAD
    0x20000010   COMPRESSED   0x00000010   Data   RW         9079    .data               main.o
    0x20000020   COMPRESSED   0x0000003d   Data   RW         9771    .data               client.o
    0x2000005d   COMPRESSED   0x00000003   PAD
    0x20000060   COMPRESSED   0x00000004   Data   RW        10674    .data               sockets.o
    0x20000064   COMPRESSED   0x00000010   Data   RW        10985    .data               tcpip.o
    0x20000074   COMPRESSED   0x00000010   Data   RW        11179    .data               dhcp.o
    0x20000084   COMPRESSED   0x00000001   Data   RW        11420    .data               etharp.o
    0x20000085   COMPRESSED   0x00000003   PAD
    0x20000088   COMPRESSED   0x00000008   Data   RW        11580    .data               igmp.o
    0x20000090   COMPRESSED   0x00000008   Data   RW        11698    .data               ip4.o
    0x20000098   COMPRESSED   0x00000006   Data   RW        11858    .data               ip4_frag.o
    0x2000009e   COMPRESSED   0x00000002   PAD
    0x200000a0   COMPRESSED   0x0000000c   Data   RW        12058    .data               dns.o
    0x200000ac   COMPRESSED   0x00000010   Data   RW        12329    .data               mem.o
    0x200000bc   COMPRESSED   0x0000003c   Data   RW        12401    .data               memp.o
    0x200000f8   COMPRESSED   0x00000009   Data   RW        12518    .data               netif.o
    0x20000101   COMPRESSED   0x00000003   PAD
    0x20000104   COMPRESSED   0x00000020   Data   RW        12997    .data               tcp.o
    0x20000124   COMPRESSED   0x00000028   Data   RW        13277    .data               tcp_in.o
    0x2000014c   COMPRESSED   0x0000000c   Data   RW        13518    .data               timeouts.o
    0x20000158   COMPRESSED   0x00000008   Data   RW        13609    .data               udp.o
    0x20000160   COMPRESSED   0x00000010   Data   RW        13894    .data               ethernetif.o
    0x20000170   COMPRESSED   0x00000024   Data   RW        13975    .data               sys_arch.o
    0x20000194   COMPRESSED   0x0000003c   Data   RW        14540    .data               tasks.o
    0x200001d0   COMPRESSED   0x00000018   Data   RW        14838    .data               heap_4.o
    0x200001e8   COMPRESSED   0x0000000c   Data   RW        14901    .data               port.o
    0x200001f4   COMPRESSED   0x00000015   Data   RW        14990    .data               cm_backtrace.o
    0x20000209   COMPRESSED   0x00000003   PAD
    0x2000020c   COMPRESSED   0x00000004   Data   RW        15095    .data               mc_w.l(rand.o)
    0x20000210   COMPRESSED   0x00000004   Data   RW        15394    .data               mc_w.l(stdout.o)
    0x20000214        -       0x00000040   Zero   RW         9525    .bss                bsp_debug_usart.o
    0x20000254        -       0x00006188   Zero   RW         9641    .bss                bsp_eth.o
    0x200063dc        -       0x00000070   Zero   RW        10673    .bss                sockets.o
    0x2000644c        -       0x00000032   Zero   RW        11177    .bss                dhcp.o
    0x2000647e   COMPRESSED   0x00000002   PAD
    0x20006480        -       0x000000f0   Zero   RW        11418    .bss                etharp.o
    0x20006570        -       0x00000010   Zero   RW        11785    .bss                ip4_addr.o
    0x20006580        -       0x00000480   Zero   RW        12056    .bss                dns.o
    0x20006a00        -       0x00000018   Zero   RW        12295    .bss                ip.o
    0x20006a18        -       0x00006413   Zero   RW        12328    .bss                mem.o
    0x2000ce2b        -       0x000121dd   Zero   RW        12399    .bss                memp.o
    0x2001f008        -       0x00000010   Zero   RW        13276    .bss                tcp_in.o
    0x2001f018        -       0x0000005c   Zero   RW        13973    .bss                sys_arch.o
    0x2001f074        -       0x00000050   Zero   RW        14336    .bss                queue.o
    0x2001f0c4        -       0x000002e4   Zero   RW        14539    .bss                tasks.o
    0x2001f3a8        -       0x00009000   Zero   RW        14837    .bss                heap_4.o
    0x200283a8        -       0x00000134   Zero   RW        14987    .bss                cm_backtrace.o
    0x200284dc   COMPRESSED   0x00000004   PAD
    0x200284e0        -       0x00000400   Zero   RW            1    STACK               startup_stm32f429xx.o


==============================================================================

Image component sizes


      Code (inc. data)   RO Data    RW Data    ZI Data      Debug   Object Name

      2684        848          0          0          0      50682   api_lib.o
      6186       1566          3          0          0      35175   api_msg.o
       428         52          0          0          0       2171   board.o
       252         24          0          0         64       2430   bsp_debug_usart.o
       898        206          0          0      24968       5676   bsp_eth.o
       176          8          0          0          0        954   bsp_led.o
       592        310          0         61          0      18336   client.o
      2140        396       2289         21        308      11354   cm_backtrace.o
        12          0          0          0          0        436   cmb_fault.o
       102          0          0          0          0       1898   def.o
      5924        914         66         16         50      35855   dhcp.o
      2790        204          0         12       1152      17319   dns.o
        32          6         68          0          0       3587   err.o
      3000        530         65          1        240      11359   etharp.o
       352         58         12          0          0       2490   ethernet.o
      1260        250          0         16          0       5004   ethernetif.o
       744        168          0         24      36864       3815   heap_4.o
       744        158          0          0          0       4294   icmp.o
      2272        776         65          8          0      13825   igmp.o
       200          0          0          0          0       2560   inet_chksum.o
        72          4         65          0          0        528   init.o
         0          0          0          0         24       3090   ip.o
      1296         98          0          8          0       7616   ip4.o
       710         24          8          0         16      13743   ip4_addr.o
      2702        494          0          6          0      11634   ip4_frag.o
       148          0          0          0          0       3150   list.o
       616        394          0         16          0     772210   main.o
      2064        660          0         16      25619       7657   mem.o
       424        148        240         60      74205      10782   memp.o
       212         54          0          0          0      10827   netbuf.o
      1142        276          0          9          0      13698   netif.o
      3380        970          0          0          0      19630   pbuf.o
      1162        376          0         12          0      10557   port.o
      2176        342          0          0         80      14447   queue.o
      3602        450          0          4        112      42536   sockets.o
        36          8        428          0       1024        948   startup_stm32f429xx.o
       214         36          0          9          0       5039   stm32f4xx_hal.o
       298         22          0          0          0      30883   stm32f4xx_hal_cortex.o
      2856         50          0          0          0      14493   stm32f4xx_hal_eth.o
       936        102          0          0          0       3218   stm32f4xx_hal_gpio.o
       140         12          0          0          0       1276   stm32f4xx_hal_pwr_ex.o
      1732         84          0          0          0       5508   stm32f4xx_hal_rcc.o
      1308          8          0          0          0       3712   stm32f4xx_hal_uart.o
        68          0          0          0          0      10835   stm32f4xx_it.o
      1038        256         78         36         92      14321   sys_arch.o
       100         18         24          4          0     751247   system_stm32f4xx.o
      3338        886          0         60        740      28357   tasks.o
      6286       1752        197         32          0      38373   tcp.o
      6728       1270          0         40         16      20307   tcp_in.o
      7434       1944         85          0          0      31986   tcp_out.o
       700        220          0         16          0      10181   tcpip.o
       748        216         60         12          0       6835   timeouts.o
      2780        842          0          8          0      14396   udp.o

    ----------------------------------------------------------------------
     87324      18490       3808        524     165580    2163240   Object Totals
         0          0         32          0          0          0   (incl. Generated)
        90          0         23         17          6          0   (incl. Padding)

    ----------------------------------------------------------------------

      Code (inc. data)   RO Data    RW Data    ZI Data      Debug   Library Member Name

        86          0          0          0          0          0   __dczerorl2.o
         8          4        133          0          0         68   ctype_o.o
         0          0          0          0          0          0   entry.o
         0          0          0          0          0          0   entry10a.o
         0          0          0          0          0          0   entry11a.o
         4          0          0          0          0          0   entry12b.o
         8          4          0          0          0          0   entry2.o
         4          0          0          0          0          0   entry5.o
         0          0          0          0          0          0   entry7b.o
         0          0          0          0          0          0   entry8b.o
         8          4          0          0          0          0   entry9a.o
        30          0          0          0          0          0   handlers.o
        36          8          0          0          0         68   init.o
        30          0          0          0          0         68   llshl.o
        32          0          0          0          0         68   llushr.o
        26          0          0          0          0         80   memcmp.o
        64          0          0          0          0         76   memmovea.o
        36          0          0          0          0        108   memseta.o
      1192         60          0          0          0        504   printf8.o
        36         10          0          4          0        136   rand.o
         0          0          0          4          0          0   stdout.o
        14          0          0          0          0         68   strlen.o
        12          0          0          0          0         68   tolower.o
        98          0          0          0          0         92   uldiv.o

    ----------------------------------------------------------------------
      1732         90        136          8          0       1404   Library Totals
         8          0          3          0          0          0   (incl. Padding)

    ----------------------------------------------------------------------

      Code (inc. data)   RO Data    RW Data    ZI Data      Debug   Library Name

      1724         90        133          8          0       1404   mc_w.l

    ----------------------------------------------------------------------
      1732         90        136          8          0       1404   Library Totals

    ----------------------------------------------------------------------

==============================================================================


      Code (inc. data)   RO Data    RW Data    ZI Data      Debug   

     89056      18580       3944        532     165580    2113504   Grand Totals
     89056      18580       3944         84     165580    2113504   ELF Image Totals (compressed)
     89056      18580       3944         84          0          0   ROM Totals

==============================================================================

    Total RO  Size (Code + RO Data)                93000 (  90.82kB)
    Total RW  Size (RW Data + ZI Data)            166112 ( 162.22kB)
    Total ROM Size (Code + RO Data + RW Data)      93084 (  90.90kB)

==============================================================================

